Component: ARM Compiler 5.06 update 5 (build 528) Tool: armlink [4d35e2]

==============================================================================

Section Cross References

    startup_stm32f10x_md.o(STACK) refers (Special) to heapauxi.o(.text) for __use_two_region_memory
    startup_stm32f10x_md.o(HEAP) refers (Special) to heapauxi.o(.text) for __use_two_region_memory
    startup_stm32f10x_md.o(RESET) refers (Special) to heapauxi.o(.text) for __use_two_region_memory
    startup_stm32f10x_md.o(RESET) refers to startup_stm32f10x_md.o(STACK) for __initial_sp
    startup_stm32f10x_md.o(RESET) refers to startup_stm32f10x_md.o(.text) for Reset_Handler
    startup_stm32f10x_md.o(RESET) refers to stm32f10x_it.o(i.NMI_Handler) for NMI_Handler
    startup_stm32f10x_md.o(RESET) refers to stm32f10x_it.o(i.HardFault_Handler) for HardFault_Handler
    startup_stm32f10x_md.o(RESET) refers to stm32f10x_it.o(i.MemManage_Handler) for MemManage_Handler
    startup_stm32f10x_md.o(RESET) refers to stm32f10x_it.o(i.BusFault_Handler) for BusFault_Handler
    startup_stm32f10x_md.o(RESET) refers to stm32f10x_it.o(i.UsageFault_Handler) for UsageFault_Handler
    startup_stm32f10x_md.o(RESET) refers to stm32f10x_it.o(i.SVC_Handler) for SVC_Handler
    startup_stm32f10x_md.o(RESET) refers to stm32f10x_it.o(i.DebugMon_Handler) for DebugMon_Handler
    startup_stm32f10x_md.o(RESET) refers to stm32f10x_it.o(i.PendSV_Handler) for PendSV_Handler
    startup_stm32f10x_md.o(RESET) refers to stm32f10x_it.o(i.SysTick_Handler) for SysTick_Handler
    startup_stm32f10x_md.o(RESET) refers to timer.o(i.TIM2_IRQHandler) for TIM2_IRQHandler
    startup_stm32f10x_md.o(RESET) refers to serial.o(i.USART2_IRQHandler) for USART2_IRQHandler
    startup_stm32f10x_md.o(.text) refers (Special) to heapauxi.o(.text) for __use_two_region_memory
    startup_stm32f10x_md.o(.text) refers to system_stm32f10x.o(i.SystemInit) for SystemInit
    startup_stm32f10x_md.o(.text) refers to __main.o(!!!main) for __main
    startup_stm32f10x_md.o(.text) refers to startup_stm32f10x_md.o(HEAP) for Heap_Mem
    startup_stm32f10x_md.o(.text) refers to startup_stm32f10x_md.o(STACK) for Stack_Mem
    system_stm32f10x.o(i.SetSysClock) refers to system_stm32f10x.o(i.SetSysClockTo72) for SetSysClockTo72
    system_stm32f10x.o(i.SystemCoreClockUpdate) refers to system_stm32f10x.o(.data) for SystemCoreClock
    system_stm32f10x.o(i.SystemInit) refers to system_stm32f10x.o(i.SetSysClock) for SetSysClock
    stm32f10x_adc.o(i.ADC_DeInit) refers to stm32f10x_rcc.o(i.RCC_APB2PeriphResetCmd) for RCC_APB2PeriphResetCmd
    stm32f10x_bkp.o(i.BKP_DeInit) refers to stm32f10x_rcc.o(i.RCC_BackupResetCmd) for RCC_BackupResetCmd
    stm32f10x_can.o(i.CAN_DeInit) refers to stm32f10x_rcc.o(i.RCC_APB1PeriphResetCmd) for RCC_APB1PeriphResetCmd
    stm32f10x_can.o(i.CAN_GetITStatus) refers to stm32f10x_can.o(i.CheckITStatus) for CheckITStatus
    stm32f10x_cec.o(i.CEC_DeInit) refers to stm32f10x_rcc.o(i.RCC_APB1PeriphResetCmd) for RCC_APB1PeriphResetCmd
    stm32f10x_dac.o(i.DAC_DeInit) refers to stm32f10x_rcc.o(i.RCC_APB1PeriphResetCmd) for RCC_APB1PeriphResetCmd
    stm32f10x_flash.o(i.FLASH_EnableWriteProtection) refers to stm32f10x_flash.o(i.FLASH_WaitForLastOperation) for FLASH_WaitForLastOperation
    stm32f10x_flash.o(i.FLASH_EraseAllBank1Pages) refers to stm32f10x_flash.o(i.FLASH_WaitForLastBank1Operation) for FLASH_WaitForLastBank1Operation
    stm32f10x_flash.o(i.FLASH_EraseAllPages) refers to stm32f10x_flash.o(i.FLASH_WaitForLastOperation) for FLASH_WaitForLastOperation
    stm32f10x_flash.o(i.FLASH_EraseOptionBytes) refers to stm32f10x_flash.o(i.FLASH_GetReadOutProtectionStatus) for FLASH_GetReadOutProtectionStatus
    stm32f10x_flash.o(i.FLASH_EraseOptionBytes) refers to stm32f10x_flash.o(i.FLASH_WaitForLastOperation) for FLASH_WaitForLastOperation
    stm32f10x_flash.o(i.FLASH_ErasePage) refers to stm32f10x_flash.o(i.FLASH_WaitForLastOperation) for FLASH_WaitForLastOperation
    stm32f10x_flash.o(i.FLASH_ProgramHalfWord) refers to stm32f10x_flash.o(i.FLASH_WaitForLastOperation) for FLASH_WaitForLastOperation
    stm32f10x_flash.o(i.FLASH_ProgramOptionByteData) refers to stm32f10x_flash.o(i.FLASH_WaitForLastOperation) for FLASH_WaitForLastOperation
    stm32f10x_flash.o(i.FLASH_ProgramWord) refers to stm32f10x_flash.o(i.FLASH_WaitForLastOperation) for FLASH_WaitForLastOperation
    stm32f10x_flash.o(i.FLASH_ReadOutProtection) refers to stm32f10x_flash.o(i.FLASH_WaitForLastOperation) for FLASH_WaitForLastOperation
    stm32f10x_flash.o(i.FLASH_UserOptionByteConfig) refers to stm32f10x_flash.o(i.FLASH_WaitForLastOperation) for FLASH_WaitForLastOperation
    stm32f10x_flash.o(i.FLASH_WaitForLastBank1Operation) refers to stm32f10x_flash.o(i.FLASH_GetBank1Status) for FLASH_GetBank1Status
    stm32f10x_flash.o(i.FLASH_WaitForLastOperation) refers to stm32f10x_flash.o(i.FLASH_GetBank1Status) for FLASH_GetBank1Status
[...]
    __rt_lib_init_argv_1                     0x0800020f   Thumb Code     0  libinit2.o(.ARM.Collect$$libinit$$0000002C)
    __rt_lib_init_atexit_1                   0x0800020f   Thumb Code     0  libinit2.o(.ARM.Collect$$libinit$$0000001B)
    __rt_lib_init_clock_1                    0x0800020f   Thumb Code     0  libinit2.o(.ARM.Collect$$libinit$$00000021)
    __rt_lib_init_cpp_1                      0x0800020f   Thumb Code     0  libinit2.o(.ARM.Collect$$libinit$$00000032)
    __rt_lib_init_exceptions_1               0x0800020f   Thumb Code     0  libinit2.o(.ARM.Collect$$libinit$$00000030)
    __rt_lib_init_fp_trap_1                  0x0800020f   Thumb Code     0  libinit2.o(.ARM.Collect$$libinit$$0000001F)
    __rt_lib_init_getenv_1                   0x0800020f   Thumb Code     0  libinit2.o(.ARM.Collect$$libinit$$00000023)
    __rt_lib_init_lc_numeric_1               0x0800020f   Thumb Code     0  libinit2.o(.ARM.Collect$$libinit$$00000017)
    __rt_lib_init_lc_time_1                  0x0800020f   Thumb Code     0  libinit2.o(.ARM.Collect$$libinit$$00000019)
    __rt_lib_init_return                     0x0800020f   Thumb Code     0  libinit2.o(.ARM.Collect$$libinit$$00000033)
    __rt_lib_init_signal_1                   0x0800020f   Thumb Code     0  libinit2.o(.ARM.Collect$$libinit$$0000001D)
    __rt_lib_init_stdio_1                    0x0800020f   Thumb Code     0  libinit2.o(.ARM.Collect$$libinit$$00000025)
    __rt_lib_shutdown                        0x08000211   Thumb Code     0  libshutdown.o(.ARM.Collect$$libshutdown$$00000000)
    __rt_lib_shutdown_cpp_1                  0x08000213   Thumb Code     0  libshutdown2.o(.ARM.Collect$$libshutdown$$00000002)
    __rt_lib_shutdown_fp_trap_1              0x08000213   Thumb Code     0  libshutdown2.o(.ARM.Collect$$libshutdown$$00000007)
    __rt_lib_shutdown_heap_1                 0x08000213   Thumb Code     0  libshutdown2.o(.ARM.Collect$$libshutdown$$0000000F)
    __rt_lib_shutdown_return                 0x08000213   Thumb Code     0  libshutdown2.o(.ARM.Collect$$libshutdown$$00000010)
    __rt_lib_shutdown_signal_1               0x08000213   Thumb Code     0  libshutdown2.o(.ARM.Collect$$libshutdown$$0000000A)
    __rt_lib_shutdown_stdio_1                0x08000213   Thumb Code     0  libshutdown2.o(.ARM.Collect$$libshutdown$$00000004)
    __rt_lib_shutdown_user_alloc_1           0x08000213   Thumb Code     0  libshutdown2.o(.ARM.Collect$$libshutdown$$0000000C)
    __rt_entry                               0x08000215   Thumb Code     0  __rtentry.o(.ARM.Collect$$rtentry$$00000000)
    __rt_entry_presh_1                       0x08000215   Thumb Code     0  __rtentry2.o(.ARM.Collect$$rtentry$$00000002)
    __rt_entry_sh                            0x08000215   Thumb Code     0  __rtentry4.o(.ARM.Collect$$rtentry$$00000004)
    __rt_entry_li                            0x0800021b   Thumb Code     0  __rtentry2.o(.ARM.Collect$$rtentry$$0000000A)
    __rt_entry_postsh_1                      0x0800021b   Thumb Code     0  __rtentry2.o(.ARM.Collect$$rtentry$$00000009)
    __rt_entry_main                          0x0800021f   Thumb Code     0  __rtentry2.o(.ARM.Collect$$rtentry$$0000000D)
    __rt_entry_postli_1                      0x0800021f   Thumb Code     0  __rtentry2.o(.ARM.Collect$$rtentry$$0000000C)
    __rt_exit                                0x08000227   Thumb Code     0  rtexit.o(.ARM.Collect$$rtexit$$00000000)
    __rt_exit_ls                             0x08000229   Thumb Code     0  rtexit2.o(.ARM.Collect$$rtexit$$00000003)
    __rt_exit_prels_1                        0x08000229   Thumb Code     0  rtexit2.o(.ARM.Collect$$rtexit$$00000002)
    __rt_exit_exit                           0x0800022d   Thumb Code     0  rtexit2.o(.ARM.Collect$$rtexit$$00000004)
    Reset_Handler                            0x08000235   Thumb Code     8  startup_stm32f10x_md.o(.text)
    ADC1_2_IRQHandler                        0x0800024f   Thumb Code     0  startup_stm32f10x_md.o(.text)
    CAN1_RX1_IRQHandler                      0x0800024f   Thumb Code     0  startup_stm32f10x_md.o(.text)
    CAN1_SCE_IRQHandler                      0x0800024f   Thumb Code     0  startup_stm32f10x_md.o(.text)
    DMA1_Channel1_IRQHandler                 0x0800024f   Thumb Code     0  startup_stm32f10x_md.o(.text)
    DMA1_Channel2_IRQHandler                 0x0800024f   Thumb Code     0  startup_stm32f10x_md.o(.text)
    DMA1_Channel3_IRQHandler                 0x0800024f   Thumb Code     0  startup_stm32f10x_md.o(.text)
    DMA1_Channel4_IRQHandler                 0x0800024f   Thumb Code     0  startup_stm32f10x_md.o(.text)
    DMA1_Channel5_IRQHandler                 0x0800024f   Thumb Code     0  startup_stm32f10x_md.o(.text)
    DMA1_Channel6_IRQHandler                 0x0800024f   Thumb Code     0  startup_stm32f10x_md.o(.text)
    DMA1_Channel7_IRQHandler                 0x0800024f   Thumb Code     0  startup_stm32f10x_md.o(.text)
    EXTI0_IRQHandler                         0x0800024f   Thumb Code     0  startup_stm32f10x_md.o(.text)
    EXTI15_10_IRQHandler                     0x0800024f   Thumb Code     0  startup_stm32f10x_md.o(.text)
    EXTI1_IRQHandler                         0x0800024f   Thumb Code     0  startup_stm32f10x_md.o(.text)
    EXTI2_IRQHandler                         0x0800024f   Thumb Code     0  startup_stm32f10x_md.o(.text)
    EXTI3_IRQHandler                         0x0800024f   Thumb Code     0  startup_stm32f10x_md.o(.text)
    EXTI4_IRQHandler                         0x0800024f   Thumb Code     0  startup_stm32f10x_md.o(.text)
    EXTI9_5_IRQHandler                       0x0800024f   Thumb Code     0  startup_stm32f10x_md.o(.text)
    FLASH_IRQHandler                         0x0800024f   Thumb Code     0  startup_stm32f10x_md.o(.text)
    I2C1_ER_IRQHandler                       0x0800024f   Thumb Code     0  startup_stm32f10x_md.o(.text)
    I2C1_EV_IRQHandler                       0x0800024f   Thumb Code     0  startup_stm32f10x_md.o(.text)
    I2C2_ER_IRQHandler                       0x0800024f   Thumb Code     0  startup_stm32f10x_md.o(.text)
    I2C2_EV_IRQHandler                       0x0800024f   Thumb Code     0  startup_stm32f10x_md.o(.text)
    PVD_IRQHandler                           0x0800024f   Thumb Code     0  startup_stm32f10x_md.o(.text)
    RCC_IRQHandler                           0x0800024f   Thumb Code     0  startup_stm32f10x_md.o(.text)
    RTCAlarm_IRQHandler                      0x0800024f   Thumb Code     0  startup_stm32f10x_md.o(.text)
    RTC_IRQHandler                           0x0800024f   Thumb Code     0  startup_stm32f10x_md.o(.text)
    SPI1_IRQHandler                          0x0800024f   Thumb Code     0  startup_stm32f10x_md.o(.text)
    SPI2_IRQHandler                          0x0800024f   Thumb Code     0  startup_stm32f10x_md.o(.text)
    TAMPER_IRQHandler                        0x0800024f   Thumb Code     0  startup_stm32f10x_md.o(.text)
    TIM1_BRK_IRQHandler                      0x0800024f   Thumb Code     0  startup_stm32f10x_md.o(.text)
    TIM1_CC_IRQHandler                       0x0800024f   Thumb Code     0  startup_stm32f10x_md.o(.text)
    TIM1_TRG_COM_IRQHandler                  0x0800024f   Thumb Code     0  startup_stm32f10x_md.o(.text)
    TIM1_UP_IRQHandler                       0x0800024f   Thumb Code     0  startup_stm32f10x_md.o(.text)
    TIM3_IRQHandler                          0x0800024f   Thumb Code     0  startup_stm32f10x_md.o(.text)
    TIM4_IRQHandler                          0x0800024f   Thumb Code     0  startup_stm32f10x_md.o(.text)
    USART1_IRQHandler                        0x0800024f   Thumb Code     0  startup_stm32f10x_md.o(.text)
    USART3_IRQHandler                        0x0800024f   Thumb Code     0  startup_stm32f10x_md.o(.text)
    USBWakeUp_IRQHandler                     0x0800024f   Thumb Code     0  startup_stm32f10x_md.o(.text)
    USB_HP_CAN1_TX_IRQHandler                0x0800024f   Thumb Code     0  startup_stm32f10x_md.o(.text)
    USB_LP_CAN1_RX0_IRQHandler               0x0800024f   Thumb Code     0  startup_stm32f10x_md.o(.text)
    WWDG_IRQHandler                          0x0800024f   Thumb Code     0  startup_stm32f10x_md.o(.text)
    __user_initial_stackheap                 0x08000251   Thumb Code     0  startup_stm32f10x_md.o(.text)
    vsprintf                                 0x08000275   Thumb Code    32  vsprintf.o(.text)
    strcmp                                   0x08000299   Thumb Code   128  strcmpv7m.o(.text)
    __use_two_region_memory                  0x08000319   Thumb Code     2  heapauxi.o(.text)
    __rt_heap_escrow$2region                 0x0800031b   Thumb Code     2  heapauxi.o(.text)
    __rt_heap_expand$2region                 0x0800031d   Thumb Code     2  heapauxi.o(.text)
    __read_errno                             0x0800031f   Thumb Code    10  _rserrno.o(.text)
    __set_errno                              0x08000329   Thumb Code    12  _rserrno.o(.text)
    _printf_pre_padding                      0x08000335   Thumb Code    44  _printf_pad.o(.text)
    _printf_post_padding                     0x08000361   Thumb Code    34  _printf_pad.o(.text)
    _printf_truncate_signed                  0x08000383   Thumb Code    18  _printf_truncate.o(.text)
    _printf_truncate_unsigned                0x08000395   Thumb Code    18  _printf_truncate.o(.text)
    _printf_str                              0x080003a7   Thumb Code    82  _printf_str.o(.text)
    _printf_int_dec                          0x080003f9   Thumb Code   104  _printf_dec.o(.text)
    _printf_charcount                        0x08000471   Thumb Code    40  _printf_charcount.o(.text)
    _printf_char_common                      0x080004a3   Thumb Code    32  _printf_char_common.o(.text)
    _sputc                                   0x080004c9   Thumb Code    10  _sputc.o(.text)
    _printf_wctomb                           0x080004d5   Thumb Code   182  _printf_wctomb.o(.text)
    _printf_longlong_dec                     0x08000591   Thumb Code   108  _printf_longlong_dec.o(.text)
    _printf_longlong_oct                     0x0800060d   Thumb Code    66  _printf_oct_int_ll.o(.text)
    _printf_int_oct                          0x0800064f   Thumb Code    24  _printf_oct_int_ll.o(.text)
    _printf_ll_oct                           0x08000667   Thumb Code    12  _printf_oct_int_ll.o(.text)
    _printf_longlong_hex                     0x0800067d   Thumb Code    86  _printf_hex_int_ll_ptr.o(.text)
    _printf_int_hex                          0x080006d3   Thumb Code    28  _printf_hex_int_ll_ptr.o(.text)
    _printf_ll_hex                           0x080006ef   Thumb Code    12  _printf_hex_int_ll_ptr.o(.text)
    _printf_hex_ptr                          0x080006fb   Thumb Code    18  _printf_hex_int_ll_ptr.o(.text)
    __printf                                 0x08000711   Thumb Code   388  __printf_flags_ss_wp.o(.text)
    __aeabi_errno_addr                       0x08000899   Thumb Code     8  rt_errno_addr_intlibspace.o(.text)
    __errno$intlibspace                      0x08000899   Thumb Code     0  rt_errno_addr_intlibspace.o(.text)
    __rt_errno_addr$intlibspace              0x08000899   Thumb Code     0  rt_errno_addr_intlibspace.o(.text)
    _ll_udiv10                               0x080008a1   Thumb Code   138  lludiv10.o(.text)
    _printf_int_common                       0x0800092b   Thumb Code   178  _printf_intcommon.o(.text)
    __lib_sel_fp_printf                      0x080009dd   Thumb Code     2  _printf_fp_dec.o(.text)
    _printf_fp_dec_real                      0x08000b8f   Thumb Code   620  _printf_fp_dec.o(.text)
    _printf_fp_hex_real                      0x08000dfd   Thumb Code   756  _printf_fp_hex.o(.text)
    _printf_cs_common                        0x080010f9   Thumb Code    20  _printf_char.o(.text)
    _printf_char                             0x0800110d   Thumb Code    16  _printf_char.o(.text)
    _printf_string                           0x0800111d   Thumb Code     8  _printf_char.o(.text)
    _printf_lcs_common                       0x08001125   Thumb Code    20  _printf_wchar.o(.text)
    _printf_wchar                            0x08001139   Thumb Code    16  _printf_wchar.o(.text)
    _printf_wstring                          0x08001149   Thumb Code     8  _printf_wchar.o(.text)
    _wcrtomb                                 0x08001151   Thumb Code    64  _wcrtomb.o(.text)
    __user_libspace                          0x08001191   Thumb Code     8  libspace.o(.text)
    __user_perproc_libspace                  0x08001191   Thumb Code     0  libspace.o(.text)
    __user_perthread_libspace                0x08001191   Thumb Code     0  libspace.o(.text)
    __user_setup_stackheap                   0x08001199   Thumb Code    74  sys_stackheap_outer.o(.text)
    __rt_ctype_table                         0x080011e5   Thumb Code    16  rt_ctype_table.o(.text)
    __rt_locale                              0x080011f5   Thumb Code     8  rt_locale_intlibspace.o(.text)
    _printf_fp_infnan                        0x080011fd   Thumb Code   112  _printf_fp_infnan.o(.text)
    _btod_etento                             0x0800127d   Thumb Code   224  bigflt0.o(.text)
    exit                                     0x08001361   Thumb Code    18  exit.o(.text)
    _sys_exit                                0x08001375   Thumb Code     8  sys_exit.o(.text)
    __I$use$semihosting                      0x08001381   Thumb Code     0  use_no_semi.o(.text)
    __use_no_semihosting_swi                 0x08001381   Thumb Code     2  use_no_semi.o(.text)
    __semihosting_library_function           0x08001383   Thumb Code     0  indicate_semi.o(.text)
    _btod_d2e                                0x08001383   Thumb Code    62  btod.o(CL$$btod_d2e)
    _d2e_denorm_low                          0x080013c1   Thumb Code    70  btod.o(CL$$btod_d2e_denorm_low)
    _d2e_norm_op1                            0x08001407   Thumb Code    96  btod.o(CL$$btod_d2e_norm_op1)
    __btod_div_common                        0x08001467   Thumb Code   696  btod.o(CL$$btod_div_common)
    _e2e                                     0x0800179f   Thumb Code   220  btod.o(CL$$btod_e2e)
    _btod_ediv                               0x0800187b   Thumb Code    42  btod.o(CL$$btod_ediv)
    _btod_emul                               0x080018a5   Thumb Code    42  btod.o(CL$$btod_emul)
    __btod_mult_common                       0x080018cf   Thumb Code   580  btod.o(CL$$btod_mult_common)
    ADCDeal                                  0x08001b15   Thumb Code   130  main.o(i.ADCDeal)
    ADC_Cmd                                  0x08001bad   Thumb Code    22  stm32f10x_adc.o(i.ADC_Cmd)
    ADC_GetCalibrationStatus                 0x08001bc3   Thumb Code    20  stm32f10x_adc.o(i.ADC_GetCalibrationStatus)
    ADC_GetConversionValue                   0x08001bd7   Thumb Code     8  stm32f10x_adc.o(i.ADC_GetConversionValue)
    ADC_GetFlagStatus                        0x08001bdf   Thumb Code    18  stm32f10x_adc.o(i.ADC_GetFlagStatus)
    ADC_GetResetCalibrationStatus            0x08001bf1   Thumb Code    20  stm32f10x_adc.o(i.ADC_GetResetCalibrationStatus)
    ADC_Init                                 0x08001c05   Thumb Code    70  stm32f10x_adc.o(i.ADC_Init)
    ADC_RegularChannelConfig                 0x08001c55   Thumb Code   184  stm32f10x_adc.o(i.ADC_RegularChannelConfig)
    ADC_ResetCalibration                     0x08001d0d   Thumb Code    10  stm32f10x_adc.o(i.ADC_ResetCalibration)
    ADC_SoftwareStartConvCmd                 0x08001d17   Thumb Code    22  stm32f10x_adc.o(i.ADC_SoftwareStartConvCmd)
    ADC_StartCalibration                     0x08001d2d   Thumb Code    10  stm32f10x_adc.o(i.ADC_StartCalibration)
    AS5600_GetData                           0x08001d37   Thumb Code    50  as5600.o(i.AS5600_GetData)
    AS5600_Init                              0x08001d69   Thumb Code     8  as5600.o(i.AS5600_Init)
    AS5600_ReadReg                           0x08001d71   Thumb Code    62  as5600.o(i.AS5600_ReadReg)
    Angle_Control                            0x08001db1   Thumb Code   160  control.o(i.Angle_Control)
    Bsw_Init                                 0x08001e61   Thumb Code    42  main.o(i.Bsw_Init)
    BusFault_Handler                         0x08001e91   Thumb Code     4  stm32f10x_it.o(i.BusFault_Handler)
    DebugMon_Handler                         0x08001e95   Thumb Code     2  stm32f10x_it.o(i.DebugMon_Handler)
    Delay_ms                                 0x08001e97   Thumb Code    24  delay.o(i.Delay_ms)
    Delay_us                                 0x08001eaf   Thumb Code    46  delay.o(i.Delay_us)
    FOCPARAM_init                            0x08001edd   Thumb Code    66  focparam.o(i.FOCPARAM_init)
    FOC_AS5600_Init                          0x08001f35   Thumb Code    66  foc.o(i.FOC_AS5600_Init)
    FOC_Init                                 0x08001f85   Thumb Code    22  foc.o(i.FOC_Init)
    GPIO_Init                                0x08001fa1   Thumb Code   278  stm32f10x_gpio.o(i.GPIO_Init)
    GPIO_ReadInputDataBit                    0x080020b7   Thumb Code    18  stm32f10x_gpio.o(i.GPIO_ReadInputDataBit)
    GPIO_ResetBits                           0x080020c9   Thumb Code     4  stm32f10x_gpio.o(i.GPIO_ResetBits)
    GPIO_SetBits                             0x080020cd   Thumb Code     4  stm32f10x_gpio.o(i.GPIO_SetBits)
    GPIO_WriteBit                            0x080020d1   Thumb Code    10  stm32f10x_gpio.o(i.GPIO_WriteBit)
    HardFault_Handler                        0x080020db   Thumb Code     4  stm32f10x_it.o(i.HardFault_Handler)
    KEY_GetValue                             0x080020e1   Thumb Code   104  rp.o(i.KEY_GetValue)
    KeyDeal                                  0x0800214d   Thumb Code   666  main.o(i.KeyDeal)
    Key_GetCH                                0x0800242d   Thumb Code    72  key.o(i.Key_GetCH)
    Key_GetState                             0x08002475   Thumb Code   190  key.o(i.Key_GetState)
    Key_Tick                                 0x08002539   Thumb Code   148  key.o(i.Key_Tick)
    LEDDeal                                  0x080025e9   Thumb Code    24  main.o(i.LEDDeal)
    LED_Init                                 0x08002605   Thumb Code    82  led.o(i.LED_Init)
    LED_OFF                                  0x08002661   Thumb Code    14  led.o(i.LED_OFF)
    LED_ON                                   0x08002675   Thumb Code    14  led.o(i.LED_ON)
    LOWPass_Filter                           0x08002689   Thumb Code    80  dataif.o(i.LOWPass_Filter)
    MBDSV_APIIN                              0x080026dd   Thumb Code    34  dataif.o(i.MBDSV_APIIN)
    MOTOR_OFF                                0x08002719   Thumb Code    14  led.o(i.MOTOR_OFF)
    MOTOR_ON                                 0x0800272d   Thumb Code    14  led.o(i.MOTOR_ON)
    MemManage_Handler                        0x08002741   Thumb Code     4  stm32f10x_it.o(i.MemManage_Handler)
    MyI2C_Init                               0x08002745   Thumb Code    50  as5600.o(i.MyI2C_Init)
    MyI2C_R_SDA                              0x0800277d   Thumb Code    24  as5600.o(i.MyI2C_R_SDA)
    MyI2C_ReceiveAck                         0x08002799   Thumb Code    30  as5600.o(i.MyI2C_ReceiveAck)
    MyI2C_ReceiveByte                        0x080027b7   Thumb Code    52  as5600.o(i.MyI2C_ReceiveByte)
    MyI2C_SendAck                            0x080027eb   Thumb Code    24  as5600.o(i.MyI2C_SendAck)
    MyI2C_SendByte                           0x08002803   Thumb Code    42  as5600.o(i.MyI2C_SendByte)
    MyI2C_Start                              0x0800282d   Thumb Code    28  as5600.o(i.MyI2C_Start)
    MyI2C_Stop                               0x08002849   Thumb Code    22  as5600.o(i.MyI2C_Stop)
    MyI2C_W_SCL                              0x08002861   Thumb Code    24  as5600.o(i.MyI2C_W_SCL)
    MyI2C_W_SDA                              0x0800287d   Thumb Code    24  as5600.o(i.MyI2C_W_SDA)
    NMI_Handler                              0x08002899   Thumb Code     2  stm32f10x_it.o(i.NMI_Handler)
    NVIC_Config                              0x0800289b   Thumb Code    40  sys.o(i.NVIC_Config)
    NVIC_Init                                0x080028c5   Thumb Code   100  misc.o(i.NVIC_Init)
    NVIC_PriorityGroupConfig                 0x08002935   Thumb Code    10  misc.o(i.NVIC_PriorityGroupConfig)
    OLEDDeal                                 0x08002949   Thumb Code   396  main.o(i.OLEDDeal)
    OLED_Clear                               0x08002ba5   Thumb Code    36  oled.o(i.OLED_Clear)
    OLED_ClearArea                           0x08002bcd   Thumb Code   140  oled.o(i.OLED_ClearArea)
    OLED_GPIO_Init                           0x08002c5d   Thumb Code    92  oled.o(i.OLED_GPIO_Init)
    OLED_I2C_SendByte                        0x08002cbd   Thumb Code    62  oled.o(i.OLED_I2C_SendByte)
    OLED_I2C_Start                           0x08002cfb   Thumb Code    28  oled.o(i.OLED_I2C_Start)
    OLED_I2C_Stop                            0x08002d17   Thumb Code    22  oled.o(i.OLED_I2C_Stop)
    OLED_Init                                0x08002d2d   Thumb Code   154  oled.o(i.OLED_Init)
    OLED_Printf                              0x08002dc7   Thumb Code    50  oled.o(i.OLED_Printf)
    OLED_SetCursor                           0x08002df9   Thumb Code    34  oled.o(i.OLED_SetCursor)
    OLED_ShowChar                            0x08002e1d   Thumb Code    74  oled.o(i.OLED_ShowChar)
    OLED_ShowImage                           0x08002e71   Thumb Code   248  oled.o(i.OLED_ShowImage)
    OLED_ShowString                          0x08002f6d   Thumb Code   442  oled.o(i.OLED_ShowString)
    OLED_Update                              0x08003131   Thumb Code    36  oled.o(i.OLED_Update)
    OLED_W_SCL                               0x08003159   Thumb Code    18  oled.o(i.OLED_W_SCL)
    OLED_W_SDA                               0x08003171   Thumb Code    18  oled.o(i.OLED_W_SDA)
    OLED_WriteCommand                        0x08003189   Thumb Code    32  oled.o(i.OLED_WriteCommand)
    OLED_WriteData                           0x080031a9   Thumb Code    46  oled.o(i.OLED_WriteData)
    PID_init                                 0x080031d9   Thumb Code    74  focparam.o(i.PID_init)
    PWMFOC_Init                              0x0800323d   Thumb Code   188  pwm.o(i.PWMFOC_Init)
    PWM_SetCompare1                          0x08003301   Thumb Code    14  pwm.o(i.PWM_SetCompare1)
    PWM_SetCompare2                          0x08003315   Thumb Code    14  pwm.o(i.PWM_SetCompare2)
    PWM_SetCompare3                          0x08003329   Thumb Code    14  pwm.o(i.PWM_SetCompare3)
    PendSV_Handler                           0x0800333d   Thumb Code     2  stm32f10x_it.o(i.PendSV_Handler)
    RCC_ADCCLKConfig                         0x08003341   Thumb Code    18  stm32f10x_rcc.o(i.RCC_ADCCLKConfig)
    RCC_APB1PeriphClockCmd                   0x08003359   Thumb Code    26  stm32f10x_rcc.o(i.RCC_APB1PeriphClockCmd)
    RCC_APB2PeriphClockCmd                   0x08003379   Thumb Code    26  stm32f10x_rcc.o(i.RCC_APB2PeriphClockCmd)
    RCC_GetClocksFreq                        0x08003399   Thumb Code   192  stm32f10x_rcc.o(i.RCC_GetClocksFreq)
    RP_GetValue                              0x0800346d   Thumb Code    86  rp.o(i.RP_GetValue)
    RP_Init                                  0x080034c9   Thumb Code   158  rp.o(i.RP_Init)
    SVC_Handler                              0x08003575   Thumb Code     2  stm32f10x_it.o(i.SVC_Handler)
    SVPWMPARAM_init                          0x08003579   Thumb Code    40  focparam.o(i.SVPWMPARAM_init)
    SVPWM_Generate                           0x080035a5   Thumb Code  1624  foc.o(i.SVPWM_Generate)
    Serial_Init                              0x08003c01   Thumb Code   134  serial.o(i.Serial_Init)
    Serial_Printf                            0x08003c91   Thumb Code    36  serial.o(i.Serial_Printf)
    Serial_SendByte                          0x08003cb5   Thumb Code    28  serial.o(i.Serial_SendByte)
    Serial_SendString                        0x08003cd5   Thumb Code    26  serial.o(i.Serial_SendString)
    Set_Angle                                0x08003dd9   Thumb Code   170  foc.o(i.Set_Angle)
    Set_Speed                                0x08003ea5   Thumb Code    80  foc.o(i.Set_Speed)
    Speed_Control                            0x08003f05   Thumb Code   140  control.o(i.Speed_Control)
    SysTick_Handler                          0x08003f9d   Thumb Code     2  stm32f10x_it.o(i.SysTick_Handler)
    SystemInit                               0x08003fa1   Thumb Code    78  system_stm32f10x.o(i.SystemInit)
    TIM2_IRQHandler                          0x08004001   Thumb Code   100  timer.o(i.TIM2_IRQHandler)
    TIM_ARRPreloadConfig                     0x08004075   Thumb Code    24  stm32f10x_tim.o(i.TIM_ARRPreloadConfig)
    TIM_ClearFlag                            0x0800408d   Thumb Code     6  stm32f10x_tim.o(i.TIM_ClearFlag)
    TIM_ClearITPendingBit                    0x08004093   Thumb Code     6  stm32f10x_tim.o(i.TIM_ClearITPendingBit)
    TIM_Cmd                                  0x08004099   Thumb Code    24  stm32f10x_tim.o(i.TIM_Cmd)
    TIM_CtrlPWMOutputs                       0x080040b1   Thumb Code    30  stm32f10x_tim.o(i.TIM_CtrlPWMOutputs)
    TIM_GetITStatus                          0x080040cf   Thumb Code    34  stm32f10x_tim.o(i.TIM_GetITStatus)
    TIM_ITConfig                             0x080040f1   Thumb Code    18  stm32f10x_tim.o(i.TIM_ITConfig)
    TIM_InternalClockConfig                  0x08004103   Thumb Code    12  stm32f10x_tim.o(i.TIM_InternalClockConfig)
    TIM_OC1Init                              0x08004111   Thumb Code   132  stm32f10x_tim.o(i.TIM_OC1Init)
    TIM_OC1PreloadConfig                     0x080041a9   Thumb Code    18  stm32f10x_tim.o(i.TIM_OC1PreloadConfig)
    TIM_OC2Init                              0x080041bd   Thumb Code   154  stm32f10x_tim.o(i.TIM_OC2Init)
    TIM_OC2PreloadConfig                     0x08004261   Thumb Code    26  stm32f10x_tim.o(i.TIM_OC2PreloadConfig)
    TIM_OC3Init                              0x0800427d   Thumb Code   150  stm32f10x_tim.o(i.TIM_OC3Init)
    TIM_OC3PreloadConfig                     0x0800431d   Thumb Code    18  stm32f10x_tim.o(i.TIM_OC3PreloadConfig)
    TIM_SetCompare1                          0x0800432f   Thumb Code     4  stm32f10x_tim.o(i.TIM_SetCompare1)
    TIM_SetCompare2                          0x08004333   Thumb Code     4  stm32f10x_tim.o(i.TIM_SetCompare2)
    TIM_SetCompare3                          0x08004337   Thumb Code     4  stm32f10x_tim.o(i.TIM_SetCompare3)
    TIM_TimeBaseInit                         0x0800433d   Thumb Code   122  stm32f10x_tim.o(i.TIM_TimeBaseInit)
    Timer_Init                               0x080043e1   Thumb Code   116  timer.o(i.Timer_Init)
    USART2_IRQHandler                        0x08004455   Thumb Code    44  serial.o(i.USART2_IRQHandler)
    USART_ClearITPendingBit                  0x0800448d   Thumb Code    30  stm32f10x_usart.o(i.USART_ClearITPendingBit)
    USART_Cmd                                0x080044ab   Thumb Code    24  stm32f10x_usart.o(i.USART_Cmd)
    USART_GetFlagStatus                      0x080044c3   Thumb Code    26  stm32f10x_usart.o(i.USART_GetFlagStatus)
    USART_GetITStatus                        0x080044dd   Thumb Code    84  stm32f10x_usart.o(i.USART_GetITStatus)
    USART_ITConfig                           0x08004531   Thumb Code    74  stm32f10x_usart.o(i.USART_ITConfig)
    USART_Init                               0x0800457d   Thumb Code   210  stm32f10x_usart.o(i.USART_Init)
    USART_ReceiveData                        0x08004655   Thumb Code    10  stm32f10x_usart.o(i.USART_ReceiveData)
    USART_SendData                           0x0800465f   Thumb Code     8  stm32f10x_usart.o(i.USART_SendData)
    UsageFault_Handler                       0x08004667   Thumb Code     4  stm32f10x_it.o(i.UsageFault_Handler)
    UsartDeal                                0x0800466d   Thumb Code    80  main.o(i.UsartDeal)
    XianFu                                   0x080046d1   Thumb Code    86  control.o(i.XianFu)
    __ARM_fpclassify                         0x08004735   Thumb Code    40  fpclassify.o(i.__ARM_fpclassify)
    __ieee754_rem_pio2                       0x0800475d   Thumb Code   828  rred.o(i.__ieee754_rem_pio2)
    __kernel_cos                             0x08004ae5   Thumb Code   230  cos_i.o(i.__kernel_cos)
    __kernel_poly                            0x08004be1   Thumb Code   170  poly.o(i.__kernel_poly)
    __kernel_sin                             0x08004c8d   Thumb Code   224  sin_i.o(i.__kernel_sin)
    __mathlib_dbl_infnan                     0x08004d79   Thumb Code     6  dunder.o(i.__mathlib_dbl_infnan)
    __mathlib_dbl_invalid                    0x08004d7f   Thumb Code    12  dunder.o(i.__mathlib_dbl_invalid)
    __mathlib_dbl_underflow                  0x08004d8d   Thumb Code    10  dunder.o(i.__mathlib_dbl_underflow)
    _electricalAngle                         0x08004d9d   Thumb Code    56  foc.o(i._electricalAngle)
    _is_digit                                0x08004dd9   Thumb Code    14  __printf_wp.o(i._is_digit)
    _normalizeAngle                          0x08004de9   Thumb Code    74  foc.o(i._normalizeAngle)
    cos                                      0x08004e3d   Thumb Code   148  cos.o(i.cos)
    fmod                                     0x08004ed9   Thumb Code   144  fmod.o(i.fmod)
    get_Angle                                0x08004f6d   Thumb Code   116  as5600.o(i.get_Angle)
    get_Angle_2PI                            0x08004ff1   Thumb Code    44  as5600.o(i.get_Angle_2PI)
    get_Speed                                0x0800502d   Thumb Code   112  as5600.o(i.get_Speed)
    main                                     0x080050b5   Thumb Code    36  main.o(i.main)
    round_float_5dec                         0x080050d9   Thumb Code    50  foc.o(i.round_float_5dec)
    setPWM                                   0x08005111   Thumb Code   390  foc.o(i.setPWM)
    setTorque                                0x080052a1   Thumb Code   468  foc.o(i.setTorque)
    sin                                      0x0800547d   Thumb Code   150  sin.o(i.sin)
    sqrt                                     0x0800551d   Thumb Code    76  sqrt.o(i.sqrt)
    svpwm_V_step                             0x08005569   Thumb Code   702  svpwm_v.o(i.svpwm_V_step)
    task_10ms                                0x08005855   Thumb Code   180  main.o(i.task_10ms)
    _get_lc_numeric                          0x08005931   Thumb Code    44  lc_numeric_c.o(locale$$code)
    _get_lc_ctype                            0x0800595d   Thumb Code    44  lc_ctype_c.o(locale$$code)
    __aeabi_d2f                              0x08005989   Thumb Code     0  d2f.o(x$fpl$d2f)
    _d2f                                     0x08005989   Thumb Code    98  d2f.o(x$fpl$d2f)
    __aeabi_dadd                             0x080059ed   Thumb Code     0  daddsub_clz.o(x$fpl$dadd)
    _dadd                                    0x080059ed   Thumb Code   332  daddsub_clz.o(x$fpl$dadd)
    __fpl_dcheck_NaN1                        0x08005b3d   Thumb Code    10  dcheck1.o(x$fpl$dcheck1)
    __fpl_dcmp_Inf                           0x08005b4d   Thumb Code    24  dcmpi.o(x$fpl$dcmpinf)
    __aeabi_ddiv                             0x08005b65   Thumb Code     0  ddiv.o(x$fpl$ddiv)
    _ddiv                                    0x08005b65   Thumb Code   552  ddiv.o(x$fpl$ddiv)
    __aeabi_d2iz                             0x08005e15   Thumb Code     0  dfix.o(x$fpl$dfix)
    _dfix                                    0x08005e15   Thumb Code    94  dfix.o(x$fpl$dfix)
    __aeabi_i2d                              0x08005e73   Thumb Code     0  dflt_clz.o(x$fpl$dflt)
    _dflt                                    0x08005e73   Thumb Code    46  dflt_clz.o(x$fpl$dflt)
    __aeabi_ui2d                             0x08005ea1   Thumb Code     0  dflt_clz.o(x$fpl$dfltu)
    _dfltu                                   0x08005ea1   Thumb Code    38  dflt_clz.o(x$fpl$dfltu)
    __aeabi_cdcmple                          0x08005ec9   Thumb Code     0  dleqf.o(x$fpl$dleqf)
    _dcmple                                  0x08005ec9   Thumb Code   120  dleqf.o(x$fpl$dleqf)
    __fpl_dcmple_InfNaN                      0x08005f2b   Thumb Code     0  dleqf.o(x$fpl$dleqf)
    __aeabi_dmul                             0x08005f41   Thumb Code     0  dmul.o(x$fpl$dmul)
    _dmul                                    0x08005f41   Thumb Code   332  dmul.o(x$fpl$dmul)
    __fpl_dnaninf                            0x08006095   Thumb Code   156  dnaninf.o(x$fpl$dnaninf)
    _drem                                    0x08006131   Thumb Code   328  drem_clz.o(x$fpl$drem)
    __fpl_dretinf                            0x08006281   Thumb Code    12  dretinf.o(x$fpl$dretinf)
    __aeabi_cdrcmple                         0x0800628d   Thumb Code     0  drleqf.o(x$fpl$drleqf)
    _drcmple                                 0x0800628d   Thumb Code   108  drleqf.o(x$fpl$drleqf)
    __aeabi_drsub                            0x080062f9   Thumb Code     0  daddsub_clz.o(x$fpl$drsb)
    _drsb                                    0x080062f9   Thumb Code    22  daddsub_clz.o(x$fpl$drsb)
    _dsqrt                                   0x08006311   Thumb Code   456  dsqrt_noumaal.o(x$fpl$dsqrt)
    __aeabi_dsub                             0x080064dd   Thumb Code     0  daddsub_clz.o(x$fpl$dsub)
    _dsub                                    0x080064dd   Thumb Code   464  daddsub_clz.o(x$fpl$dsub)
    __aeabi_f2d                              0x080066b1   Thumb Code     0  f2d.o(x$fpl$f2d)
    _f2d                                     0x080066b1   Thumb Code    86  f2d.o(x$fpl$f2d)
    __aeabi_fadd                             0x08006709   Thumb Code     0  faddsub_clz.o(x$fpl$fadd)
    _fadd                                    0x08006709   Thumb Code   196  faddsub_clz.o(x$fpl$fadd)
    __fpl_fcmp_Inf                           0x080067cd   Thumb Code    24  fcmpi.o(x$fpl$fcmpinf)
    __aeabi_fdiv                             0x080067e5   Thumb Code     0  fdiv.o(x$fpl$fdiv)
    _fdiv                                    0x080067e5   Thumb Code   384  fdiv.o(x$fpl$fdiv)
    __aeabi_f2iz                             0x08006969   Thumb Code     0  ffix.o(x$fpl$ffix)
    _ffix                                    0x08006969   Thumb Code    54  ffix.o(x$fpl$ffix)
    __aeabi_f2uiz                            0x080069a1   Thumb Code     0  ffixu.o(x$fpl$ffixu)
    _ffixu                                   0x080069a1   Thumb Code    62  ffixu.o(x$fpl$ffixu)
    __aeabi_i2f                              0x080069e1   Thumb Code     0  fflt_clz.o(x$fpl$fflt)
    _fflt                                    0x080069e1   Thumb Code    48  fflt_clz.o(x$fpl$fflt)
    __aeabi_ui2f                             0x08006a11   Thumb Code     0  fflt_clz.o(x$fpl$ffltu)
    _ffltu                                   0x08006a11   Thumb Code    38  fflt_clz.o(x$fpl$ffltu)
    __aeabi_cfcmple                          0x08006a39   Thumb Code     0  fleqf.o(x$fpl$fleqf)
    _fcmple                                  0x08006a39   Thumb Code   104  fleqf.o(x$fpl$fleqf)
    __fpl_fcmple_InfNaN                      0x08006a8b   Thumb Code     0  fleqf.o(x$fpl$fleqf)
    __aeabi_fmul                             0x08006aa1   Thumb Code     0  fmul.o(x$fpl$fmul)
    _fmul                                    0x08006aa1   Thumb Code   258  fmul.o(x$fpl$fmul)
    __fpl_fnaninf                            0x08006ba3   Thumb Code   140  fnaninf.o(x$fpl$fnaninf)
    __fpl_fretinf                            0x08006c2f   Thumb Code    10  fretinf.o(x$fpl$fretinf)
    __aeabi_cfrcmple                         0x08006c39   Thumb Code     0  frleqf.o(x$fpl$frleqf)
    _frcmple                                 0x08006c39   Thumb Code    98  frleqf.o(x$fpl$frleqf)
    __aeabi_frsub                            0x08006c9b   Thumb Code     0  faddsub_clz.o(x$fpl$frsb)
    _frsb                                    0x08006c9b   Thumb Code    20  faddsub_clz.o(x$fpl$frsb)
    __aeabi_fsub                             0x08006cb1   Thumb Code     0  faddsub_clz.o(x$fpl$fsub)
    _fsub                                    0x08006cb1   Thumb Code   234  faddsub_clz.o(x$fpl$fsub)
    _printf_fp_dec                           0x08006d9b   Thumb Code     4  printf1.o(x$fpl$printf1)
    _printf_fp_hex                           0x08006d9f   Thumb Code     4  printf2.o(x$fpl$printf2)
    __fpl_return_NaN                         0x08006da3   Thumb Code   100  retnan.o(x$fpl$retnan)
    __ARM_scalbn                             0x08006e07   Thumb Code    92  scalbn.o(x$fpl$scalbn)
    __fpl_cmpreturn                          0x08006e63   Thumb Code    48  trapv.o(x$fpl$trapveneer)
    OLED_F8x16                               0x08006e92   Data        1520  oled_data.o(.constdata)
    __I$use$fp                               0x08006e92   Number         0  usenofp.o(x$fpl$usenofp)
    OLED_F6x8                                0x08007482   Data         570  oled_data.o(.constdata)
    OLED_CF16x16                             0x080076bc   Data         259  oled_data.o(.constdata)
    Diode                                    0x080077bf   Data          32  oled_data.o(.constdata)
    Region$$Table$$Base                      0x08007a04   Number         0  anon$$obj.o(Region$$Table)
    Region$$Table$$Limit                     0x08007a24   Number         0  anon$$obj.o(Region$$Table)
    __ctype                                  0x08007a4d   Data           0  lc_ctype_c.o(locale$$data)
    Spwm_a                                   0x20000014   Data           2  svpwm_v.o(.data)
    Spwm_b                                   0x20000016   Data           2  svpwm_v.o(.data)
    Spwm_c                                   0x20000018   Data           2  svpwm_v.o(.data)
    voltage_power_supply                     0x2000001c   Data           4  svpwm_v.o(.data)
    OutUb                                    0x20000020   Data           4  svpwm_v.o(.data)
    OutUa                                    0x20000024   Data           4  svpwm_v.o(.data)
    OutUc                                    0x20000028   Data           4  svpwm_v.o(.data)
    flag10ms_cnt                             0x2000002c   Data           2  timer.o(.data)
    flag20ms_cnt                             0x2000002e   Data           1  timer.o(.data)
    Control_20msFlag                         0x2000002f   Data           1  key.o(.data)
    Key_Num                                  0x20000030   Data           8  key.o(.data)
    Key_Chan                                 0x20000038   Data           8  key.o(.data)
    full_rotations                           0x20000058   Data           4  as5600.o(.data)
    angle_prev                               0x2000005c   Data           4  as5600.o(.data)
    vel_angle_prev                           0x20000060   Data           4  as5600.o(.data)
    angle_prev_Velocity                      0x20000064   Data           4  as5600.o(.data)
    vel_angle_prev_Velocity                  0x20000068   Data           4  as5600.o(.data)
    angle_prev_ts                            0x2000006c   Data           4  as5600.o(.data)
    vel_angle_prev_ts                        0x20000070   Data           4  as5600.o(.data)
    Serial_RxData                            0x20000074   Data           1  serial.o(.data)
    Serial_RxFlag                            0x20000075   Data           1  serial.o(.data)
    Angle_Out                                0x20000078   Data           4  control.o(.data)
    Speed_Out                                0x2000007c   Data           4  control.o(.data)
    temp_a                                   0x20000080   Data           1  main.o(.data)
    temp_s                                   0x20000081   Data           1  main.o(.data)
    i                                        0x20000082   Data           2  main.o(.data)
    task_10                                  0x20000084   Data           2  main.o(.data)
    task_20                                  0x20000086   Data           2  main.o(.data)
    KeyNum                                   0x20000088   Data           8  main.o(.data)
    KeyChan                                  0x20000090   Data           8  main.o(.data)
    motor_on                                 0x20000098   Data           1  main.o(.data)
    Control_10msFlag                         0x20000099   Data           1  main.o(.data)
    pwm_a                                    0x2000009a   Data           2  main.o(.data)
    pwm_b                                    0x2000009c   Data           2  main.o(.data)
    pwm_c                                    0x2000009e   Data           2  main.o(.data)
    Low_pass                                 0x200000a4   Data          80  dataif.o(.bss)
    OLED_DisplayBuf                          0x200000f4   Data        1024  oled.o(.bss)
    SVPWM_Parame                             0x20000504   Data          52  focparam.o(.bss)
    FOC_Parame                               0x20000538   Data          84  focparam.o(.bss)
    pid_angle                                0x2000058c   Data          52  focparam.o(.bss)
    pid_speed                                0x200005c0   Data          52  focparam.o(.bss)
    __libspace_start                         0x200005f4   Data          96  libspace.o(.bss)
    __temporary_stack_top$libspace           0x20000654   Data           0  libspace.o(.bss)



==============================================================================

Memory Map of the image

  Image Entry point : 0x080000ed

  Load Region LR_IROM1 (Base: 0x08000000, Size: 0x00007bf4, Max: 0x00010000, ABSOLUTE)

    Execution Region ER_IROM1 (Exec base: 0x08000000, Load base: 0x08000000, Size: 0x00007b50, Max: 0x00010000, ABSOLUTE)

    Exec Addr    Load Addr    Size         Type   Attr      Idx    E Section Name        Object

    0x08000000   0x08000000   0x000000ec   Data   RO            3    RESET               startup_stm32f10x_md.o
    0x080000ec   0x080000ec   0x00000008   Code   RO         4357  * !!!main             c_w.l(__main.o)
    0x080000f4   0x080000f4   0x00000034   Code   RO         4856    !!!scatter          c_w.l(__scatter.o)
    0x08000128   0x08000128   0x0000001a   Code   RO         4858    !!handler_copy      c_w.l(__scatter_copy.o)
    0x08000142   0x08000142   0x00000002   PAD
    0x08000144   0x08000144   0x0000001c   Code   RO         4860    !!handler_zi        c_w.l(__scatter_zi.o)
    0x08000160   0x08000160   0x00000000   Code   RO         4549    .ARM.Collect$$_printf_percent$$00000000  c_w.l(_printf_percent.o)
    0x08000160   0x08000160   0x00000006   Code   RO         4538    .ARM.Collect$$_printf_percent$$00000001  c_w.l(_printf_n.o)
    0x08000166   0x08000166   0x00000006   Code   RO         4540    .ARM.Collect$$_printf_percent$$00000002  c_w.l(_printf_p.o)
    0x0800016c   0x0800016c   0x00000006   Code   RO         4545    .ARM.Collect$$_printf_percent$$00000003  c_w.l(_printf_f.o)
    0x08000172   0x08000172   0x00000006   Code   RO         4546    .ARM.Collect$$_printf_percent$$00000004  c_w.l(_printf_e.o)
    0x08000178   0x08000178   0x00000006   Code   RO         4547    .ARM.Collect$$_printf_percent$$00000005  c_w.l(_printf_g.o)
    0x0800017e   0x0800017e   0x00000006   Code   RO         4548    .ARM.Collect$$_printf_percent$$00000006  c_w.l(_printf_a.o)
    0x08000184   0x08000184   0x0000000a   Code   RO         4553    .ARM.Collect$$_printf_percent$$00000007  c_w.l(_printf_ll.o)
    0x0800018e   0x0800018e   0x00000006   Code   RO         4542    .ARM.Collect$$_printf_percent$$00000008  c_w.l(_printf_i.o)
    0x08000194   0x08000194   0x00000006   Code   RO         4543    .ARM.Collect$$_printf_percent$$00000009  c_w.l(_printf_d.o)
    0x0800019a   0x0800019a   0x00000006   Code   RO         4544    .ARM.Collect$$_printf_percent$$0000000A  c_w.l(_printf_u.o)
    0x080001a0   0x080001a0   0x00000006   Code   RO         4541    .ARM.Collect$$_printf_percent$$0000000B  c_w.l(_printf_o.o)
    0x080001a6   0x080001a6   0x00000006   Code   RO         4539    .ARM.Collect$$_printf_percent$$0000000C  c_w.l(_printf_x.o)
    0x080001ac   0x080001ac   0x00000006   Code   RO         4550    .ARM.Collect$$_printf_percent$$0000000D  c_w.l(_printf_lli.o)
    0x080001b2   0x080001b2   0x00000006   Code   RO         4551    .ARM.Collect$$_printf_percent$$0000000E  c_w.l(_printf_lld.o)
    0x080001b8   0x080001b8   0x00000006   Code   RO         4552    .ARM.Collect$$_printf_percent$$0000000F  c_w.l(_printf_llu.o)
    0x080001be   0x080001be   0x00000006   Code   RO         4557    .ARM.Collect$$_printf_percent$$00000010  c_w.l(_printf_llo.o)
    0x080001c4   0x080001c4   0x00000006   Code   RO         4558    .ARM.Collect$$_printf_percent$$00000011  c_w.l(_printf_llx.o)
    0x080001ca   0x080001ca   0x0000000a   Code   RO         4554    .ARM.Collect$$_printf_percent$$00000012  c_w.l(_printf_l.o)
    0x080001d4   0x080001d4   0x00000006   Code   RO         4536    .ARM.Collect$$_printf_percent$$00000013  c_w.l(_printf_c.o)
    0x080001da   0x080001da   0x00000006   Code   RO         4537    .ARM.Collect$$_printf_percent$$00000014  c_w.l(_printf_s.o)
    0x080001e0   0x080001e0   0x00000006   Code   RO         4555    .ARM.Collect$$_printf_percent$$00000015  c_w.l(_printf_lc.o)
    0x080001e6   0x080001e6   0x00000006   Code   RO         4556    .ARM.Collect$$_printf_percent$$00000016  c_w.l(_printf_ls.o)
    0x080001ec   0x080001ec   0x00000004   Code   RO         4660    .ARM.Collect$$_printf_percent$$00000017  c_w.l(_printf_percent_end.o)
    0x080001f0   0x080001f0   0x00000002   Code   RO         4718    .ARM.Collect$$libinit$$00000000  c_w.l(libinit.o)
    0x080001f2   0x080001f2   0x00000000   Code   RO         4729    .ARM.Collect$$libinit$$00000002  c_w.l(libinit2.o)
    0x080001f2   0x080001f2   0x00000000   Code   RO         4731    .ARM.Collect$$libinit$$00000004  c_w.l(libinit2.o)
    0x080001f2   0x080001f2   0x00000000   Code   RO         4734    .ARM.Collect$$libinit$$0000000A  c_w.l(libinit2.o)
    0x080001f2   0x080001f2   0x00000000   Code   RO         4736    .ARM.Collect$$libinit$$0000000C  c_w.l(libinit2.o)
    0x080001f2   0x080001f2   0x00000000   Code   RO         4738    .ARM.Collect$$libinit$$0000000E  c_w.l(libinit2.o)
    0x080001f2   0x080001f2   0x00000006   Code   RO         4739    .ARM.Collect$$libinit$$0000000F  c_w.l(libinit2.o)
    0x080001f8   0x080001f8   0x00000000   Code   RO         4741    .ARM.Collect$$libinit$$00000011  c_w.l(libinit2.o)
    0x080001f8   0x080001f8   0x0000000c   Code   RO         4742    .ARM.Collect$$libinit$$00000012  c_w.l(libinit2.o)
    0x08000204   0x08000204   0x00000000   Code   RO         4743    .ARM.Collect$$libinit$$00000013  c_w.l(libinit2.o)
    0x08000204   0x08000204   0x00000000   Code   RO         4745    .ARM.Collect$$libinit$$00000015  c_w.l(libinit2.o)
    0x08000204   0x08000204   0x0000000a   Code   RO         4746    .ARM.Collect$$libinit$$00000016  c_w.l(libinit2.o)
    0x0800020e   0x0800020e   0x00000000   Code   RO         4747    .ARM.Collect$$libinit$$00000017  c_w.l(libinit2.o)
    0x0800020e   0x0800020e   0x00000000   Code   RO         4749    .ARM.Collect$$libinit$$00000019  c_w.l(libinit2.o)
    0x0800020e   0x0800020e   0x00000000   Code   RO         4751    .ARM.Collect$$libinit$$0000001B  c_w.l(libinit2.o)
    0x0800020e   0x0800020e   0x00000000   Code   RO         4753    .ARM.Collect$$libinit$$0000001D  c_w.l(libinit2.o)
    0x0800020e   0x0800020e   0x00000000   Code   RO         4755    .ARM.Collect$$libinit$$0000001F  c_w.l(libinit2.o)
    0x0800020e   0x0800020e   0x00000000   Code   RO         4757    .ARM.Collect$$libinit$$00000021  c_w.l(libinit2.o)
    0x0800020e   0x0800020e   0x00000000   Code   RO         4759    .ARM.Collect$$libinit$$00000023  c_w.l(libinit2.o)
    0x0800020e   0x0800020e   0x00000000   Code   RO         4761    .ARM.Collect$$libinit$$00000025  c_w.l(libinit2.o)
    0x0800020e   0x0800020e   0x00000000   Code   RO         4765    .ARM.Collect$$libinit$$0000002C  c_w.l(libinit2.o)
    0x0800020e   0x0800020e   0x00000000   Code   RO         4767    .ARM.Collect$$libinit$$0000002E  c_w.l(libinit2.o)
    0x0800020e   0x0800020e   0x00000000   Code   RO         4769    .ARM.Collect$$libinit$$00000030  c_w.l(libinit2.o)
    0x0800020e   0x0800020e   0x00000000   Code   RO         4771    .ARM.Collect$$libinit$$00000032  c_w.l(libinit2.o)
    0x0800020e   0x0800020e   0x00000002   Code   RO         4772    .ARM.Collect$$libinit$$00000033  c_w.l(libinit2.o)
    0x08000210   0x08000210   0x00000002   Code   RO         4796    .ARM.Collect$$libshutdown$$00000000  c_w.l(libshutdown.o)
    0x08000212   0x08000212   0x00000000   Code   RO         4809    .ARM.Collect$$libshutdown$$00000002  c_w.l(libshutdown2.o)
    0x08000212   0x08000212   0x00000000   Code   RO         4811    .ARM.Collect$$libshutdown$$00000004  c_w.l(libshutdown2.o)
    0x08000212   0x08000212   0x00000000   Code   RO         4814    .ARM.Collect$$libshutdown$$00000007  c_w.l(libshutdown2.o)
    0x08000212   0x08000212   0x00000000   Code   RO         4817    .ARM.Collect$$libshutdown$$0000000A  c_w.l(libshutdown2.o)
    0x08000212   0x08000212   0x00000000   Code   RO         4819    .ARM.Collect$$libshutdown$$0000000C  c_w.l(libshutdown2.o)
    0x08000212   0x08000212   0x00000000   Code   RO         4822    .ARM.Collect$$libshutdown$$0000000F  c_w.l(libshutdown2.o)
    0x08000212   0x08000212   0x00000002   Code   RO         4823    .ARM.Collect$$libshutdown$$00000010  c_w.l(libshutdown2.o)
    0x08000214   0x08000214   0x00000000   Code   RO         4465    .ARM.Collect$$rtentry$$00000000  c_w.l(__rtentry.o)
    0x08000214   0x08000214   0x00000000   Code   RO         4626    .ARM.Collect$$rtentry$$00000002  c_w.l(__rtentry2.o)
    0x08000214   0x08000214   0x00000006   Code   RO         4638    .ARM.Collect$$rtentry$$00000004  c_w.l(__rtentry4.o)
    0x0800021a   0x0800021a   0x00000000   Code   RO         4628    .ARM.Collect$$rtentry$$00000009  c_w.l(__rtentry2.o)
    0x0800021a   0x0800021a   0x00000004   Code   RO         4629    .ARM.Collect$$rtentry$$0000000A  c_w.l(__rtentry2.o)
    0x0800021e   0x0800021e   0x00000000   Code   RO         4631    .ARM.Collect$$rtentry$$0000000C  c_w.l(__rtentry2.o)
    0x0800021e   0x0800021e   0x00000008   Code   RO         4632    .ARM.Collect$$rtentry$$0000000D  c_w.l(__rtentry2.o)
    0x08000226   0x08000226   0x00000002   Code   RO         4723    .ARM.Collect$$rtexit$$00000000  c_w.l(rtexit.o)
    0x08000228   0x08000228   0x00000000   Code   RO         4776    .ARM.Collect$$rtexit$$00000002  c_w.l(rtexit2.o)
    0x08000228   0x08000228   0x00000004   Code   RO         4777    .ARM.Collect$$rtexit$$00000003  c_w.l(rtexit2.o)
    0x0800022c   0x0800022c   0x00000006   Code   RO         4778    .ARM.Collect$$rtexit$$00000004  c_w.l(rtexit2.o)
    0x08000232   0x08000232   0x00000002   PAD
    0x08000234   0x08000234   0x00000040   Code   RO            4    .text               startup_stm32f10x_md.o
    0x08000274   0x08000274   0x00000024   Code   RO         4351    .text               c_w.l(vsprintf.o)
    0x08000298   0x08000298   0x00000080   Code   RO         4353    .text               c_w.l(strcmpv7m.o)
    0x08000318   0x08000318   0x00000006   Code   RO         4355    .text               c_w.l(heapauxi.o)
    0x0800031e   0x0800031e   0x00000016   Code   RO         4466    .text               c_w.l(_rserrno.o)
    0x08000334   0x08000334   0x0000004e   Code   RO         4470    .text               c_w.l(_printf_pad.o)
    0x08000382   0x08000382   0x00000024   Code   RO         4472    .text               c_w.l(_printf_truncate.o)
    0x080003a6   0x080003a6   0x00000052   Code   RO         4474    .text               c_w.l(_printf_str.o)
    0x080003f8   0x080003f8   0x00000078   Code   RO         4476    .text               c_w.l(_printf_dec.o)
    0x08000470   0x08000470   0x00000028   Code   RO         4478    .text               c_w.l(_printf_charcount.o)
    0x08000498   0x08000498   0x00000030   Code   RO         4480    .text               c_w.l(_printf_char_common.o)
    0x080004c8   0x080004c8   0x0000000a   Code   RO         4482    .text               c_w.l(_sputc.o)
    0x080004d2   0x080004d2   0x00000002   PAD
    0x080004d4   0x080004d4   0x000000bc   Code   RO         4484    .text               c_w.l(_printf_wctomb.o)
    0x08000590   0x08000590   0x0000007c   Code   RO         4487    .text               c_w.l(_printf_longlong_dec.o)
    0x0800060c   0x0800060c   0x00000070   Code   RO         4493    .text               c_w.l(_printf_oct_int_ll.o)
    0x0800067c   0x0800067c   0x00000094   Code   RO         4513    .text               c_w.l(_printf_hex_int_ll_ptr.o)
    0x08000710   0x08000710   0x00000188   Code   RO         4533    .text               c_w.l(__printf_flags_ss_wp.o)
    0x08000898   0x08000898   0x00000008   Code   RO         4643    .text               c_w.l(rt_errno_addr_intlibspace.o)
    0x080008a0   0x080008a0   0x0000008a   Code   RO         4645    .text               c_w.l(lludiv10.o)
    0x0800092a   0x0800092a   0x000000b2   Code   RO         4647    .text               c_w.l(_printf_intcommon.o)
    0x080009dc   0x080009dc   0x0000041e   Code   RO         4649    .text               c_w.l(_printf_fp_dec.o)
    0x08000dfa   0x08000dfa   0x00000002   PAD
    0x08000dfc   0x08000dfc   0x000002fc   Code   RO         4651    .text               c_w.l(_printf_fp_hex.o)
    0x080010f8   0x080010f8   0x0000002c   Code   RO         4656    .text               c_w.l(_printf_char.o)
    0x08001124   0x08001124   0x0000002c   Code   RO         4658    .text               c_w.l(_printf_wchar.o)
    0x08001150   0x08001150   0x00000040   Code   RO         4661    .text               c_w.l(_wcrtomb.o)
    0x08001190   0x08001190   0x00000008   Code   RO         4669    .text               c_w.l(libspace.o)
    0x08001198   0x08001198   0x0000004a   Code   RO         4672    .text               c_w.l(sys_stackheap_outer.o)
    0x080011e2   0x080011e2   0x00000002   PAD
    0x080011e4   0x080011e4   0x00000010   Code   RO         4674    .text               c_w.l(rt_ctype_table.o)
    0x080011f4   0x080011f4   0x00000008   Code   RO         4679    .text               c_w.l(rt_locale_intlibspace.o)
    0x080011fc   0x080011fc   0x00000080   Code   RO         4681    .text               c_w.l(_printf_fp_infnan.o)
    0x0800127c   0x0800127c   0x000000e4   Code   RO         4683    .text               c_w.l(bigflt0.o)
    0x08001360   0x08001360   0x00000012   Code   RO         4711    .text               c_w.l(exit.o)
    0x08001372   0x08001372   0x00000002   PAD
    0x08001374   0x08001374   0x0000000c   Code   RO         4788    .text               c_w.l(sys_exit.o)
    0x08001380   0x08001380   0x00000002   Code   RO         4799    .text               c_w.l(use_no_semi.o)
    0x08001382   0x08001382   0x00000000   Code   RO         4801    .text               c_w.l(indicate_semi.o)
    0x08001382   0x08001382   0x0000003e   Code   RO         4686    CL$$btod_d2e        c_w.l(btod.o)
    0x080013c0   0x080013c0   0x00000046   Code   RO         4688    CL$$btod_d2e_denorm_low  c_w.l(btod.o)
    0x08001406   0x08001406   0x00000060   Code   RO         4687    CL$$btod_d2e_norm_op1  c_w.l(btod.o)
    0x08001466   0x08001466   0x00000338   Code   RO         4696    CL$$btod_div_common  c_w.l(btod.o)
    0x0800179e   0x0800179e   0x000000dc   Code   RO         4693    CL$$btod_e2e        c_w.l(btod.o)
    0x0800187a   0x0800187a   0x0000002a   Code   RO         4690    CL$$btod_ediv       c_w.l(btod.o)
    0x080018a4   0x080018a4   0x0000002a   Code   RO         4689    CL$$btod_emul       c_w.l(btod.o)
    0x080018ce   0x080018ce   0x00000244   Code   RO         4695    CL$$btod_mult_common  c_w.l(btod.o)
    0x08001b12   0x08001b12   0x00000002   PAD
    0x08001b14   0x08001b14   0x00000098   Code   RO         4220    i.ADCDeal           main.o
    0x08001bac   0x08001bac   0x00000016   Code   RO          202    i.ADC_Cmd           stm32f10x_adc.o
    0x08001bc2   0x08001bc2   0x00000014   Code   RO          210    i.ADC_GetCalibrationStatus  stm32f10x_adc.o
    0x08001bd6   0x08001bd6   0x00000008   Code   RO          211    i.ADC_GetConversionValue  stm32f10x_adc.o
    0x08001bde   0x08001bde   0x00000012   Code   RO          213    i.ADC_GetFlagStatus  stm32f10x_adc.o
    0x08001bf0   0x08001bf0   0x00000014   Code   RO          216    i.ADC_GetResetCalibrationStatus  stm32f10x_adc.o
    0x08001c04   0x08001c04   0x00000050   Code   RO          220    i.ADC_Init          stm32f10x_adc.o
    0x08001c54   0x08001c54   0x000000b8   Code   RO          224    i.ADC_RegularChannelConfig  stm32f10x_adc.o
    0x08001d0c   0x08001d0c   0x0000000a   Code   RO          225    i.ADC_ResetCalibration  stm32f10x_adc.o
    0x08001d16   0x08001d16   0x00000016   Code   RO          227    i.ADC_SoftwareStartConvCmd  stm32f10x_adc.o
    0x08001d2c   0x08001d2c   0x0000000a   Code   RO          229    i.ADC_StartCalibration  stm32f10x_adc.o
    0x08001d36   0x08001d36   0x00000032   Code   RO         3886    i.AS5600_GetData    as5600.o
    0x08001d68   0x08001d68   0x00000008   Code   RO         3887    i.AS5600_Init       as5600.o
    0x08001d70   0x08001d70   0x0000003e   Code   RO         3888    i.AS5600_ReadReg    as5600.o
    0x08001dae   0x08001dae   0x00000002   PAD
    0x08001db0   0x08001db0   0x000000b0   Code   RO         4160    i.Angle_Control     control.o
    0x08001e60   0x08001e60   0x00000030   Code   RO         4221    i.Bsw_Init          main.o
    0x08001e90   0x08001e90   0x00000004   Code   RO         4286    i.BusFault_Handler  stm32f10x_it.o
    0x08001e94   0x08001e94   0x00000002   Code   RO         4287    i.DebugMon_Handler  stm32f10x_it.o
    0x08001e96   0x08001e96   0x00000018   Code   RO         3303    i.Delay_ms          delay.o
    0x08001eae   0x08001eae   0x0000002e   Code   RO         3305    i.Delay_us          delay.o
    0x08001edc   0x08001edc   0x00000058   Code   RO         4190    i.FOCPARAM_init     focparam.o
    0x08001f34   0x08001f34   0x00000050   Code   RO         4079    i.FOC_AS5600_Init   foc.o
    0x08001f84   0x08001f84   0x0000001c   Code   RO         4080    i.FOC_Init          foc.o
    0x08001fa0   0x08001fa0   0x00000116   Code   RO         1347    i.GPIO_Init         stm32f10x_gpio.o
    0x080020b6   0x080020b6   0x00000012   Code   RO         1351    i.GPIO_ReadInputDataBit  stm32f10x_gpio.o
    0x080020c8   0x080020c8   0x00000004   Code   RO         1354    i.GPIO_ResetBits    stm32f10x_gpio.o
    0x080020cc   0x080020cc   0x00000004   Code   RO         1355    i.GPIO_SetBits      stm32f10x_gpio.o
    0x080020d0   0x080020d0   0x0000000a   Code   RO         1358    i.GPIO_WriteBit     stm32f10x_gpio.o
    0x080020da   0x080020da   0x00000004   Code   RO         4288    i.HardFault_Handler  stm32f10x_it.o
    0x080020de   0x080020de   0x00000002   PAD
    0x080020e0   0x080020e0   0x0000006c   Code   RO         3823    i.KEY_GetValue      rp.o
    0x0800214c   0x0800214c   0x000002e0   Code   RO         4222    i.KeyDeal           main.o
    0x0800242c   0x0800242c   0x00000048   Code   RO         3778    i.Key_GetCH         key.o
    0x08002474   0x08002474   0x000000c4   Code   RO         3779    i.Key_GetState      key.o
    0x08002538   0x08002538   0x000000b0   Code   RO         3780    i.Key_Tick          key.o
    0x080025e8   0x080025e8   0x0000001c   Code   RO         4223    i.LEDDeal           main.o
    0x08002604   0x08002604   0x0000005c   Code   RO         3482    i.LED_Init          led.o
    0x08002660   0x08002660   0x00000014   Code   RO         3483    i.LED_OFF           led.o
    0x08002674   0x08002674   0x00000014   Code   RO         3484    i.LED_ON            led.o
    0x08002688   0x08002688   0x00000054   Code   RO         3445    i.LOWPass_Filter    dataif.o
    0x080026dc   0x080026dc   0x0000003c   Code   RO         3446    i.MBDSV_APIIN       dataif.o
    0x08002718   0x08002718   0x00000014   Code   RO         3486    i.MOTOR_OFF         led.o
    0x0800272c   0x0800272c   0x00000014   Code   RO         3487    i.MOTOR_ON          led.o
    0x08002740   0x08002740   0x00000004   Code   RO         4289    i.MemManage_Handler  stm32f10x_it.o
    0x08002744   0x08002744   0x00000038   Code   RO         3889    i.MyI2C_Init        as5600.o
    0x0800277c   0x0800277c   0x0000001c   Code   RO         3890    i.MyI2C_R_SDA       as5600.o
    0x08002798   0x08002798   0x0000001e   Code   RO         3891    i.MyI2C_ReceiveAck  as5600.o
    0x080027b6   0x080027b6   0x00000034   Code   RO         3892    i.MyI2C_ReceiveByte  as5600.o
    0x080027ea   0x080027ea   0x00000018   Code   RO         3893    i.MyI2C_SendAck     as5600.o
    0x08002802   0x08002802   0x0000002a   Code   RO         3894    i.MyI2C_SendByte    as5600.o
    0x0800282c   0x0800282c   0x0000001c   Code   RO         3895    i.MyI2C_Start       as5600.o
    0x08002848   0x08002848   0x00000016   Code   RO         3896    i.MyI2C_Stop        as5600.o
    0x0800285e   0x0800285e   0x00000002   PAD
    0x08002860   0x08002860   0x0000001c   Code   RO         3897    i.MyI2C_W_SCL       as5600.o
    0x0800287c   0x0800287c   0x0000001c   Code   RO         3898    i.MyI2C_W_SDA       as5600.o
    0x08002898   0x08002898   0x00000002   Code   RO         4290    i.NMI_Handler       stm32f10x_it.o
    0x0800289a   0x0800289a   0x00000028   Code   RO         3353    i.NVIC_Config       sys.o
    0x080028c2   0x080028c2   0x00000002   PAD
    0x080028c4   0x080028c4   0x00000070   Code   RO          137    i.NVIC_Init         misc.o
    0x08002934   0x08002934   0x00000014   Code   RO          138    i.NVIC_PriorityGroupConfig  misc.o
    0x08002948   0x08002948   0x0000025c   Code   RO         4224    i.OLEDDeal          main.o
    0x08002ba4   0x08002ba4   0x00000028   Code   RO         3524    i.OLED_Clear        oled.o
    0x08002bcc   0x08002bcc   0x00000090   Code   RO         3525    i.OLED_ClearArea    oled.o
    0x08002c5c   0x08002c5c   0x00000060   Code   RO         3533    i.OLED_GPIO_Init    oled.o
    0x08002cbc   0x08002cbc   0x0000003e   Code   RO         3535    i.OLED_I2C_SendByte  oled.o
    0x08002cfa   0x08002cfa   0x0000001c   Code   RO         3536    i.OLED_I2C_Start    oled.o
    0x08002d16   0x08002d16   0x00000016   Code   RO         3537    i.OLED_I2C_Stop     oled.o
    0x08002d2c   0x08002d2c   0x0000009a   Code   RO         3538    i.OLED_Init         oled.o
    0x08002dc6   0x08002dc6   0x00000032   Code   RO         3541    i.OLED_Printf       oled.o
    0x08002df8   0x08002df8   0x00000022   Code   RO         3544    i.OLED_SetCursor    oled.o
    0x08002e1a   0x08002e1a   0x00000002   PAD
    0x08002e1c   0x08002e1c   0x00000054   Code   RO         3546    i.OLED_ShowChar     oled.o
    0x08002e70   0x08002e70   0x000000fc   Code   RO         3549    i.OLED_ShowImage    oled.o
    0x08002f6c   0x08002f6c   0x000001c4   Code   RO         3552    i.OLED_ShowString   oled.o
    0x08003130   0x08003130   0x00000028   Code   RO         3553    i.OLED_Update       oled.o
    0x08003158   0x08003158   0x00000018   Code   RO         3555    i.OLED_W_SCL        oled.o
    0x08003170   0x08003170   0x00000018   Code   RO         3556    i.OLED_W_SDA        oled.o
    0x08003188   0x08003188   0x00000020   Code   RO         3557    i.OLED_WriteCommand  oled.o
    0x080031a8   0x080031a8   0x0000002e   Code   RO         3558    i.OLED_WriteData    oled.o
    0x080031d6   0x080031d6   0x00000002   PAD
    0x080031d8   0x080031d8   0x00000064   Code   RO         4191    i.PID_init          focparam.o
    0x0800323c   0x0800323c   0x000000c4   Code   RO         3847    i.PWMFOC_Init       pwm.o
    0x08003300   0x08003300   0x00000014   Code   RO         3848    i.PWM_SetCompare1   pwm.o
    0x08003314   0x08003314   0x00000014   Code   RO         3849    i.PWM_SetCompare2   pwm.o
    0x08003328   0x08003328   0x00000014   Code   RO         3850    i.PWM_SetCompare3   pwm.o
    0x0800333c   0x0800333c   0x00000002   Code   RO         4291    i.PendSV_Handler    stm32f10x_it.o
    0x0800333e   0x0800333e   0x00000002   PAD
    0x08003340   0x08003340   0x00000018   Code   RO         1773    i.RCC_ADCCLKConfig  stm32f10x_rcc.o
    0x08003358   0x08003358   0x00000020   Code   RO         1775    i.RCC_APB1PeriphClockCmd  stm32f10x_rcc.o
    0x08003378   0x08003378   0x00000020   Code   RO         1777    i.RCC_APB2PeriphClockCmd  stm32f10x_rcc.o
    0x08003398   0x08003398   0x000000d4   Code   RO         1785    i.RCC_GetClocksFreq  stm32f10x_rcc.o
    0x0800346c   0x0800346c   0x0000005c   Code   RO         3824    i.RP_GetValue       rp.o
    0x080034c8   0x080034c8   0x000000ac   Code   RO         3825    i.RP_Init           rp.o
    0x08003574   0x08003574   0x00000002   Code   RO         4292    i.SVC_Handler       stm32f10x_it.o
    0x08003576   0x08003576   0x00000002   PAD
    0x08003578   0x08003578   0x0000002c   Code   RO         4192    i.SVPWMPARAM_init   focparam.o
    0x080035a4   0x080035a4   0x0000065c   Code   RO         4081    i.SVPWM_Generate    foc.o
    0x08003c00   0x08003c00   0x00000090   Code   RO         4002    i.Serial_Init       serial.o
    0x08003c90   0x08003c90   0x00000024   Code   RO         4004    i.Serial_Printf     serial.o
    0x08003cb4   0x08003cb4   0x00000020   Code   RO         4006    i.Serial_SendByte   serial.o
    0x08003cd4   0x08003cd4   0x0000001a   Code   RO         4008    i.Serial_SendString  serial.o
    0x08003cee   0x08003cee   0x00000008   Code   RO           24    i.SetSysClock       system_stm32f10x.o
    0x08003cf6   0x08003cf6   0x00000002   PAD
    0x08003cf8   0x08003cf8   0x000000e0   Code   RO           25    i.SetSysClockTo72   system_stm32f10x.o
    0x08003dd8   0x08003dd8   0x000000cc   Code   RO         4082    i.Set_Angle         foc.o
    0x08003ea4   0x08003ea4   0x00000060   Code   RO         4083    i.Set_Speed         foc.o
    0x08003f04   0x08003f04   0x00000098   Code   RO         4161    i.Speed_Control     control.o
    0x08003f9c   0x08003f9c   0x00000002   Code   RO         4293    i.SysTick_Handler   stm32f10x_it.o
    0x08003f9e   0x08003f9e   0x00000002   PAD
    0x08003fa0   0x08003fa0   0x00000060   Code   RO           27    i.SystemInit        system_stm32f10x.o
    0x08004000   0x08004000   0x00000074   Code   RO         3327    i.TIM2_IRQHandler   timer.o
    0x08004074   0x08004074   0x00000018   Code   RO         2409    i.TIM_ARRPreloadConfig  stm32f10x_tim.o
    0x0800408c   0x0800408c   0x00000006   Code   RO         2415    i.TIM_ClearFlag     stm32f10x_tim.o
    0x08004092   0x08004092   0x00000006   Code   RO         2416    i.TIM_ClearITPendingBit  stm32f10x_tim.o
    0x08004098   0x08004098   0x00000018   Code   RO         2421    i.TIM_Cmd           stm32f10x_tim.o
    0x080040b0   0x080040b0   0x0000001e   Code   RO         2423    i.TIM_CtrlPWMOutputs  stm32f10x_tim.o
    0x080040ce   0x080040ce   0x00000022   Code   RO         2442    i.TIM_GetITStatus   stm32f10x_tim.o
    0x080040f0   0x080040f0   0x00000012   Code   RO         2446    i.TIM_ITConfig      stm32f10x_tim.o
    0x08004102   0x08004102   0x0000000c   Code   RO         2448    i.TIM_InternalClockConfig  stm32f10x_tim.o
    0x0800410e   0x0800410e   0x00000002   PAD
    0x08004110   0x08004110   0x00000098   Code   RO         2450    i.TIM_OC1Init       stm32f10x_tim.o
    0x080041a8   0x080041a8   0x00000012   Code   RO         2453    i.TIM_OC1PreloadConfig  stm32f10x_tim.o
    0x080041ba   0x080041ba   0x00000002   PAD
    0x080041bc   0x080041bc   0x000000a4   Code   RO         2455    i.TIM_OC2Init       stm32f10x_tim.o
    0x08004260   0x08004260   0x0000001a   Code   RO         2458    i.TIM_OC2PreloadConfig  stm32f10x_tim.o
    0x0800427a   0x0800427a   0x00000002   PAD
    0x0800427c   0x0800427c   0x000000a0   Code   RO         2460    i.TIM_OC3Init       stm32f10x_tim.o
    0x0800431c   0x0800431c   0x00000012   Code   RO         2463    i.TIM_OC3PreloadConfig  stm32f10x_tim.o
    0x0800432e   0x0800432e   0x00000004   Code   RO         2482    i.TIM_SetCompare1   stm32f10x_tim.o
    0x08004332   0x08004332   0x00000004   Code   RO         2483    i.TIM_SetCompare2   stm32f10x_tim.o
    0x08004336   0x08004336   0x00000004   Code   RO         2484    i.TIM_SetCompare3   stm32f10x_tim.o
    0x0800433a   0x0800433a   0x00000002   PAD
    0x0800433c   0x0800433c   0x000000a4   Code   RO         2492    i.TIM_TimeBaseInit  stm32f10x_tim.o
    0x080043e0   0x080043e0   0x00000074   Code   RO         3328    i.Timer_Init        timer.o
    0x08004454   0x08004454   0x00000038   Code   RO         4009    i.USART2_IRQHandler  serial.o
    0x0800448c   0x0800448c   0x0000001e   Code   RO         2957    i.USART_ClearITPendingBit  stm32f10x_usart.o
    0x080044aa   0x080044aa   0x00000018   Code   RO         2960    i.USART_Cmd         stm32f10x_usart.o
    0x080044c2   0x080044c2   0x0000001a   Code   RO         2963    i.USART_GetFlagStatus  stm32f10x_usart.o
    0x080044dc   0x080044dc   0x00000054   Code   RO         2964    i.USART_GetITStatus  stm32f10x_usart.o
    0x08004530   0x08004530   0x0000004a   Code   RO         2966    i.USART_ITConfig    stm32f10x_usart.o
    0x0800457a   0x0800457a   0x00000002   PAD
    0x0800457c   0x0800457c   0x000000d8   Code   RO         2967    i.USART_Init        stm32f10x_usart.o
    0x08004654   0x08004654   0x0000000a   Code   RO         2974    i.USART_ReceiveData  stm32f10x_usart.o
    0x0800465e   0x0800465e   0x00000008   Code   RO         2977    i.USART_SendData    stm32f10x_usart.o
    0x08004666   0x08004666   0x00000004   Code   RO         4294    i.UsageFault_Handler  stm32f10x_it.o
    0x0800466a   0x0800466a   0x00000002   PAD
    0x0800466c   0x0800466c   0x00000064   Code   RO         4226    i.UsartDeal         main.o
    0x080046d0   0x080046d0   0x00000064   Code   RO         4162    i.XianFu            control.o
    0x08004734   0x08004734   0x00000028   Code   RO         4665    i.__ARM_fpclassify  m_ws.l(fpclassify.o)
    0x0800475c   0x0800475c   0x00000388   Code   RO         4614    i.__ieee754_rem_pio2  m_ws.l(rred.o)
    0x08004ae4   0x08004ae4   0x000000fc   Code   RO         4596    i.__kernel_cos      m_ws.l(cos_i.o)
    0x08004be0   0x08004be0   0x000000aa   Code   RO         4667    i.__kernel_poly     m_ws.l(poly.o)
    0x08004c8a   0x08004c8a   0x00000002   PAD
    0x08004c8c   0x08004c8c   0x000000ec   Code   RO         4619    i.__kernel_sin      m_ws.l(sin_i.o)
    0x08004d78   0x08004d78   0x00000006   Code   RO         4600    i.__mathlib_dbl_infnan  m_ws.l(dunder.o)
    0x08004d7e   0x08004d7e   0x0000000c   Code   RO         4602    i.__mathlib_dbl_invalid  m_ws.l(dunder.o)
    0x08004d8a   0x08004d8a   0x00000002   PAD
    0x08004d8c   0x08004d8c   0x00000010   Code   RO         4605    i.__mathlib_dbl_underflow  m_ws.l(dunder.o)
    0x08004d9c   0x08004d9c   0x0000003c   Code   RO         4086    i._electricalAngle  foc.o
    0x08004dd8   0x08004dd8   0x0000000e   Code   RO         4526    i._is_digit         c_w.l(__printf_wp.o)
    0x08004de6   0x08004de6   0x00000002   PAD
    0x08004de8   0x08004de8   0x00000054   Code   RO         4087    i._normalizeAngle   foc.o
    0x08004e3c   0x08004e3c   0x0000009c   Code   RO         4432    i.cos               m_ws.l(cos.o)
    0x08004ed8   0x08004ed8   0x00000094   Code   RO         4440    i.fmod              m_ws.l(fmod.o)
    0x08004f6c   0x08004f6c   0x00000084   Code   RO         3899    i.get_Angle         as5600.o
    0x08004ff0   0x08004ff0   0x0000003c   Code   RO         3900    i.get_Angle_2PI     as5600.o
    0x0800502c   0x0800502c   0x00000088   Code   RO         3902    i.get_Speed         as5600.o
    0x080050b4   0x080050b4   0x00000024   Code   RO         4227    i.main              main.o
    0x080050d8   0x080050d8   0x00000038   Code   RO         4088    i.round_float_5dec  foc.o
    0x08005110   0x08005110   0x00000190   Code   RO         4089    i.setPWM            foc.o
    0x080052a0   0x080052a0   0x000001dc   Code   RO         4090    i.setTorque         foc.o
    0x0800547c   0x0800547c   0x000000a0   Code   RO         4450    i.sin               m_ws.l(sin.o)
    0x0800551c   0x0800551c   0x0000004c   Code   RO         4458    i.sqrt              m_ws.l(sqrt.o)
    0x08005568   0x08005568   0x000002ec   Code   RO         3277    i.svpwm_V_step      svpwm_v.o
    0x08005854   0x08005854   0x000000dc   Code   RO         4228    i.task_10ms         main.o
    0x08005930   0x08005930   0x0000002c   Code   RO         4709    locale$$code        c_w.l(lc_numeric_c.o)
    0x0800595c   0x0800595c   0x0000002c   Code   RO         4726    locale$$code        c_w.l(lc_ctype_c.o)
    0x08005988   0x08005988   0x00000062   Code   RO         4359    x$fpl$d2f           fz_ws.l(d2f.o)
    0x080059ea   0x080059ea   0x00000002   PAD
    0x080059ec   0x080059ec   0x00000150   Code   RO         4361    x$fpl$dadd          fz_ws.l(daddsub_clz.o)
    0x08005b3c   0x08005b3c   0x00000010   Code   RO         4719    x$fpl$dcheck1       fz_ws.l(dcheck1.o)
    0x08005b4c   0x08005b4c   0x00000018   Code   RO         4559    x$fpl$dcmpinf       fz_ws.l(dcmpi.o)
    0x08005b64   0x08005b64   0x000002b0   Code   RO         4368    x$fpl$ddiv          fz_ws.l(ddiv.o)
    0x08005e14   0x08005e14   0x0000005e   Code   RO         4371    x$fpl$dfix          fz_ws.l(dfix.o)
    0x08005e72   0x08005e72   0x0000002e   Code   RO         4380    x$fpl$dflt          fz_ws.l(dflt_clz.o)
    0x08005ea0   0x08005ea0   0x00000026   Code   RO         4379    x$fpl$dfltu         fz_ws.l(dflt_clz.o)
    0x08005ec6   0x08005ec6   0x00000002   PAD
    0x08005ec8   0x08005ec8   0x00000078   Code   RO         4385    x$fpl$dleqf         fz_ws.l(dleqf.o)
    0x08005f40   0x08005f40   0x00000154   Code   RO         4387    x$fpl$dmul          fz_ws.l(dmul.o)
    0x08006094   0x08006094   0x0000009c   Code   RO         4561    x$fpl$dnaninf       fz_ws.l(dnaninf.o)
    0x08006130   0x08006130   0x00000150   Code   RO         4563    x$fpl$drem          fz_ws.l(drem_clz.o)
    0x08006280   0x08006280   0x0000000c   Code   RO         4565    x$fpl$dretinf       fz_ws.l(dretinf.o)
    0x0800628c   0x0800628c   0x0000006c   Code   RO         4389    x$fpl$drleqf        fz_ws.l(drleqf.o)
    0x080062f8   0x080062f8   0x00000016   Code   RO         4362    x$fpl$drsb          fz_ws.l(daddsub_clz.o)
    0x0800630e   0x0800630e   0x00000002   PAD
    0x08006310   0x08006310   0x000001cc   Code   RO         4569    x$fpl$dsqrt         fz_ws.l(dsqrt_noumaal.o)
    0x080064dc   0x080064dc   0x000001d4   Code   RO         4363    x$fpl$dsub          fz_ws.l(daddsub_clz.o)
    0x080066b0   0x080066b0   0x00000056   Code   RO         4391    x$fpl$f2d           fz_ws.l(f2d.o)
    0x08006706   0x08006706   0x00000002   PAD
    0x08006708   0x08006708   0x000000c4   Code   RO         4393    x$fpl$fadd          fz_ws.l(faddsub_clz.o)
    0x080067cc   0x080067cc   0x00000018   Code   RO         4571    x$fpl$fcmpinf       fz_ws.l(fcmpi.o)
    0x080067e4   0x080067e4   0x00000184   Code   RO         4400    x$fpl$fdiv          fz_ws.l(fdiv.o)
    0x08006968   0x08006968   0x00000036   Code   RO         4403    x$fpl$ffix          fz_ws.l(ffix.o)
    0x0800699e   0x0800699e   0x00000002   PAD
    0x080069a0   0x080069a0   0x0000003e   Code   RO         4407    x$fpl$ffixu         fz_ws.l(ffixu.o)
    0x080069de   0x080069de   0x00000002   PAD
    0x080069e0   0x080069e0   0x00000030   Code   RO         4412    x$fpl$fflt          fz_ws.l(fflt_clz.o)
    0x08006a10   0x08006a10   0x00000026   Code   RO         4411    x$fpl$ffltu         fz_ws.l(fflt_clz.o)
    0x08006a36   0x08006a36   0x00000002   PAD
    0x08006a38   0x08006a38   0x00000068   Code   RO         4417    x$fpl$fleqf         fz_ws.l(fleqf.o)
    0x08006aa0   0x08006aa0   0x00000102   Code   RO         4419    x$fpl$fmul          fz_ws.l(fmul.o)
    0x08006ba2   0x08006ba2   0x0000008c   Code   RO         4573    x$fpl$fnaninf       fz_ws.l(fnaninf.o)
    0x08006c2e   0x08006c2e   0x0000000a   Code   RO         4575    x$fpl$fretinf       fz_ws.l(fretinf.o)
    0x08006c38   0x08006c38   0x00000062   Code   RO         4421    x$fpl$frleqf        fz_ws.l(frleqf.o)
    0x08006c9a   0x08006c9a   0x00000014   Code   RO         4394    x$fpl$frsb          fz_ws.l(faddsub_clz.o)
    0x08006cae   0x08006cae   0x00000002   PAD
    0x08006cb0   0x08006cb0   0x000000ea   Code   RO         4395    x$fpl$fsub          fz_ws.l(faddsub_clz.o)
    0x08006d9a   0x08006d9a   0x00000004   Code   RO         4577    x$fpl$printf1       fz_ws.l(printf1.o)
    0x08006d9e   0x08006d9e   0x00000004   Code   RO         4579    x$fpl$printf2       fz_ws.l(printf2.o)
    0x08006da2   0x08006da2   0x00000064   Code   RO         4773    x$fpl$retnan        fz_ws.l(retnan.o)
    0x08006e06   0x08006e06   0x0000005c   Code   RO         4663    x$fpl$scalbn        fz_ws.l(scalbn.o)
    0x08006e62   0x08006e62   0x00000030   Code   RO         4786    x$fpl$trapveneer    fz_ws.l(trapv.o)
    0x08006e92   0x08006e92   0x00000000   Code   RO         4585    x$fpl$usenofp       fz_ws.l(usenofp.o)
    0x08006e92   0x08006e92   0x0000094d   Data   RO         3766    .constdata          oled_data.o
    0x080077df   0x080077df   0x00000001   PAD
    0x080077e0   0x080077e0   0x00000008   Data   RO         4485    .constdata          c_w.l(_printf_wctomb.o)
    0x080077e8   0x080077e8   0x00000028   Data   RO         4514    .constdata          c_w.l(_printf_hex_int_ll_ptr.o)
    0x08007810   0x08007810   0x00000011   Data   RO         4534    .constdata          c_w.l(__printf_flags_ss_wp.o)
    0x08007821   0x08007821   0x00000007   PAD
    0x08007828   0x08007828   0x00000030   Data   RO         4597    .constdata          m_ws.l(cos_i.o)
    0x08007858   0x08007858   0x000000c8   Data   RO         4616    .constdata          m_ws.l(rred.o)
    0x08007920   0x08007920   0x00000028   Data   RO         4620    .constdata          m_ws.l(sin_i.o)
    0x08007948   0x08007948   0x00000026   Data   RO         4652    .constdata          c_w.l(_printf_fp_hex.o)
    0x0800796e   0x0800796e   0x00000002   PAD
    0x08007970   0x08007970   0x00000094   Data   RO         4684    .constdata          c_w.l(bigflt0.o)
    0x08007a04   0x08007a04   0x00000020   Data   RO         4854    Region$$Table       anon$$obj.o
    0x08007a24   0x08007a24   0x0000001c   Data   RO         4708    locale$$data        c_w.l(lc_numeric_c.o)
    0x08007a40   0x08007a40   0x00000110   Data   RO         4725    locale$$data        c_w.l(lc_ctype_c.o)


    Execution Region RW_IRAM1 (Exec base: 0x20000000, Load base: 0x08007b50, Size: 0x00000c58, Max: 0x00005000, ABSOLUTE)

    Exec Addr    Load Addr    Size         Type   Attr      Idx    E Section Name        Object

    0x20000000   0x08007b50   0x00000014   Data   RW         1805    .data               stm32f10x_rcc.o
    0x20000014   0x08007b64   0x00000018   Data   RW         3278    .data               svpwm_v.o
    0x2000002c   0x08007b7c   0x00000003   Data   RW         3329    .data               timer.o
    0x2000002f   0x08007b7f   0x00000029   Data   RW         3782    .data               key.o
    0x20000058   0x08007ba8   0x0000001c   Data   RW         3903    .data               as5600.o
    0x20000074   0x08007bc4   0x00000002   Data   RW         4011    .data               serial.o
    0x20000076   0x08007bc6   0x00000002   PAD
    0x20000078   0x08007bc8   0x00000008   Data   RW         4163    .data               control.o
    0x20000080   0x08007bd0   0x00000024   Data   RW         4229    .data               main.o
    0x200000a4        -       0x00000050   Zero   RW         3449    .bss                dataif.o
    0x200000f4        -       0x00000400   Zero   RW         3560    .bss                oled.o
    0x200004f4        -       0x00000010   Zero   RW         3781    .bss                key.o
    0x20000504        -       0x000000f0   Zero   RW         4193    .bss                focparam.o
    0x200005f4        -       0x00000060   Zero   RW         4670    .bss                c_w.l(libspace.o)
    0x20000654   0x08007bf4   0x00000004   PAD
    0x20000658        -       0x00000200   Zero   RW            2    HEAP                startup_stm32f10x_md.o
    0x20000858        -       0x00000400   Zero   RW            1    STACK               startup_stm32f10x_md.o


==============================================================================

Image component sizes


      Code (inc. data)   RO Data    RW Data    ZI Data      Debug   Object Name

       786         74          0         28          0       7777   as5600.o
       428         42          0          8          0       1735   control.o
         0          0          0          0          0       4532   core_cm3.o
       144         30          0          0         80       1789   dataif.o
        70          0          0          0          0        834   delay.o
      3112        152          0          0          0       6159   foc.o
       232         52          0          0        240       2507   focparam.o
       444         34          0         41         16       2264   key.o
       172         34          0          0          0       1925   led.o
      1924        370          0         36          0       4608   main.o
       132         22          0          0          0     213507   misc.o
      1584         52          0          0       1024      10405   oled.o
         0          0       2381          0          0        962   oled_data.o
       256         26          0          0          0       1924   pwm.o
       372         24          0          0          0       1551   rp.o
       294         26          0          2          0       2706   serial.o
        64         26        236          0       1536        780   startup_stm32f10x_md.o
       394         10          0          0          0      17709   stm32f10x_adc.o
       314          0          0          0          0      12020   stm32f10x_gpio.o
        26          0          0          0          0       3334   stm32f10x_it.o
       300         38          0         20          0      13173   stm32f10x_rcc.o
       868         82          0          0          0      29977   stm32f10x_tim.o
       472          6          0          0          0      12027   stm32f10x_usart.o
       748         46          0         24          0       2437   svpwm_v.o
        40          0          0          0          0        422   sys.o
       328         28          0          0          0      44853   system_stm32f10x.o
       232         16          0          3          0       1163   timer.o

    ----------------------------------------------------------------------
     13768       1190       2650        164       2896     403080   Object Totals
         0          0         32          0          0          0   (incl. Generated)
        32          0          1          2          0          0   (incl. Padding)

    ----------------------------------------------------------------------

      Code (inc. data)   RO Data    RW Data    ZI Data      Debug   Library Member Name

         8          0          0          0          0         68   __main.o
       392          4         17          0          0         92   __printf_flags_ss_wp.o
        14          0          0          0          0         68   __printf_wp.o
         0          0          0          0          0          0   __rtentry.o
        12          0          0          0          0          0   __rtentry2.o
         6          0          0          0          0          0   __rtentry4.o
        52          8          0          0          0          0   __scatter.o
        26          0          0          0          0          0   __scatter_copy.o
        28          0          0          0          0          0   __scatter_zi.o
         6          0          0          0          0          0   _printf_a.o
         6          0          0          0          0          0   _printf_c.o
        44          0          0          0          0        108   _printf_char.o
        48          6          0          0          0         96   _printf_char_common.o
        40          0          0          0          0         68   _printf_charcount.o
         6          0          0          0          0          0   _printf_d.o
       120         16          0          0          0         92   _printf_dec.o
         6          0          0          0          0          0   _printf_e.o
         6          0          0          0          0          0   _printf_f.o
      1054          0          0          0          0        216   _printf_fp_dec.o
       764          8         38          0          0        100   _printf_fp_hex.o
       128         16          0          0          0         84   _printf_fp_infnan.o
         6          0          0          0          0          0   _printf_g.o
       148          4         40          0          0        160   _printf_hex_int_ll_ptr.o
         6          0          0          0          0          0   _printf_i.o
       178          0          0          0          0         88   _printf_intcommon.o
        10          0          0          0          0          0   _printf_l.o
         6          0          0          0          0          0   _printf_lc.o
        10          0          0          0          0          0   _printf_ll.o
         6          0          0          0          0          0   _printf_lld.o
         6          0          0          0          0          0   _printf_lli.o
         6          0          0          0          0          0   _printf_llo.o
         6          0          0          0          0          0   _printf_llu.o
         6          0          0          0          0          0   _printf_llx.o
       124         16          0          0          0         92   _printf_longlong_dec.o
         6          0          0          0          0          0   _printf_ls.o
         6          0          0          0          0          0   _printf_n.o
         6          0          0          0          0          0   _printf_o.o
       112         10          0          0          0        124   _printf_oct_int_ll.o
         6          0          0          0          0          0   _printf_p.o
        78          0          0          0          0        108   _printf_pad.o
         0          0          0          0          0          0   _printf_percent.o
         4          0          0          0          0          0   _printf_percent_end.o
         6          0          0          0          0          0   _printf_s.o
        82          0          0          0          0         80   _printf_str.o
        36          0          0          0          0         84   _printf_truncate.o
         6          0          0          0          0          0   _printf_u.o
        44          0          0          0          0        108   _printf_wchar.o
       188          6          8          0          0         92   _printf_wctomb.o
         6          0          0          0          0          0   _printf_x.o
        22          0          0          0          0        100   _rserrno.o
        10          0          0          0          0         68   _sputc.o
        64          0          0          0          0         92   _wcrtomb.o
       228          4        148          0          0         96   bigflt0.o
      1936        128          0          0          0        672   btod.o
        18          0          0          0          0         80   exit.o
         6          0          0          0          0        152   heapauxi.o
         0          0          0          0          0          0   indicate_semi.o
        44         10        272          0          0         76   lc_ctype_c.o
        44         10         28          0          0         76   lc_numeric_c.o
         2          0          0          0          0          0   libinit.o
        30          0          0          0          0          0   libinit2.o
         2          0          0          0          0          0   libshutdown.o
         2          0          0          0          0          0   libshutdown2.o
         8          4          0          0         96         68   libspace.o
       138          0          0          0          0         80   lludiv10.o
        16          4          0          0          0         76   rt_ctype_table.o
         8          4          0          0          0         68   rt_errno_addr_intlibspace.o
         8          4          0          0          0         68   rt_locale_intlibspace.o
         2          0          0          0          0          0   rtexit.o
        10          0          0          0          0          0   rtexit2.o
       128          0          0          0          0         68   strcmpv7m.o
        12          4          0          0          0         68   sys_exit.o
        74          0          0          0          0         80   sys_stackheap_outer.o
         2          0          0          0          0         68   use_no_semi.o
        36          4          0          0          0         76   vsprintf.o
        98          4          0          0          0         92   d2f.o
       826         16          0          0          0        348   daddsub_clz.o
        16          4          0          0          0         68   dcheck1.o
        24          0          0          0          0         68   dcmpi.o
       688        140          0          0          0        208   ddiv.o
        94          4          0          0          0         92   dfix.o
        84          0          0          0          0        136   dflt_clz.o
       120          4          0          0          0         92   dleqf.o
       340         12          0          0          0        104   dmul.o
       156          4          0          0          0         92   dnaninf.o
       336         12          0          0          0         88   drem_clz.o
        12          0          0          0          0         68   dretinf.o
       108          0          0          0          0         80   drleqf.o
       460         56          0          0          0        120   dsqrt_noumaal.o
        86          4          0          0          0         84   f2d.o
       450          8          0          0          0        236   faddsub_clz.o
        24          0          0          0          0         68   fcmpi.o
       388         76          0          0          0         96   fdiv.o
        54          4          0          0          0         84   ffix.o
        62          4          0          0          0         84   ffixu.o
        86          0          0          0          0        136   fflt_clz.o
       104          4          0          0          0         84   fleqf.o
       258          4          0          0          0         84   fmul.o
       140          4          0          0          0         84   fnaninf.o
        10          0          0          0          0         68   fretinf.o
        98          0          0          0          0         68   frleqf.o
         4          0          0          0          0         68   printf1.o
         4          0          0          0          0         68   printf2.o
       100          0          0          0          0         68   retnan.o
        92          0          0          0          0         68   scalbn.o
        48          0          0          0          0         68   trapv.o
         0          0          0          0          0          0   usenofp.o
       156          8          0          0          0        104   cos.o
       252         22         48          0          0        124   cos_i.o
        34          6          0          0          0        204   dunder.o
       148          4          0          0          0         88   fmod.o
        40          0          0          0          0         68   fpclassify.o
       170          0          0          0          0         96   poly.o
       904         76        200          0          0        140   rred.o
       160         10          0          0          0        108   sin.o
       236         12         40          0          0        128   sin_i.o
        76          0          0          0          0         84   sqrt.o

    ----------------------------------------------------------------------
     14302        772        848          0        100       8376   Library Totals
        36          0          9          0          4          0   (incl. Padding)

    ----------------------------------------------------------------------

      Code (inc. data)   RO Data    RW Data    ZI Data      Debug   Library Name

      6720        270        551          0         96       4060   c_w.l
      5370        364          0          0          0       3172   fz_ws.l
      2176        138        288          0          0       1144   m_ws.l

    ----------------------------------------------------------------------
     14302        772        848          0        100       8376   Library Totals

    ----------------------------------------------------------------------

==============================================================================


      Code (inc. data)   RO Data    RW Data    ZI Data      Debug   

     28070       1962       3498        164       2996     399440   Grand Totals
     28070       1962       3498        164       2996     399440   ELF Image Totals
     28070       1962       3498        164          0          0   ROM Totals

==============================================================================

    Total RO  Size (Code + RO Data)                31568 (  30.83kB)
    Total RW  Size (RW Data + ZI Data)              3160 (   3.09kB)
    Total ROM Size (Code + RO Data + RW Data)      31732 (  30.99kB)

==============================================================================

