Component: ARM Compiler 5.06 update 5 (build 528) Tool: armlink [4d35e2]

==============================================================================

Section Cross References

    startup_stm32f10x_md.o(STACK) refers (Special) to heapauxi.o(.text) for __use_two_region_memory
    startup_stm32f10x_md.o(HEAP) refers (Special) to heapauxi.o(.text) for __use_two_region_memory
    startup_stm32f10x_md.o(RESET) refers (Special) to heapauxi.o(.text) for __use_two_region_memory
    startup_stm32f10x_md.o(RESET) refers to startup_stm32f10x_md.o(STACK) for __initial_sp
    startup_stm32f10x_md.o(RESET) refers to startup_stm32f10x_md.o(.text) for Reset_Handler
    startup_stm32f10x_md.o(RESET) refers to stm32f10x_it.o(i.NMI_Handler) for NMI_Handler
    startup_stm32f10x_md.o(RESET) refers to stm32f10x_it.o(i.HardFault_Handler) for HardFault_Handler
    startup_stm32f10x_md.o(RESET) refers to stm32f10x_it.o(i.MemManage_Handler) for MemManage_Handler
    startup_stm32f10x_md.o(RESET) refers to stm32f10x_it.o(i.BusFault_Handler) for BusFault_Handler
    startup_stm32f10x_md.o(RESET) refers to stm32f10x_it.o(i.UsageFault_Handler) for UsageFault_Handler
    startup_stm32f10x_md.o(RESET) refers to stm32f10x_it.o(i.SVC_Handler) for SVC_Handler
    startup_stm32f10x_md.o(RESET) refers to stm32f10x_it.o(i.DebugMon_Handler) for DebugMon_Handler
    startup_stm32f10x_md.o(RESET) refers to stm32f10x_it.o(i.PendSV_Handler) for PendSV_Handler
    startup_stm32f10x_md.o(RESET) refers to stm32f10x_it.o(i.SysTick_Handler) for SysTick_Handler
    startup_stm32f10x_md.o(RESET) refers to timer.o(i.TIM2_IRQHandler) for TIM2_IRQHandler
    startup_stm32f10x_md.o(RESET) refers to serial.o(i.USART2_IRQHandler) for USART2_IRQHandler
    startup_stm32f10x_md.o(.text) refers (Special) to heapauxi.o(.text) for __use_two_region_memory
    startup_stm32f10x_md.o(.text) refers to system_stm32f10x.o(i.SystemInit) for SystemInit
    startup_stm32f10x_md.o(.text) refers to __main.o(!!!main) for __main
    startup_stm32f10x_md.o(.text) refers to startup_stm32f10x_md.o(HEAP) for Heap_Mem
    startup_stm32f10x_md.o(.text) refers to startup_stm32f10x_md.o(STACK) for Stack_Mem
    system_stm32f10x.o(i.SetSysClock) refers to system_stm32f10x.o(i.SetSysClockTo72) for SetSysClockTo72
    system_stm32f10x.o(i.SystemCoreClockUpdate) refers to system_stm32f10x.o(.data) for SystemCoreClock
    system_stm32f10x.o(i.SystemInit) refers to system_stm32f10x.o(i.SetSysClock) for SetSysClock
    stm32f10x_adc.o(i.ADC_DeInit) refers to stm32f10x_rcc.o(i.RCC_APB2PeriphResetCmd) for RCC_APB2PeriphResetCmd
    stm32f10x_bkp.o(i.BKP_DeInit) refers to stm32f10x_rcc.o(i.RCC_BackupResetCmd) for RCC_BackupResetCmd
    stm32f10x_can.o(i.CAN_DeInit) refers to stm32f10x_rcc.o(i.RCC_APB1PeriphResetCmd) for RCC_APB1PeriphResetCmd
    stm32f10x_can.o(i.CAN_GetITStatus) refers to stm32f10x_can.o(i.CheckITStatus) for CheckITStatus
    stm32f10x_cec.o(i.CEC_DeInit) refers to stm32f10x_rcc.o(i.RCC_APB1PeriphResetCmd) for RCC_APB1PeriphResetCmd
    stm32f10x_dac.o(i.DAC_DeInit) refers to stm32f10x_rcc.o(i.RCC_APB1PeriphResetCmd) for RCC_APB1PeriphResetCmd
    stm32f10x_flash.o(i.FLASH_EnableWriteProtection) refers to stm32f10x_flash.o(i.FLASH_WaitForLastOperation) for FLASH_WaitForLastOperation
    stm32f10x_flash.o(i.FLASH_EraseAllBank1Pages) refers to stm32f10x_flash.o(i.FLASH_WaitForLastBank1Operation) for FLASH_WaitForLastBank1Operation
    stm32f10x_flash.o(i.FLASH_EraseAllPages) refers to stm32f10x_flash.o(i.FLASH_WaitForLastOperation) for FLASH_WaitForLastOperation
    stm32f10x_flash.o(i.FLASH_EraseOptionBytes) refers to stm32f10x_flash.o(i.FLASH_GetReadOutProtectionStatus) for FLASH_GetReadOutProtectionStatus
    stm32f10x_flash.o(i.FLASH_EraseOptionBytes) refers to stm32f10x_flash.o(i.FLASH_WaitForLastOperation) for FLASH_WaitForLastOperation
    stm32f10x_flash.o(i.FLASH_ErasePage) refers to stm32f10x_flash.o(i.FLASH_WaitForLastOperation) for FLASH_WaitForLastOperation
    stm32f10x_flash.o(i.FLASH_ProgramHalfWord) refers to stm32f10x_flash.o(i.FLASH_WaitForLastOperation) for FLASH_WaitForLastOperation
    stm32f10x_flash.o(i.FLASH_ProgramOptionByteData) refers to stm32f10x_flash.o(i.FLASH_WaitForLastOperation) for FLASH_WaitForLastOperation
    stm32f10x_flash.o(i.FLASH_ProgramWord) refers to stm32f10x_flash.o(i.FLASH_WaitForLastOperation) for FLASH_WaitForLastOperation
    stm32f10x_flash.o(i.FLASH_ReadOutProtection) refers to stm32f10x_flash.o(i.FLASH_WaitForLastOperation) for FLASH_WaitForLastOperation
    stm32f10x_flash.o(i.FLASH_UserOptionByteConfig) refers to stm32f10x_flash.o(i.FLASH_WaitForLastOperation) for FLASH_WaitForLastOperation
    stm32f10x_flash.o(i.FLASH_WaitForLastBank1Operation) refers to stm32f10x_flash.o(i.FLASH_GetBank1Status) for FLASH_GetBank1Status
    stm32f10x_flash.o(i.FLASH_WaitForLastOperation) refers to stm32f10x_flash.o(i.FLASH_GetBank1Status) for FLASH_GetBank1Status
[...]
    _printf_c                                0x0800021d   Thumb Code     0  _printf_c.o(.ARM.Collect$$_printf_percent$$00000013)
    _printf_s                                0x08000223   Thumb Code     0  _printf_s.o(.ARM.Collect$$_printf_percent$$00000014)
    _printf_lc                               0x08000229   Thumb Code     0  _printf_lc.o(.ARM.Collect$$_printf_percent$$00000015)
    _printf_ls                               0x0800022f   Thumb Code     0  _printf_ls.o(.ARM.Collect$$_printf_percent$$00000016)
    _printf_percent_end                      0x08000235   Thumb Code     0  _printf_percent_end.o(.ARM.Collect$$_printf_percent$$00000017)
    __rt_lib_init                            0x08000239   Thumb Code     0  libinit.o(.ARM.Collect$$libinit$$00000000)
    __rt_lib_init_fp_1                       0x0800023b   Thumb Code     0  libinit2.o(.ARM.Collect$$libinit$$00000002)
    __rt_lib_init_heap_1                     0x0800023b   Thumb Code     0  libinit2.o(.ARM.Collect$$libinit$$0000000A)
    __rt_lib_init_lc_common                  0x0800023b   Thumb Code     0  libinit2.o(.ARM.Collect$$libinit$$0000000F)
    __rt_lib_init_preinit_1                  0x0800023b   Thumb Code     0  libinit2.o(.ARM.Collect$$libinit$$00000004)
    __rt_lib_init_rand_1                     0x0800023b   Thumb Code     0  libinit2.o(.ARM.Collect$$libinit$$0000000E)
    __rt_lib_init_user_alloc_1               0x0800023b   Thumb Code     0  libinit2.o(.ARM.Collect$$libinit$$0000000C)
    __rt_lib_init_lc_collate_1               0x08000241   Thumb Code     0  libinit2.o(.ARM.Collect$$libinit$$00000011)
    __rt_lib_init_lc_ctype_2                 0x08000241   Thumb Code     0  libinit2.o(.ARM.Collect$$libinit$$00000012)
    __rt_lib_init_lc_ctype_1                 0x0800024d   Thumb Code     0  libinit2.o(.ARM.Collect$$libinit$$00000013)
    __rt_lib_init_lc_monetary_1              0x0800024d   Thumb Code     0  libinit2.o(.ARM.Collect$$libinit$$00000015)
    __rt_lib_init_lc_numeric_2               0x0800024d   Thumb Code     0  libinit2.o(.ARM.Collect$$libinit$$00000016)
    __rt_lib_init_alloca_1                   0x08000257   Thumb Code     0  libinit2.o(.ARM.Collect$$libinit$$0000002E)
    __rt_lib_init_argv_1                     0x08000257   Thumb Code     0  libinit2.o(.ARM.Collect$$libinit$$0000002C)
    __rt_lib_init_atexit_1                   0x08000257   Thumb Code     0  libinit2.o(.ARM.Collect$$libinit$$0000001B)
    __rt_lib_init_clock_1                    0x08000257   Thumb Code     0  libinit2.o(.ARM.Collect$$libinit$$00000021)
    __rt_lib_init_cpp_1                      0x08000257   Thumb Code     0  libinit2.o(.ARM.Collect$$libinit$$00000032)
    __rt_lib_init_exceptions_1               0x08000257   Thumb Code     0  libinit2.o(.ARM.Collect$$libinit$$00000030)
    __rt_lib_init_fp_trap_1                  0x08000257   Thumb Code     0  libinit2.o(.ARM.Collect$$libinit$$0000001F)
    __rt_lib_init_getenv_1                   0x08000257   Thumb Code     0  libinit2.o(.ARM.Collect$$libinit$$00000023)
    __rt_lib_init_lc_numeric_1               0x08000257   Thumb Code     0  libinit2.o(.ARM.Collect$$libinit$$00000017)
    __rt_lib_init_lc_time_1                  0x08000257   Thumb Code     0  libinit2.o(.ARM.Collect$$libinit$$00000019)
    __rt_lib_init_return                     0x08000257   Thumb Code     0  libinit2.o(.ARM.Collect$$libinit$$00000033)
    __rt_lib_init_signal_1                   0x08000257   Thumb Code     0  libinit2.o(.ARM.Collect$$libinit$$0000001D)
    __rt_lib_init_stdio_1                    0x08000257   Thumb Code     0  libinit2.o(.ARM.Collect$$libinit$$00000025)
    __rt_lib_shutdown                        0x08000259   Thumb Code     0  libshutdown.o(.ARM.Collect$$libshutdown$$00000000)
    __rt_lib_shutdown_cpp_1                  0x0800025b   Thumb Code     0  libshutdown2.o(.ARM.Collect$$libshutdown$$00000002)
    __rt_lib_shutdown_fp_trap_1              0x0800025b   Thumb Code     0  libshutdown2.o(.ARM.Collect$$libshutdown$$00000007)
    __rt_lib_shutdown_heap_1                 0x0800025b   Thumb Code     0  libshutdown2.o(.ARM.Collect$$libshutdown$$0000000F)
    __rt_lib_shutdown_return                 0x0800025b   Thumb Code     0  libshutdown2.o(.ARM.Collect$$libshutdown$$00000010)
    __rt_lib_shutdown_signal_1               0x0800025b   Thumb Code     0  libshutdown2.o(.ARM.Collect$$libshutdown$$0000000A)
    __rt_lib_shutdown_stdio_1                0x0800025b   Thumb Code     0  libshutdown2.o(.ARM.Collect$$libshutdown$$00000004)
    __rt_lib_shutdown_user_alloc_1           0x0800025b   Thumb Code     0  libshutdown2.o(.ARM.Collect$$libshutdown$$0000000C)
    __rt_entry                               0x0800025d   Thumb Code     0  __rtentry.o(.ARM.Collect$$rtentry$$00000000)
    __rt_entry_presh_1                       0x0800025d   Thumb Code     0  __rtentry2.o(.ARM.Collect$$rtentry$$00000002)
    __rt_entry_sh                            0x0800025d   Thumb Code     0  __rtentry4.o(.ARM.Collect$$rtentry$$00000004)
    __rt_entry_li                            0x08000263   Thumb Code     0  __rtentry2.o(.ARM.Collect$$rtentry$$0000000A)
    __rt_entry_postsh_1                      0x08000263   Thumb Code     0  __rtentry2.o(.ARM.Collect$$rtentry$$00000009)
    __rt_entry_main                          0x08000267   Thumb Code     0  __rtentry2.o(.ARM.Collect$$rtentry$$0000000D)
    __rt_entry_postli_1                      0x08000267   Thumb Code     0  __rtentry2.o(.ARM.Collect$$rtentry$$0000000C)
    __rt_exit                                0x0800026f   Thumb Code     0  rtexit.o(.ARM.Collect$$rtexit$$00000000)
    __rt_exit_ls                             0x08000271   Thumb Code     0  rtexit2.o(.ARM.Collect$$rtexit$$00000003)
    __rt_exit_prels_1                        0x08000271   Thumb Code     0  rtexit2.o(.ARM.Collect$$rtexit$$00000002)
    __rt_exit_exit                           0x08000275   Thumb Code     0  rtexit2.o(.ARM.Collect$$rtexit$$00000004)
    Reset_Handler                            0x0800027d   Thumb Code     8  startup_stm32f10x_md.o(.text)
    ADC1_2_IRQHandler                        0x08000297   Thumb Code     0  startup_stm32f10x_md.o(.text)
    CAN1_RX1_IRQHandler                      0x08000297   Thumb Code     0  startup_stm32f10x_md.o(.text)
    CAN1_SCE_IRQHandler                      0x08000297   Thumb Code     0  startup_stm32f10x_md.o(.text)
    DMA1_Channel1_IRQHandler                 0x08000297   Thumb Code     0  startup_stm32f10x_md.o(.text)
    DMA1_Channel2_IRQHandler                 0x08000297   Thumb Code     0  startup_stm32f10x_md.o(.text)
    DMA1_Channel3_IRQHandler                 0x08000297   Thumb Code     0  startup_stm32f10x_md.o(.text)
    DMA1_Channel4_IRQHandler                 0x08000297   Thumb Code     0  startup_stm32f10x_md.o(.text)
    DMA1_Channel5_IRQHandler                 0x08000297   Thumb Code     0  startup_stm32f10x_md.o(.text)
    DMA1_Channel6_IRQHandler                 0x08000297   Thumb Code     0  startup_stm32f10x_md.o(.text)
    DMA1_Channel7_IRQHandler                 0x08000297   Thumb Code     0  startup_stm32f10x_md.o(.text)
    EXTI0_IRQHandler                         0x08000297   Thumb Code     0  startup_stm32f10x_md.o(.text)
    EXTI15_10_IRQHandler                     0x08000297   Thumb Code     0  startup_stm32f10x_md.o(.text)
    EXTI1_IRQHandler                         0x08000297   Thumb Code     0  startup_stm32f10x_md.o(.text)
    EXTI2_IRQHandler                         0x08000297   Thumb Code     0  startup_stm32f10x_md.o(.text)
    EXTI3_IRQHandler                         0x08000297   Thumb Code     0  startup_stm32f10x_md.o(.text)
    EXTI4_IRQHandler                         0x08000297   Thumb Code     0  startup_stm32f10x_md.o(.text)
    EXTI9_5_IRQHandler                       0x08000297   Thumb Code     0  startup_stm32f10x_md.o(.text)
    FLASH_IRQHandler                         0x08000297   Thumb Code     0  startup_stm32f10x_md.o(.text)
    I2C1_ER_IRQHandler                       0x08000297   Thumb Code     0  startup_stm32f10x_md.o(.text)
    I2C1_EV_IRQHandler                       0x08000297   Thumb Code     0  startup_stm32f10x_md.o(.text)
    I2C2_ER_IRQHandler                       0x08000297   Thumb Code     0  startup_stm32f10x_md.o(.text)
    I2C2_EV_IRQHandler                       0x08000297   Thumb Code     0  startup_stm32f10x_md.o(.text)
    PVD_IRQHandler                           0x08000297   Thumb Code     0  startup_stm32f10x_md.o(.text)
    RCC_IRQHandler                           0x08000297   Thumb Code     0  startup_stm32f10x_md.o(.text)
    RTCAlarm_IRQHandler                      0x08000297   Thumb Code     0  startup_stm32f10x_md.o(.text)
    RTC_IRQHandler                           0x08000297   Thumb Code     0  startup_stm32f10x_md.o(.text)
    SPI1_IRQHandler                          0x08000297   Thumb Code     0  startup_stm32f10x_md.o(.text)
    SPI2_IRQHandler                          0x08000297   Thumb Code     0  startup_stm32f10x_md.o(.text)
    TAMPER_IRQHandler                        0x08000297   Thumb Code     0  startup_stm32f10x_md.o(.text)
    TIM1_BRK_IRQHandler                      0x08000297   Thumb Code     0  startup_stm32f10x_md.o(.text)
    TIM1_CC_IRQHandler                       0x08000297   Thumb Code     0  startup_stm32f10x_md.o(.text)
    TIM1_TRG_COM_IRQHandler                  0x08000297   Thumb Code     0  startup_stm32f10x_md.o(.text)
    TIM1_UP_IRQHandler                       0x08000297   Thumb Code     0  startup_stm32f10x_md.o(.text)
    TIM3_IRQHandler                          0x08000297   Thumb Code     0  startup_stm32f10x_md.o(.text)
    TIM4_IRQHandler                          0x08000297   Thumb Code     0  startup_stm32f10x_md.o(.text)
    USART1_IRQHandler                        0x08000297   Thumb Code     0  startup_stm32f10x_md.o(.text)
    USART3_IRQHandler                        0x08000297   Thumb Code     0  startup_stm32f10x_md.o(.text)
    USBWakeUp_IRQHandler                     0x08000297   Thumb Code     0  startup_stm32f10x_md.o(.text)
    USB_HP_CAN1_TX_IRQHandler                0x08000297   Thumb Code     0  startup_stm32f10x_md.o(.text)
    USB_LP_CAN1_RX0_IRQHandler               0x08000297   Thumb Code     0  startup_stm32f10x_md.o(.text)
    WWDG_IRQHandler                          0x08000297   Thumb Code     0  startup_stm32f10x_md.o(.text)
    __user_initial_stackheap                 0x08000299   Thumb Code     0  startup_stm32f10x_md.o(.text)
    vsprintf                                 0x080002bd   Thumb Code    32  vsprintf.o(.text)
    strcmp                                   0x080002e1   Thumb Code   128  strcmpv7m.o(.text)
    __use_two_region_memory                  0x08000361   Thumb Code     2  heapauxi.o(.text)
    __rt_heap_escrow$2region                 0x08000363   Thumb Code     2  heapauxi.o(.text)
    __rt_heap_expand$2region                 0x08000365   Thumb Code     2  heapauxi.o(.text)
    __read_errno                             0x08000367   Thumb Code    10  _rserrno.o(.text)
    __set_errno                              0x08000371   Thumb Code    12  _rserrno.o(.text)
    _printf_pre_padding                      0x0800037d   Thumb Code    44  _printf_pad.o(.text)
    _printf_post_padding                     0x080003a9   Thumb Code    34  _printf_pad.o(.text)
    _printf_truncate_signed                  0x080003cb   Thumb Code    18  _printf_truncate.o(.text)
    _printf_truncate_unsigned                0x080003dd   Thumb Code    18  _printf_truncate.o(.text)
    _printf_str                              0x080003ef   Thumb Code    82  _printf_str.o(.text)
    _printf_int_dec                          0x08000441   Thumb Code   104  _printf_dec.o(.text)
    _printf_charcount                        0x080004b9   Thumb Code    40  _printf_charcount.o(.text)
    _printf_char_common                      0x080004eb   Thumb Code    32  _printf_char_common.o(.text)
    _sputc                                   0x08000511   Thumb Code    10  _sputc.o(.text)
    _printf_wctomb                           0x0800051d   Thumb Code   182  _printf_wctomb.o(.text)
    _printf_longlong_dec                     0x080005d9   Thumb Code   108  _printf_longlong_dec.o(.text)
    _printf_longlong_oct                     0x08000655   Thumb Code    66  _printf_oct_int_ll.o(.text)
    _printf_int_oct                          0x08000697   Thumb Code    24  _printf_oct_int_ll.o(.text)
    _printf_ll_oct                           0x080006af   Thumb Code    12  _printf_oct_int_ll.o(.text)
    _printf_longlong_hex                     0x080006c5   Thumb Code    86  _printf_hex_int_ll_ptr.o(.text)
    _printf_int_hex                          0x0800071b   Thumb Code    28  _printf_hex_int_ll_ptr.o(.text)
    _printf_ll_hex                           0x08000737   Thumb Code    12  _printf_hex_int_ll_ptr.o(.text)
    _printf_hex_ptr                          0x08000743   Thumb Code    18  _printf_hex_int_ll_ptr.o(.text)
    __printf                                 0x08000759   Thumb Code   388  __printf_flags_ss_wp.o(.text)
    __aeabi_errno_addr                       0x080008e1   Thumb Code     8  rt_errno_addr_intlibspace.o(.text)
    __errno$intlibspace                      0x080008e1   Thumb Code     0  rt_errno_addr_intlibspace.o(.text)
    __rt_errno_addr$intlibspace              0x080008e1   Thumb Code     0  rt_errno_addr_intlibspace.o(.text)
    _ll_udiv10                               0x080008e9   Thumb Code   138  lludiv10.o(.text)
    _printf_int_common                       0x08000973   Thumb Code   178  _printf_intcommon.o(.text)
    __lib_sel_fp_printf                      0x08000a25   Thumb Code     2  _printf_fp_dec.o(.text)
    _printf_fp_dec_real                      0x08000bd7   Thumb Code   620  _printf_fp_dec.o(.text)
    _printf_fp_hex_real                      0x08000e45   Thumb Code   756  _printf_fp_hex.o(.text)
    _printf_cs_common                        0x08001141   Thumb Code    20  _printf_char.o(.text)
    _printf_char                             0x08001155   Thumb Code    16  _printf_char.o(.text)
    _printf_string                           0x08001165   Thumb Code     8  _printf_char.o(.text)
    _printf_lcs_common                       0x0800116d   Thumb Code    20  _printf_wchar.o(.text)
    _printf_wchar                            0x08001181   Thumb Code    16  _printf_wchar.o(.text)
    _printf_wstring                          0x08001191   Thumb Code     8  _printf_wchar.o(.text)
    _wcrtomb                                 0x08001199   Thumb Code    64  _wcrtomb.o(.text)
    __user_libspace                          0x080011d9   Thumb Code     8  libspace.o(.text)
    __user_perproc_libspace                  0x080011d9   Thumb Code     0  libspace.o(.text)
    __user_perthread_libspace                0x080011d9   Thumb Code     0  libspace.o(.text)
    __user_setup_stackheap                   0x080011e1   Thumb Code    74  sys_stackheap_outer.o(.text)
    __rt_ctype_table                         0x0800122d   Thumb Code    16  rt_ctype_table.o(.text)
    __rt_locale                              0x0800123d   Thumb Code     8  rt_locale_intlibspace.o(.text)
    _printf_fp_infnan                        0x08001245   Thumb Code   112  _printf_fp_infnan.o(.text)
    _btod_etento                             0x080012c5   Thumb Code   224  bigflt0.o(.text)
    exit                                     0x080013a9   Thumb Code    18  exit.o(.text)
    _sys_exit                                0x080013bd   Thumb Code     8  sys_exit.o(.text)
    __I$use$semihosting                      0x080013c9   Thumb Code     0  use_no_semi.o(.text)
    __use_no_semihosting_swi                 0x080013c9   Thumb Code     2  use_no_semi.o(.text)
    __semihosting_library_function           0x080013cb   Thumb Code     0  indicate_semi.o(.text)
    _btod_d2e                                0x080013cb   Thumb Code    62  btod.o(CL$$btod_d2e)
    _d2e_denorm_low                          0x08001409   Thumb Code    70  btod.o(CL$$btod_d2e_denorm_low)
    _d2e_norm_op1                            0x0800144f   Thumb Code    96  btod.o(CL$$btod_d2e_norm_op1)
    __btod_div_common                        0x080014af   Thumb Code   696  btod.o(CL$$btod_div_common)
    _e2e                                     0x080017e7   Thumb Code   220  btod.o(CL$$btod_e2e)
    _btod_ediv                               0x080018c3   Thumb Code    42  btod.o(CL$$btod_ediv)
    _btod_emul                               0x080018ed   Thumb Code    42  btod.o(CL$$btod_emul)
    __btod_mult_common                       0x08001917   Thumb Code   580  btod.o(CL$$btod_mult_common)
    ADC_Cmd                                  0x08001b5b   Thumb Code    22  stm32f10x_adc.o(i.ADC_Cmd)
    ADC_GetCalibrationStatus                 0x08001b71   Thumb Code    20  stm32f10x_adc.o(i.ADC_GetCalibrationStatus)
    ADC_GetResetCalibrationStatus            0x08001b85   Thumb Code    20  stm32f10x_adc.o(i.ADC_GetResetCalibrationStatus)
    ADC_Init                                 0x08001b99   Thumb Code    70  stm32f10x_adc.o(i.ADC_Init)
    ADC_ResetCalibration                     0x08001be9   Thumb Code    10  stm32f10x_adc.o(i.ADC_ResetCalibration)
    ADC_StartCalibration                     0x08001bf3   Thumb Code    10  stm32f10x_adc.o(i.ADC_StartCalibration)
    AS5600_GetData                           0x08001bfd   Thumb Code    50  as5600.o(i.AS5600_GetData)
    AS5600_Init                              0x08001c2f   Thumb Code     8  as5600.o(i.AS5600_Init)
    AS5600_ReadReg                           0x08001c37   Thumb Code    62  as5600.o(i.AS5600_ReadReg)
    Bsw_Init                                 0x08001c75   Thumb Code    46  main.o(i.Bsw_Init)
    BusFault_Handler                         0x08001ca9   Thumb Code     4  stm32f10x_it.o(i.BusFault_Handler)
    DebugMon_Handler                         0x08001cad   Thumb Code     2  stm32f10x_it.o(i.DebugMon_Handler)
    Delay_ms                                 0x08001caf   Thumb Code    24  delay.o(i.Delay_ms)
    Delay_us                                 0x08001cc7   Thumb Code    46  delay.o(i.Delay_us)
    FOCPARAM_init                            0x08001cf5   Thumb Code    64  focparam.o(i.FOCPARAM_init)
    FOC_AS5600_Init                          0x08001d45   Thumb Code    66  foc.o(i.FOC_AS5600_Init)
    FOC_Init                                 0x08001d95   Thumb Code    22  foc.o(i.FOC_Init)
    FOC_Motor_initialize                     0x08001db1   Thumb Code     2  foc_motor.o(i.FOC_Motor_initialize)
    FOC_Motor_step                           0x08001db5   Thumb Code  1870  foc_motor.o(i.FOC_Motor_step)
    GPIO_Init                                0x08002529   Thumb Code   278  stm32f10x_gpio.o(i.GPIO_Init)
    GPIO_ReadInputDataBit                    0x0800263f   Thumb Code    18  stm32f10x_gpio.o(i.GPIO_ReadInputDataBit)
    GPIO_ResetBits                           0x08002651   Thumb Code     4  stm32f10x_gpio.o(i.GPIO_ResetBits)
    GPIO_SetBits                             0x08002655   Thumb Code     4  stm32f10x_gpio.o(i.GPIO_SetBits)
    GPIO_WriteBit                            0x08002659   Thumb Code    10  stm32f10x_gpio.o(i.GPIO_WriteBit)
    HardFault_Handler                        0x08002663   Thumb Code     4  stm32f10x_it.o(i.HardFault_Handler)
    KeyDeal                                  0x08002669   Thumb Code   132  main.o(i.KeyDeal)
    Key_GetNum                               0x080026f9   Thumb Code    24  key.o(i.Key_GetNum)
    Key_GetState                             0x08002715   Thumb Code    62  key.o(i.Key_GetState)
    Key_Init                                 0x08002759   Thumb Code    38  key.o(i.Key_Init)
    Key_Tick                                 0x08002785   Thumb Code    62  key.o(i.Key_Tick)
    LEDDeal                                  0x080027d5   Thumb Code    24  main.o(i.LEDDeal)
    LED_Init                                 0x080027f1   Thumb Code    48  led.o(i.LED_Init)
    LED_OFF                                  0x08002825   Thumb Code    14  led.o(i.LED_OFF)
    LED_ON                                   0x08002839   Thumb Code    14  led.o(i.LED_ON)
    LOWPass_Filter                           0x0800284d   Thumb Code    80  dataif.o(i.LOWPass_Filter)
    MBD_APIIN                                0x080028a1   Thumb Code    40  dataif.o(i.MBD_APIIN)
    MemManage_Handler                        0x080028d5   Thumb Code     4  stm32f10x_it.o(i.MemManage_Handler)
    MyI2C_Init                               0x080028d9   Thumb Code    50  as5600.o(i.MyI2C_Init)
    MyI2C_R_SDA                              0x08002911   Thumb Code    24  as5600.o(i.MyI2C_R_SDA)
    MyI2C_ReceiveAck                         0x0800292d   Thumb Code    30  as5600.o(i.MyI2C_ReceiveAck)
    MyI2C_ReceiveByte                        0x0800294b   Thumb Code    52  as5600.o(i.MyI2C_ReceiveByte)
    MyI2C_SendAck                            0x0800297f   Thumb Code    24  as5600.o(i.MyI2C_SendAck)
    MyI2C_SendByte                           0x08002997   Thumb Code    42  as5600.o(i.MyI2C_SendByte)
    MyI2C_Start                              0x080029c1   Thumb Code    28  as5600.o(i.MyI2C_Start)
    MyI2C_Stop                               0x080029dd   Thumb Code    22  as5600.o(i.MyI2C_Stop)
    MyI2C_W_SCL                              0x080029f5   Thumb Code    24  as5600.o(i.MyI2C_W_SCL)
    MyI2C_W_SDA                              0x08002a11   Thumb Code    24  as5600.o(i.MyI2C_W_SDA)
    NMI_Handler                              0x08002a2d   Thumb Code     2  stm32f10x_it.o(i.NMI_Handler)
    NVIC_Config                              0x08002a2f   Thumb Code    40  sys.o(i.NVIC_Config)
    NVIC_Init                                0x08002a59   Thumb Code   100  misc.o(i.NVIC_Init)
    NVIC_PriorityGroupConfig                 0x08002ac9   Thumb Code    10  misc.o(i.NVIC_PriorityGroupConfig)
    OLEDDeal                                 0x08002add   Thumb Code    40  main.o(i.OLEDDeal)
    OLED_Clear                               0x08002b09   Thumb Code    36  oled.o(i.OLED_Clear)
    OLED_ClearArea                           0x08002b31   Thumb Code   140  oled.o(i.OLED_ClearArea)
    OLED_GPIO_Init                           0x08002bc1   Thumb Code    92  oled.o(i.OLED_GPIO_Init)
    OLED_I2C_SendByte                        0x08002c21   Thumb Code    62  oled.o(i.OLED_I2C_SendByte)
    OLED_I2C_Start                           0x08002c5f   Thumb Code    28  oled.o(i.OLED_I2C_Start)
    OLED_I2C_Stop                            0x08002c7b   Thumb Code    22  oled.o(i.OLED_I2C_Stop)
    OLED_Init                                0x08002c91   Thumb Code   154  oled.o(i.OLED_Init)
    OLED_Pow                                 0x08002d2b   Thumb Code    20  oled.o(i.OLED_Pow)
    OLED_SetCursor                           0x08002d3f   Thumb Code    34  oled.o(i.OLED_SetCursor)
    OLED_ShowChar                            0x08002d61   Thumb Code    74  oled.o(i.OLED_ShowChar)
    OLED_ShowFloatNum                        0x08002db5   Thumb Code   210  oled.o(i.OLED_ShowFloatNum)
    OLED_ShowImage                           0x08002e89   Thumb Code   248  oled.o(i.OLED_ShowImage)
    OLED_ShowNum                             0x08002f85   Thumb Code    76  oled.o(i.OLED_ShowNum)
    OLED_Update                              0x08002fd1   Thumb Code    36  oled.o(i.OLED_Update)
    OLED_W_SCL                               0x08002ff9   Thumb Code    18  oled.o(i.OLED_W_SCL)
    OLED_W_SDA                               0x08003011   Thumb Code    18  oled.o(i.OLED_W_SDA)
    OLED_WriteCommand                        0x08003029   Thumb Code    32  oled.o(i.OLED_WriteCommand)
    OLED_WriteData                           0x08003049   Thumb Code    46  oled.o(i.OLED_WriteData)
    PID_init                                 0x08003079   Thumb Code    72  focparam.o(i.PID_init)
    PWMFOC_Init                              0x080030d5   Thumb Code   188  pwm.o(i.PWMFOC_Init)
    PWM_SetCompare1                          0x08003199   Thumb Code    14  pwm.o(i.PWM_SetCompare1)
    PWM_SetCompare2                          0x080031ad   Thumb Code    14  pwm.o(i.PWM_SetCompare2)
    PWM_SetCompare3                          0x080031c1   Thumb Code    14  pwm.o(i.PWM_SetCompare3)
    PendSV_Handler                           0x080031d5   Thumb Code     2  stm32f10x_it.o(i.PendSV_Handler)
    RCC_ADCCLKConfig                         0x080031d9   Thumb Code    18  stm32f10x_rcc.o(i.RCC_ADCCLKConfig)
    RCC_APB1PeriphClockCmd                   0x080031f1   Thumb Code    26  stm32f10x_rcc.o(i.RCC_APB1PeriphClockCmd)
    RCC_APB2PeriphClockCmd                   0x08003211   Thumb Code    26  stm32f10x_rcc.o(i.RCC_APB2PeriphClockCmd)
    RCC_GetClocksFreq                        0x08003231   Thumb Code   192  stm32f10x_rcc.o(i.RCC_GetClocksFreq)
    RP_Init                                  0x08003305   Thumb Code   158  rp.o(i.RP_Init)
    SVC_Handler                              0x080033b1   Thumb Code     2  stm32f10x_it.o(i.SVC_Handler)
    Serial_Init                              0x080033b5   Thumb Code   134  serial.o(i.Serial_Init)
    Serial_Printf                            0x08003445   Thumb Code    36  serial.o(i.Serial_Printf)
    Serial_SendByte                          0x08003469   Thumb Code    28  serial.o(i.Serial_SendByte)
    Serial_SendString                        0x08003489   Thumb Code    26  serial.o(i.Serial_SendString)
    SysTick_Handler                          0x0800358d   Thumb Code     2  stm32f10x_it.o(i.SysTick_Handler)
    SystemInit                               0x08003591   Thumb Code    78  system_stm32f10x.o(i.SystemInit)
    TIM2_IRQHandler                          0x080035f1   Thumb Code   108  timer.o(i.TIM2_IRQHandler)
    TIM_ARRPreloadConfig                     0x0800366d   Thumb Code    24  stm32f10x_tim.o(i.TIM_ARRPreloadConfig)
    TIM_ClearFlag                            0x08003685   Thumb Code     6  stm32f10x_tim.o(i.TIM_ClearFlag)
    TIM_ClearITPendingBit                    0x0800368b   Thumb Code     6  stm32f10x_tim.o(i.TIM_ClearITPendingBit)
    TIM_Cmd                                  0x08003691   Thumb Code    24  stm32f10x_tim.o(i.TIM_Cmd)
    TIM_CtrlPWMOutputs                       0x080036a9   Thumb Code    30  stm32f10x_tim.o(i.TIM_CtrlPWMOutputs)
    TIM_GetITStatus                          0x080036c7   Thumb Code    34  stm32f10x_tim.o(i.TIM_GetITStatus)
    TIM_ITConfig                             0x080036e9   Thumb Code    18  stm32f10x_tim.o(i.TIM_ITConfig)
    TIM_InternalClockConfig                  0x080036fb   Thumb Code    12  stm32f10x_tim.o(i.TIM_InternalClockConfig)
    TIM_OC1Init                              0x08003709   Thumb Code   132  stm32f10x_tim.o(i.TIM_OC1Init)
    TIM_OC1PreloadConfig                     0x080037a1   Thumb Code    18  stm32f10x_tim.o(i.TIM_OC1PreloadConfig)
    TIM_OC2Init                              0x080037b5   Thumb Code   154  stm32f10x_tim.o(i.TIM_OC2Init)
    TIM_OC2PreloadConfig                     0x08003859   Thumb Code    26  stm32f10x_tim.o(i.TIM_OC2PreloadConfig)
    TIM_OC3Init                              0x08003875   Thumb Code   150  stm32f10x_tim.o(i.TIM_OC3Init)
    TIM_OC3PreloadConfig                     0x08003915   Thumb Code    18  stm32f10x_tim.o(i.TIM_OC3PreloadConfig)
    TIM_SetCompare1                          0x08003927   Thumb Code     4  stm32f10x_tim.o(i.TIM_SetCompare1)
    TIM_SetCompare2                          0x0800392b   Thumb Code     4  stm32f10x_tim.o(i.TIM_SetCompare2)
    TIM_SetCompare3                          0x0800392f   Thumb Code     4  stm32f10x_tim.o(i.TIM_SetCompare3)
    TIM_TimeBaseInit                         0x08003935   Thumb Code   122  stm32f10x_tim.o(i.TIM_TimeBaseInit)
    Timer_Init                               0x080039d9   Thumb Code   116  timer.o(i.Timer_Init)
    USART2_IRQHandler                        0x08003a4d   Thumb Code    44  serial.o(i.USART2_IRQHandler)
    USART_ClearITPendingBit                  0x08003a85   Thumb Code    30  stm32f10x_usart.o(i.USART_ClearITPendingBit)
    USART_Cmd                                0x08003aa3   Thumb Code    24  stm32f10x_usart.o(i.USART_Cmd)
    USART_GetFlagStatus                      0x08003abb   Thumb Code    26  stm32f10x_usart.o(i.USART_GetFlagStatus)
    USART_GetITStatus                        0x08003ad5   Thumb Code    84  stm32f10x_usart.o(i.USART_GetITStatus)
    USART_ITConfig                           0x08003b29   Thumb Code    74  stm32f10x_usart.o(i.USART_ITConfig)
    USART_Init                               0x08003b75   Thumb Code   210  stm32f10x_usart.o(i.USART_Init)
    USART_ReceiveData                        0x08003c4d   Thumb Code    10  stm32f10x_usart.o(i.USART_ReceiveData)
    USART_SendData                           0x08003c57   Thumb Code     8  stm32f10x_usart.o(i.USART_SendData)
    UsageFault_Handler                       0x08003c5f   Thumb Code     4  stm32f10x_it.o(i.UsageFault_Handler)
    UsartDeal                                0x08003c65   Thumb Code    36  main.o(i.UsartDeal)
    __ARM_fpclassify                         0x08003ca1   Thumb Code    40  fpclassify.o(i.__ARM_fpclassify)
    __ieee754_rem_pio2                       0x08003cc9   Thumb Code   828  rred.o(i.__ieee754_rem_pio2)
    __kernel_cos                             0x08004051   Thumb Code   230  cos_i.o(i.__kernel_cos)
    __kernel_poly                            0x0800414d   Thumb Code   170  poly.o(i.__kernel_poly)
    __kernel_sin                             0x080041f9   Thumb Code   224  sin_i.o(i.__kernel_sin)
    __mathlib_dbl_infnan                     0x080042e5   Thumb Code     6  dunder.o(i.__mathlib_dbl_infnan)
    __mathlib_dbl_invalid                    0x080042eb   Thumb Code    12  dunder.o(i.__mathlib_dbl_invalid)
    __mathlib_dbl_underflow                  0x080042f9   Thumb Code    10  dunder.o(i.__mathlib_dbl_underflow)
    _electricalAngle                         0x08004309   Thumb Code    56  foc.o(i._electricalAngle)
    _is_digit                                0x08004345   Thumb Code    14  __printf_wp.o(i._is_digit)
    _normalizeAngle                          0x08004355   Thumb Code    74  foc.o(i._normalizeAngle)
    cos                                      0x080043a9   Thumb Code   148  cos.o(i.cos)
    floor                                    0x08004469   Thumb Code   204  floor.o(i.floor)
    fmod                                     0x08004545   Thumb Code   144  fmod.o(i.fmod)
    get_Angle                                0x080045d9   Thumb Code   116  as5600.o(i.get_Angle)
    get_Angle_2PI                            0x0800465d   Thumb Code    44  as5600.o(i.get_Angle_2PI)
    get_Speed                                0x08004699   Thumb Code   112  as5600.o(i.get_Speed)
    main                                     0x080047d3   Thumb Code    32  main.o(i.main)
    round                                    0x080047f5   Thumb Code   136  round.o(i.round)
    setPWM                                   0x08004889   Thumb Code   390  foc.o(i.setPWM)
    setTorque                                0x08004a19   Thumb Code   468  foc.o(i.setTorque)
    sin                                      0x08004bf5   Thumb Code   150  sin.o(i.sin)
    sqrt                                     0x08004c95   Thumb Code    76  sqrt.o(i.sqrt)
    task_10ms                                0x08004ce1   Thumb Code   100  main.o(i.task_10ms)
    _get_lc_numeric                          0x08004d55   Thumb Code    44  lc_numeric_c.o(locale$$code)
    _get_lc_ctype                            0x08004d81   Thumb Code    44  lc_ctype_c.o(locale$$code)
    __aeabi_d2f                              0x08004dad   Thumb Code     0  d2f.o(x$fpl$d2f)
    _d2f                                     0x08004dad   Thumb Code    98  d2f.o(x$fpl$d2f)
    __aeabi_dadd                             0x08004e11   Thumb Code     0  daddsub_clz.o(x$fpl$dadd)
    _dadd                                    0x08004e11   Thumb Code   332  daddsub_clz.o(x$fpl$dadd)
    __fpl_dcheck_NaN1                        0x08004f61   Thumb Code    10  dcheck1.o(x$fpl$dcheck1)
    __fpl_dcmp_Inf                           0x08004f71   Thumb Code    24  dcmpi.o(x$fpl$dcmpinf)
    __aeabi_ddiv                             0x08004f89   Thumb Code     0  ddiv.o(x$fpl$ddiv)
    _ddiv                                    0x08004f89   Thumb Code   552  ddiv.o(x$fpl$ddiv)
    __aeabi_d2iz                             0x08005239   Thumb Code     0  dfix.o(x$fpl$dfix)
    _dfix                                    0x08005239   Thumb Code    94  dfix.o(x$fpl$dfix)
    __aeabi_d2uiz                            0x08005299   Thumb Code     0  dfixu.o(x$fpl$dfixu)
    _dfixu                                   0x08005299   Thumb Code    90  dfixu.o(x$fpl$dfixu)
    __aeabi_i2d                              0x080052f3   Thumb Code     0  dflt_clz.o(x$fpl$dflt)
    _dflt                                    0x080052f3   Thumb Code    46  dflt_clz.o(x$fpl$dflt)
    __aeabi_ui2d                             0x08005321   Thumb Code     0  dflt_clz.o(x$fpl$dfltu)
    _dfltu                                   0x08005321   Thumb Code    38  dflt_clz.o(x$fpl$dfltu)
    __aeabi_cdcmple                          0x08005349   Thumb Code     0  dleqf.o(x$fpl$dleqf)
    _dcmple                                  0x08005349   Thumb Code   120  dleqf.o(x$fpl$dleqf)
    __fpl_dcmple_InfNaN                      0x080053ab   Thumb Code     0  dleqf.o(x$fpl$dleqf)
    __aeabi_dmul                             0x080053c1   Thumb Code     0  dmul.o(x$fpl$dmul)
    _dmul                                    0x080053c1   Thumb Code   332  dmul.o(x$fpl$dmul)
    __fpl_dnaninf                            0x08005515   Thumb Code   156  dnaninf.o(x$fpl$dnaninf)
    _drem                                    0x080055b1   Thumb Code   328  drem_clz.o(x$fpl$drem)
    __fpl_dretinf                            0x08005701   Thumb Code    12  dretinf.o(x$fpl$dretinf)
    __aeabi_cdrcmple                         0x0800570d   Thumb Code     0  drleqf.o(x$fpl$drleqf)
    _drcmple                                 0x0800570d   Thumb Code   108  drleqf.o(x$fpl$drleqf)
    _drnd                                    0x08005779   Thumb Code   180  drnd.o(x$fpl$drnd)
    __aeabi_drsub                            0x0800582d   Thumb Code     0  daddsub_clz.o(x$fpl$drsb)
    _drsb                                    0x0800582d   Thumb Code    22  daddsub_clz.o(x$fpl$drsb)
    _dsqrt                                   0x08005845   Thumb Code   456  dsqrt_noumaal.o(x$fpl$dsqrt)
    __aeabi_dsub                             0x08005a11   Thumb Code     0  daddsub_clz.o(x$fpl$dsub)
    _dsub                                    0x08005a11   Thumb Code   464  daddsub_clz.o(x$fpl$dsub)
    __aeabi_f2d                              0x08005be5   Thumb Code     0  f2d.o(x$fpl$f2d)
    _f2d                                     0x08005be5   Thumb Code    86  f2d.o(x$fpl$f2d)
    __aeabi_fadd                             0x08005c3d   Thumb Code     0  faddsub_clz.o(x$fpl$fadd)
    _fadd                                    0x08005c3d   Thumb Code   196  faddsub_clz.o(x$fpl$fadd)
    __fpl_fcmp_Inf                           0x08005d01   Thumb Code    24  fcmpi.o(x$fpl$fcmpinf)
    __aeabi_fdiv                             0x08005d19   Thumb Code     0  fdiv.o(x$fpl$fdiv)
    _fdiv                                    0x08005d19   Thumb Code   384  fdiv.o(x$fpl$fdiv)
    __aeabi_f2iz                             0x08005e9d   Thumb Code     0  ffix.o(x$fpl$ffix)
    _ffix                                    0x08005e9d   Thumb Code    54  ffix.o(x$fpl$ffix)
    __aeabi_f2uiz                            0x08005ed5   Thumb Code     0  ffixu.o(x$fpl$ffixu)
    _ffixu                                   0x08005ed5   Thumb Code    62  ffixu.o(x$fpl$ffixu)
    __aeabi_i2f                              0x08005f15   Thumb Code     0  fflt_clz.o(x$fpl$fflt)
    _fflt                                    0x08005f15   Thumb Code    48  fflt_clz.o(x$fpl$fflt)
    __aeabi_ui2f                             0x08005f45   Thumb Code     0  fflt_clz.o(x$fpl$ffltu)
    _ffltu                                   0x08005f45   Thumb Code    38  fflt_clz.o(x$fpl$ffltu)
    __aeabi_cfcmple                          0x08005f6d   Thumb Code     0  fleqf.o(x$fpl$fleqf)
    _fcmple                                  0x08005f6d   Thumb Code   104  fleqf.o(x$fpl$fleqf)
    __fpl_fcmple_InfNaN                      0x08005fbf   Thumb Code     0  fleqf.o(x$fpl$fleqf)
    __aeabi_fmul                             0x08005fd5   Thumb Code     0  fmul.o(x$fpl$fmul)
    _fmul                                    0x08005fd5   Thumb Code   258  fmul.o(x$fpl$fmul)
    __fpl_fnaninf                            0x080060d7   Thumb Code   140  fnaninf.o(x$fpl$fnaninf)
    __fpl_fretinf                            0x08006163   Thumb Code    10  fretinf.o(x$fpl$fretinf)
    __aeabi_cfrcmple                         0x0800616d   Thumb Code     0  frleqf.o(x$fpl$frleqf)
    _frcmple                                 0x0800616d   Thumb Code    98  frleqf.o(x$fpl$frleqf)
    __aeabi_fsub                             0x080061d1   Thumb Code     0  faddsub_clz.o(x$fpl$fsub)
    _fsub                                    0x080061d1   Thumb Code   234  faddsub_clz.o(x$fpl$fsub)
    _printf_fp_dec                           0x080062bb   Thumb Code     4  printf1.o(x$fpl$printf1)
    _printf_fp_hex                           0x080062bf   Thumb Code     4  printf2.o(x$fpl$printf2)
    __fpl_return_NaN                         0x080062c3   Thumb Code   100  retnan.o(x$fpl$retnan)
    __ARM_scalbn                             0x08006327   Thumb Code    92  scalbn.o(x$fpl$scalbn)
    __fpl_cmpreturn                          0x08006383   Thumb Code    48  trapv.o(x$fpl$trapveneer)
    __I$use$fp                               0x080063b2   Number         0  usenofp.o(x$fpl$usenofp)
    rtConstP                                 0x080063b2   Data           7  foc_motor_data.o(.constdata)
    OLED_F8x16                               0x080063b9   Data        1520  oled_data.o(.constdata)
    OLED_F6x8                                0x080069a9   Data         570  oled_data.o(.constdata)
    OLED_CF16x16                             0x08006be3   Data         259  oled_data.o(.constdata)
    Diode                                    0x08006ce6   Data          32  oled_data.o(.constdata)
    Region$$Table$$Base                      0x08006f2c   Number         0  anon$$obj.o(Region$$Table)
    Region$$Table$$Limit                     0x08006f4c   Number         0  anon$$obj.o(Region$$Table)
    __ctype                                  0x08006f75   Data           0  lc_ctype_c.o(locale$$data)
    Cos_Table                                0x20000014   Data         200  ehb_motor_data.o(.data)
    Sin_BreakPoint                           0x200000dc   Data         400  ehb_motor_data.o(.data)
    Sin_Table                                0x2000026c   Data         200  ehb_motor_data.o(.data)
    flag10ms_cnt                             0x20000334   Data           2  timer.o(.data)
    flag20ms_cnt                             0x20000336   Data           1  timer.o(.data)
    Key_Num                                  0x20000337   Data           1  key.o(.data)
    full_rotations                           0x2000033c   Data           4  as5600.o(.data)
    angle_prev                               0x20000340   Data           4  as5600.o(.data)
    vel_angle_prev                           0x20000344   Data           4  as5600.o(.data)
    angle_prev_Velocity                      0x20000348   Data           4  as5600.o(.data)
    vel_angle_prev_Velocity                  0x2000034c   Data           4  as5600.o(.data)
    angle_prev_ts                            0x20000350   Data           4  as5600.o(.data)
    vel_angle_prev_ts                        0x20000354   Data           4  as5600.o(.data)
    Serial_RxData                            0x20000358   Data           1  serial.o(.data)
    Serial_RxFlag                            0x20000359   Data           1  serial.o(.data)
    i                                        0x2000035a   Data           2  main.o(.data)
    task_10                                  0x2000035c   Data           2  main.o(.data)
    task_20                                  0x2000035e   Data           2  main.o(.data)
    KeyNum                                   0x20000360   Data           1  main.o(.data)
    Control_10msFlag                         0x20000361   Data           1  main.o(.data)
    Control_20msFlag                         0x20000362   Data           1  main.o(.data)
    pwm_a                                    0x20000364   Data           2  main.o(.data)
    pwm_b                                    0x20000366   Data           2  main.o(.data)
    pwm_c                                    0x20000368   Data           2  main.o(.data)
    rtDWork                                  0x20000370   Data         112  foc_motor.o(.bss)
    rtU                                      0x200003e0   Data          20  foc_motor.o(.bss)
    rtY                                      0x200003f4   Data          12  foc_motor.o(.bss)
    Low_pass                                 0x20000400   Data          80  dataif.o(.bss)
    OLED_DisplayBuf                          0x20000450   Data        1024  oled.o(.bss)
    SVPWM_Parame                             0x20000850   Data          52  focparam.o(.bss)
    FOC_Parame                               0x20000884   Data          84  focparam.o(.bss)
    pid_angle                                0x200008d8   Data          52  focparam.o(.bss)
    pid_speed                                0x2000090c   Data          52  focparam.o(.bss)
    __libspace_start                         0x20000940   Data          96  libspace.o(.bss)
    __temporary_stack_top$libspace           0x200009a0   Data           0  libspace.o(.bss)



==============================================================================

Memory Map of the image

  Image Entry point : 0x080000ed

  Load Region LR_IROM1 (Base: 0x08000000, Size: 0x000073e4, Max: 0x00010000, ABSOLUTE, COMPRESSED[0x000073b0])

    Execution Region ER_IROM1 (Exec base: 0x08000000, Load base: 0x08000000, Size: 0x00007078, Max: 0x00010000, ABSOLUTE)

    Exec Addr    Load Addr    Size         Type   Attr      Idx    E Section Name        Object

    0x08000000   0x08000000   0x000000ec   Data   RO            3    RESET               startup_stm32f10x_md.o
    0x080000ec   0x080000ec   0x00000008   Code   RO         4330  * !!!main             c_w.l(__main.o)
    0x080000f4   0x080000f4   0x00000034   Code   RO         4837    !!!scatter          c_w.l(__scatter.o)
    0x08000128   0x08000128   0x00000064   Code   RO         4835    !!dclz77c           c_w.l(__dclz77c.o)
    0x0800018c   0x0800018c   0x0000001c   Code   RO         4839    !!handler_zi        c_w.l(__scatter_zi.o)
    0x080001a8   0x080001a8   0x00000000   Code   RO         4528    .ARM.Collect$$_printf_percent$$00000000  c_w.l(_printf_percent.o)
    0x080001a8   0x080001a8   0x00000006   Code   RO         4517    .ARM.Collect$$_printf_percent$$00000001  c_w.l(_printf_n.o)
    0x080001ae   0x080001ae   0x00000006   Code   RO         4519    .ARM.Collect$$_printf_percent$$00000002  c_w.l(_printf_p.o)
    0x080001b4   0x080001b4   0x00000006   Code   RO         4524    .ARM.Collect$$_printf_percent$$00000003  c_w.l(_printf_f.o)
    0x080001ba   0x080001ba   0x00000006   Code   RO         4525    .ARM.Collect$$_printf_percent$$00000004  c_w.l(_printf_e.o)
    0x080001c0   0x080001c0   0x00000006   Code   RO         4526    .ARM.Collect$$_printf_percent$$00000005  c_w.l(_printf_g.o)
    0x080001c6   0x080001c6   0x00000006   Code   RO         4527    .ARM.Collect$$_printf_percent$$00000006  c_w.l(_printf_a.o)
    0x080001cc   0x080001cc   0x0000000a   Code   RO         4532    .ARM.Collect$$_printf_percent$$00000007  c_w.l(_printf_ll.o)
    0x080001d6   0x080001d6   0x00000006   Code   RO         4521    .ARM.Collect$$_printf_percent$$00000008  c_w.l(_printf_i.o)
    0x080001dc   0x080001dc   0x00000006   Code   RO         4522    .ARM.Collect$$_printf_percent$$00000009  c_w.l(_printf_d.o)
    0x080001e2   0x080001e2   0x00000006   Code   RO         4523    .ARM.Collect$$_printf_percent$$0000000A  c_w.l(_printf_u.o)
    0x080001e8   0x080001e8   0x00000006   Code   RO         4520    .ARM.Collect$$_printf_percent$$0000000B  c_w.l(_printf_o.o)
    0x080001ee   0x080001ee   0x00000006   Code   RO         4518    .ARM.Collect$$_printf_percent$$0000000C  c_w.l(_printf_x.o)
    0x080001f4   0x080001f4   0x00000006   Code   RO         4529    .ARM.Collect$$_printf_percent$$0000000D  c_w.l(_printf_lli.o)
    0x080001fa   0x080001fa   0x00000006   Code   RO         4530    .ARM.Collect$$_printf_percent$$0000000E  c_w.l(_printf_lld.o)
    0x08000200   0x08000200   0x00000006   Code   RO         4531    .ARM.Collect$$_printf_percent$$0000000F  c_w.l(_printf_llu.o)
    0x08000206   0x08000206   0x00000006   Code   RO         4536    .ARM.Collect$$_printf_percent$$00000010  c_w.l(_printf_llo.o)
    0x0800020c   0x0800020c   0x00000006   Code   RO         4537    .ARM.Collect$$_printf_percent$$00000011  c_w.l(_printf_llx.o)
    0x08000212   0x08000212   0x0000000a   Code   RO         4533    .ARM.Collect$$_printf_percent$$00000012  c_w.l(_printf_l.o)
    0x0800021c   0x0800021c   0x00000006   Code   RO         4515    .ARM.Collect$$_printf_percent$$00000013  c_w.l(_printf_c.o)
    0x08000222   0x08000222   0x00000006   Code   RO         4516    .ARM.Collect$$_printf_percent$$00000014  c_w.l(_printf_s.o)
    0x08000228   0x08000228   0x00000006   Code   RO         4534    .ARM.Collect$$_printf_percent$$00000015  c_w.l(_printf_lc.o)
    0x0800022e   0x0800022e   0x00000006   Code   RO         4535    .ARM.Collect$$_printf_percent$$00000016  c_w.l(_printf_ls.o)
    0x08000234   0x08000234   0x00000004   Code   RO         4639    .ARM.Collect$$_printf_percent$$00000017  c_w.l(_printf_percent_end.o)
    0x08000238   0x08000238   0x00000002   Code   RO         4697    .ARM.Collect$$libinit$$00000000  c_w.l(libinit.o)
    0x0800023a   0x0800023a   0x00000000   Code   RO         4708    .ARM.Collect$$libinit$$00000002  c_w.l(libinit2.o)
    0x0800023a   0x0800023a   0x00000000   Code   RO         4710    .ARM.Collect$$libinit$$00000004  c_w.l(libinit2.o)
    0x0800023a   0x0800023a   0x00000000   Code   RO         4713    .ARM.Collect$$libinit$$0000000A  c_w.l(libinit2.o)
    0x0800023a   0x0800023a   0x00000000   Code   RO         4715    .ARM.Collect$$libinit$$0000000C  c_w.l(libinit2.o)
    0x0800023a   0x0800023a   0x00000000   Code   RO         4717    .ARM.Collect$$libinit$$0000000E  c_w.l(libinit2.o)
    0x0800023a   0x0800023a   0x00000006   Code   RO         4718    .ARM.Collect$$libinit$$0000000F  c_w.l(libinit2.o)
    0x08000240   0x08000240   0x00000000   Code   RO         4720    .ARM.Collect$$libinit$$00000011  c_w.l(libinit2.o)
    0x08000240   0x08000240   0x0000000c   Code   RO         4721    .ARM.Collect$$libinit$$00000012  c_w.l(libinit2.o)
    0x0800024c   0x0800024c   0x00000000   Code   RO         4722    .ARM.Collect$$libinit$$00000013  c_w.l(libinit2.o)
    0x0800024c   0x0800024c   0x00000000   Code   RO         4724    .ARM.Collect$$libinit$$00000015  c_w.l(libinit2.o)
    0x0800024c   0x0800024c   0x0000000a   Code   RO         4725    .ARM.Collect$$libinit$$00000016  c_w.l(libinit2.o)
    0x08000256   0x08000256   0x00000000   Code   RO         4726    .ARM.Collect$$libinit$$00000017  c_w.l(libinit2.o)
    0x08000256   0x08000256   0x00000000   Code   RO         4728    .ARM.Collect$$libinit$$00000019  c_w.l(libinit2.o)
    0x08000256   0x08000256   0x00000000   Code   RO         4730    .ARM.Collect$$libinit$$0000001B  c_w.l(libinit2.o)
    0x08000256   0x08000256   0x00000000   Code   RO         4732    .ARM.Collect$$libinit$$0000001D  c_w.l(libinit2.o)
    0x08000256   0x08000256   0x00000000   Code   RO         4734    .ARM.Collect$$libinit$$0000001F  c_w.l(libinit2.o)
    0x08000256   0x08000256   0x00000000   Code   RO         4736    .ARM.Collect$$libinit$$00000021  c_w.l(libinit2.o)
    0x08000256   0x08000256   0x00000000   Code   RO         4738    .ARM.Collect$$libinit$$00000023  c_w.l(libinit2.o)
    0x08000256   0x08000256   0x00000000   Code   RO         4740    .ARM.Collect$$libinit$$00000025  c_w.l(libinit2.o)
    0x08000256   0x08000256   0x00000000   Code   RO         4744    .ARM.Collect$$libinit$$0000002C  c_w.l(libinit2.o)
    0x08000256   0x08000256   0x00000000   Code   RO         4746    .ARM.Collect$$libinit$$0000002E  c_w.l(libinit2.o)
    0x08000256   0x08000256   0x00000000   Code   RO         4748    .ARM.Collect$$libinit$$00000030  c_w.l(libinit2.o)
    0x08000256   0x08000256   0x00000000   Code   RO         4750    .ARM.Collect$$libinit$$00000032  c_w.l(libinit2.o)
    0x08000256   0x08000256   0x00000002   Code   RO         4751    .ARM.Collect$$libinit$$00000033  c_w.l(libinit2.o)
    0x08000258   0x08000258   0x00000002   Code   RO         4775    .ARM.Collect$$libshutdown$$00000000  c_w.l(libshutdown.o)
    0x0800025a   0x0800025a   0x00000000   Code   RO         4788    .ARM.Collect$$libshutdown$$00000002  c_w.l(libshutdown2.o)
    0x0800025a   0x0800025a   0x00000000   Code   RO         4790    .ARM.Collect$$libshutdown$$00000004  c_w.l(libshutdown2.o)
    0x0800025a   0x0800025a   0x00000000   Code   RO         4793    .ARM.Collect$$libshutdown$$00000007  c_w.l(libshutdown2.o)
    0x0800025a   0x0800025a   0x00000000   Code   RO         4796    .ARM.Collect$$libshutdown$$0000000A  c_w.l(libshutdown2.o)
    0x0800025a   0x0800025a   0x00000000   Code   RO         4798    .ARM.Collect$$libshutdown$$0000000C  c_w.l(libshutdown2.o)
    0x0800025a   0x0800025a   0x00000000   Code   RO         4801    .ARM.Collect$$libshutdown$$0000000F  c_w.l(libshutdown2.o)
    0x0800025a   0x0800025a   0x00000002   Code   RO         4802    .ARM.Collect$$libshutdown$$00000010  c_w.l(libshutdown2.o)
    0x0800025c   0x0800025c   0x00000000   Code   RO         4444    .ARM.Collect$$rtentry$$00000000  c_w.l(__rtentry.o)
    0x0800025c   0x0800025c   0x00000000   Code   RO         4605    .ARM.Collect$$rtentry$$00000002  c_w.l(__rtentry2.o)
    0x0800025c   0x0800025c   0x00000006   Code   RO         4617    .ARM.Collect$$rtentry$$00000004  c_w.l(__rtentry4.o)
    0x08000262   0x08000262   0x00000000   Code   RO         4607    .ARM.Collect$$rtentry$$00000009  c_w.l(__rtentry2.o)
    0x08000262   0x08000262   0x00000004   Code   RO         4608    .ARM.Collect$$rtentry$$0000000A  c_w.l(__rtentry2.o)
    0x08000266   0x08000266   0x00000000   Code   RO         4610    .ARM.Collect$$rtentry$$0000000C  c_w.l(__rtentry2.o)
    0x08000266   0x08000266   0x00000008   Code   RO         4611    .ARM.Collect$$rtentry$$0000000D  c_w.l(__rtentry2.o)
    0x0800026e   0x0800026e   0x00000002   Code   RO         4702    .ARM.Collect$$rtexit$$00000000  c_w.l(rtexit.o)
    0x08000270   0x08000270   0x00000000   Code   RO         4755    .ARM.Collect$$rtexit$$00000002  c_w.l(rtexit2.o)
    0x08000270   0x08000270   0x00000004   Code   RO         4756    .ARM.Collect$$rtexit$$00000003  c_w.l(rtexit2.o)
    0x08000274   0x08000274   0x00000006   Code   RO         4757    .ARM.Collect$$rtexit$$00000004  c_w.l(rtexit2.o)
    0x0800027a   0x0800027a   0x00000002   PAD
    0x0800027c   0x0800027c   0x00000040   Code   RO            4    .text               startup_stm32f10x_md.o
    0x080002bc   0x080002bc   0x00000024   Code   RO         4324    .text               c_w.l(vsprintf.o)
    0x080002e0   0x080002e0   0x00000080   Code   RO         4326    .text               c_w.l(strcmpv7m.o)
    0x08000360   0x08000360   0x00000006   Code   RO         4328    .text               c_w.l(heapauxi.o)
    0x08000366   0x08000366   0x00000016   Code   RO         4445    .text               c_w.l(_rserrno.o)
    0x0800037c   0x0800037c   0x0000004e   Code   RO         4449    .text               c_w.l(_printf_pad.o)
    0x080003ca   0x080003ca   0x00000024   Code   RO         4451    .text               c_w.l(_printf_truncate.o)
    0x080003ee   0x080003ee   0x00000052   Code   RO         4453    .text               c_w.l(_printf_str.o)
    0x08000440   0x08000440   0x00000078   Code   RO         4455    .text               c_w.l(_printf_dec.o)
    0x080004b8   0x080004b8   0x00000028   Code   RO         4457    .text               c_w.l(_printf_charcount.o)
    0x080004e0   0x080004e0   0x00000030   Code   RO         4459    .text               c_w.l(_printf_char_common.o)
    0x08000510   0x08000510   0x0000000a   Code   RO         4461    .text               c_w.l(_sputc.o)
    0x0800051a   0x0800051a   0x00000002   PAD
    0x0800051c   0x0800051c   0x000000bc   Code   RO         4463    .text               c_w.l(_printf_wctomb.o)
    0x080005d8   0x080005d8   0x0000007c   Code   RO         4466    .text               c_w.l(_printf_longlong_dec.o)
    0x08000654   0x08000654   0x00000070   Code   RO         4472    .text               c_w.l(_printf_oct_int_ll.o)
    0x080006c4   0x080006c4   0x00000094   Code   RO         4492    .text               c_w.l(_printf_hex_int_ll_ptr.o)
    0x08000758   0x08000758   0x00000188   Code   RO         4512    .text               c_w.l(__printf_flags_ss_wp.o)
    0x080008e0   0x080008e0   0x00000008   Code   RO         4622    .text               c_w.l(rt_errno_addr_intlibspace.o)
    0x080008e8   0x080008e8   0x0000008a   Code   RO         4624    .text               c_w.l(lludiv10.o)
    0x08000972   0x08000972   0x000000b2   Code   RO         4626    .text               c_w.l(_printf_intcommon.o)
    0x08000a24   0x08000a24   0x0000041e   Code   RO         4628    .text               c_w.l(_printf_fp_dec.o)
    0x08000e42   0x08000e42   0x00000002   PAD
    0x08000e44   0x08000e44   0x000002fc   Code   RO         4630    .text               c_w.l(_printf_fp_hex.o)
    0x08001140   0x08001140   0x0000002c   Code   RO         4635    .text               c_w.l(_printf_char.o)
    0x0800116c   0x0800116c   0x0000002c   Code   RO         4637    .text               c_w.l(_printf_wchar.o)
    0x08001198   0x08001198   0x00000040   Code   RO         4640    .text               c_w.l(_wcrtomb.o)
    0x080011d8   0x080011d8   0x00000008   Code   RO         4648    .text               c_w.l(libspace.o)
    0x080011e0   0x080011e0   0x0000004a   Code   RO         4651    .text               c_w.l(sys_stackheap_outer.o)
    0x0800122a   0x0800122a   0x00000002   PAD
    0x0800122c   0x0800122c   0x00000010   Code   RO         4653    .text               c_w.l(rt_ctype_table.o)
    0x0800123c   0x0800123c   0x00000008   Code   RO         4658    .text               c_w.l(rt_locale_intlibspace.o)
    0x08001244   0x08001244   0x00000080   Code   RO         4660    .text               c_w.l(_printf_fp_infnan.o)
    0x080012c4   0x080012c4   0x000000e4   Code   RO         4662    .text               c_w.l(bigflt0.o)
    0x080013a8   0x080013a8   0x00000012   Code   RO         4690    .text               c_w.l(exit.o)
    0x080013ba   0x080013ba   0x00000002   PAD
    0x080013bc   0x080013bc   0x0000000c   Code   RO         4767    .text               c_w.l(sys_exit.o)
    0x080013c8   0x080013c8   0x00000002   Code   RO         4778    .text               c_w.l(use_no_semi.o)
    0x080013ca   0x080013ca   0x00000000   Code   RO         4780    .text               c_w.l(indicate_semi.o)
    0x080013ca   0x080013ca   0x0000003e   Code   RO         4665    CL$$btod_d2e        c_w.l(btod.o)
    0x08001408   0x08001408   0x00000046   Code   RO         4667    CL$$btod_d2e_denorm_low  c_w.l(btod.o)
    0x0800144e   0x0800144e   0x00000060   Code   RO         4666    CL$$btod_d2e_norm_op1  c_w.l(btod.o)
    0x080014ae   0x080014ae   0x00000338   Code   RO         4675    CL$$btod_div_common  c_w.l(btod.o)
    0x080017e6   0x080017e6   0x000000dc   Code   RO         4672    CL$$btod_e2e        c_w.l(btod.o)
    0x080018c2   0x080018c2   0x0000002a   Code   RO         4669    CL$$btod_ediv       c_w.l(btod.o)
    0x080018ec   0x080018ec   0x0000002a   Code   RO         4668    CL$$btod_emul       c_w.l(btod.o)
    0x08001916   0x08001916   0x00000244   Code   RO         4674    CL$$btod_mult_common  c_w.l(btod.o)
    0x08001b5a   0x08001b5a   0x00000016   Code   RO          202    i.ADC_Cmd           stm32f10x_adc.o
    0x08001b70   0x08001b70   0x00000014   Code   RO          210    i.ADC_GetCalibrationStatus  stm32f10x_adc.o
    0x08001b84   0x08001b84   0x00000014   Code   RO          216    i.ADC_GetResetCalibrationStatus  stm32f10x_adc.o
    0x08001b98   0x08001b98   0x00000050   Code   RO          220    i.ADC_Init          stm32f10x_adc.o
    0x08001be8   0x08001be8   0x0000000a   Code   RO          225    i.ADC_ResetCalibration  stm32f10x_adc.o
    0x08001bf2   0x08001bf2   0x0000000a   Code   RO          229    i.ADC_StartCalibration  stm32f10x_adc.o
    0x08001bfc   0x08001bfc   0x00000032   Code   RO         3859    i.AS5600_GetData    as5600.o
    0x08001c2e   0x08001c2e   0x00000008   Code   RO         3860    i.AS5600_Init       as5600.o
    0x08001c36   0x08001c36   0x0000003e   Code   RO         3861    i.AS5600_ReadReg    as5600.o
    0x08001c74   0x08001c74   0x00000034   Code   RO         4194    i.Bsw_Init          main.o
    0x08001ca8   0x08001ca8   0x00000004   Code   RO         4259    i.BusFault_Handler  stm32f10x_it.o
    0x08001cac   0x08001cac   0x00000002   Code   RO         4260    i.DebugMon_Handler  stm32f10x_it.o
    0x08001cae   0x08001cae   0x00000018   Code   RO         3304    i.Delay_ms          delay.o
    0x08001cc6   0x08001cc6   0x0000002e   Code   RO         3306    i.Delay_us          delay.o
    0x08001cf4   0x08001cf4   0x00000050   Code   RO         4163    i.FOCPARAM_init     focparam.o
    0x08001d44   0x08001d44   0x00000050   Code   RO         4052    i.FOC_AS5600_Init   foc.o
    0x08001d94   0x08001d94   0x0000001c   Code   RO         4053    i.FOC_Init          foc.o
    0x08001db0   0x08001db0   0x00000002   Code   RO         3245    i.FOC_Motor_initialize  foc_motor.o
    0x08001db2   0x08001db2   0x00000002   PAD
    0x08001db4   0x08001db4   0x00000774   Code   RO         3246    i.FOC_Motor_step    foc_motor.o
    0x08002528   0x08002528   0x00000116   Code   RO         1347    i.GPIO_Init         stm32f10x_gpio.o
    0x0800263e   0x0800263e   0x00000012   Code   RO         1351    i.GPIO_ReadInputDataBit  stm32f10x_gpio.o
    0x08002650   0x08002650   0x00000004   Code   RO         1354    i.GPIO_ResetBits    stm32f10x_gpio.o
    0x08002654   0x08002654   0x00000004   Code   RO         1355    i.GPIO_SetBits      stm32f10x_gpio.o
    0x08002658   0x08002658   0x0000000a   Code   RO         1358    i.GPIO_WriteBit     stm32f10x_gpio.o
    0x08002662   0x08002662   0x00000004   Code   RO         4261    i.HardFault_Handler  stm32f10x_it.o
    0x08002666   0x08002666   0x00000002   PAD
    0x08002668   0x08002668   0x00000090   Code   RO         4195    i.KeyDeal           main.o
    0x080026f8   0x080026f8   0x0000001c   Code   RO         3756    i.Key_GetNum        key.o
    0x08002714   0x08002714   0x00000044   Code   RO         3757    i.Key_GetState      key.o
    0x08002758   0x08002758   0x0000002c   Code   RO         3758    i.Key_Init          key.o
    0x08002784   0x08002784   0x00000050   Code   RO         3759    i.Key_Tick          key.o
    0x080027d4   0x080027d4   0x0000001c   Code   RO         4196    i.LEDDeal           main.o
    0x080027f0   0x080027f0   0x00000034   Code   RO         3472    i.LED_Init          led.o
    0x08002824   0x08002824   0x00000014   Code   RO         3473    i.LED_OFF           led.o
    0x08002838   0x08002838   0x00000014   Code   RO         3474    i.LED_ON            led.o
    0x0800284c   0x0800284c   0x00000054   Code   RO         3441    i.LOWPass_Filter    dataif.o
    0x080028a0   0x080028a0   0x00000034   Code   RO         3443    i.MBD_APIIN         dataif.o
    0x080028d4   0x080028d4   0x00000004   Code   RO         4262    i.MemManage_Handler  stm32f10x_it.o
    0x080028d8   0x080028d8   0x00000038   Code   RO         3862    i.MyI2C_Init        as5600.o
    0x08002910   0x08002910   0x0000001c   Code   RO         3863    i.MyI2C_R_SDA       as5600.o
    0x0800292c   0x0800292c   0x0000001e   Code   RO         3864    i.MyI2C_ReceiveAck  as5600.o
    0x0800294a   0x0800294a   0x00000034   Code   RO         3865    i.MyI2C_ReceiveByte  as5600.o
    0x0800297e   0x0800297e   0x00000018   Code   RO         3866    i.MyI2C_SendAck     as5600.o
    0x08002996   0x08002996   0x0000002a   Code   RO         3867    i.MyI2C_SendByte    as5600.o
    0x080029c0   0x080029c0   0x0000001c   Code   RO         3868    i.MyI2C_Start       as5600.o
    0x080029dc   0x080029dc   0x00000016   Code   RO         3869    i.MyI2C_Stop        as5600.o
    0x080029f2   0x080029f2   0x00000002   PAD
    0x080029f4   0x080029f4   0x0000001c   Code   RO         3870    i.MyI2C_W_SCL       as5600.o
    0x08002a10   0x08002a10   0x0000001c   Code   RO         3871    i.MyI2C_W_SDA       as5600.o
    0x08002a2c   0x08002a2c   0x00000002   Code   RO         4263    i.NMI_Handler       stm32f10x_it.o
    0x08002a2e   0x08002a2e   0x00000028   Code   RO         3353    i.NVIC_Config       sys.o
    0x08002a56   0x08002a56   0x00000002   PAD
    0x08002a58   0x08002a58   0x00000070   Code   RO          137    i.NVIC_Init         misc.o
    0x08002ac8   0x08002ac8   0x00000014   Code   RO          138    i.NVIC_PriorityGroupConfig  misc.o
    0x08002adc   0x08002adc   0x0000002c   Code   RO         4197    i.OLEDDeal          main.o
    0x08002b08   0x08002b08   0x00000028   Code   RO         3502    i.OLED_Clear        oled.o
    0x08002b30   0x08002b30   0x00000090   Code   RO         3503    i.OLED_ClearArea    oled.o
    0x08002bc0   0x08002bc0   0x00000060   Code   RO         3511    i.OLED_GPIO_Init    oled.o
    0x08002c20   0x08002c20   0x0000003e   Code   RO         3513    i.OLED_I2C_SendByte  oled.o
    0x08002c5e   0x08002c5e   0x0000001c   Code   RO         3514    i.OLED_I2C_Start    oled.o
    0x08002c7a   0x08002c7a   0x00000016   Code   RO         3515    i.OLED_I2C_Stop     oled.o
    0x08002c90   0x08002c90   0x0000009a   Code   RO         3516    i.OLED_Init         oled.o
    0x08002d2a   0x08002d2a   0x00000014   Code   RO         3518    i.OLED_Pow          oled.o
    0x08002d3e   0x08002d3e   0x00000022   Code   RO         3522    i.OLED_SetCursor    oled.o
    0x08002d60   0x08002d60   0x00000054   Code   RO         3524    i.OLED_ShowChar     oled.o
    0x08002db4   0x08002db4   0x000000d2   Code   RO         3525    i.OLED_ShowFloatNum  oled.o
    0x08002e86   0x08002e86   0x00000002   PAD
    0x08002e88   0x08002e88   0x000000fc   Code   RO         3527    i.OLED_ShowImage    oled.o
    0x08002f84   0x08002f84   0x0000004c   Code   RO         3528    i.OLED_ShowNum      oled.o
    0x08002fd0   0x08002fd0   0x00000028   Code   RO         3531    i.OLED_Update       oled.o
    0x08002ff8   0x08002ff8   0x00000018   Code   RO         3533    i.OLED_W_SCL        oled.o
    0x08003010   0x08003010   0x00000018   Code   RO         3534    i.OLED_W_SDA        oled.o
    0x08003028   0x08003028   0x00000020   Code   RO         3535    i.OLED_WriteCommand  oled.o
    0x08003048   0x08003048   0x0000002e   Code   RO         3536    i.OLED_WriteData    oled.o
    0x08003076   0x08003076   0x00000002   PAD
    0x08003078   0x08003078   0x0000005c   Code   RO         4164    i.PID_init          focparam.o
    0x080030d4   0x080030d4   0x000000c4   Code   RO         3810    i.PWMFOC_Init       pwm.o
    0x08003198   0x08003198   0x00000014   Code   RO         3811    i.PWM_SetCompare1   pwm.o
    0x080031ac   0x080031ac   0x00000014   Code   RO         3812    i.PWM_SetCompare2   pwm.o
    0x080031c0   0x080031c0   0x00000014   Code   RO         3813    i.PWM_SetCompare3   pwm.o
    0x080031d4   0x080031d4   0x00000002   Code   RO         4264    i.PendSV_Handler    stm32f10x_it.o
    0x080031d6   0x080031d6   0x00000002   PAD
    0x080031d8   0x080031d8   0x00000018   Code   RO         1773    i.RCC_ADCCLKConfig  stm32f10x_rcc.o
    0x080031f0   0x080031f0   0x00000020   Code   RO         1775    i.RCC_APB1PeriphClockCmd  stm32f10x_rcc.o
    0x08003210   0x08003210   0x00000020   Code   RO         1777    i.RCC_APB2PeriphClockCmd  stm32f10x_rcc.o
    0x08003230   0x08003230   0x000000d4   Code   RO         1785    i.RCC_GetClocksFreq  stm32f10x_rcc.o
    0x08003304   0x08003304   0x000000ac   Code   RO         3793    i.RP_Init           rp.o
    0x080033b0   0x080033b0   0x00000002   Code   RO         4265    i.SVC_Handler       stm32f10x_it.o
    0x080033b2   0x080033b2   0x00000002   PAD
    0x080033b4   0x080033b4   0x00000090   Code   RO         3975    i.Serial_Init       serial.o
    0x08003444   0x08003444   0x00000024   Code   RO         3977    i.Serial_Printf     serial.o
    0x08003468   0x08003468   0x00000020   Code   RO         3979    i.Serial_SendByte   serial.o
    0x08003488   0x08003488   0x0000001a   Code   RO         3981    i.Serial_SendString  serial.o
    0x080034a2   0x080034a2   0x00000008   Code   RO           24    i.SetSysClock       system_stm32f10x.o
    0x080034aa   0x080034aa   0x00000002   PAD
    0x080034ac   0x080034ac   0x000000e0   Code   RO           25    i.SetSysClockTo72   system_stm32f10x.o
    0x0800358c   0x0800358c   0x00000002   Code   RO         4266    i.SysTick_Handler   stm32f10x_it.o
    0x0800358e   0x0800358e   0x00000002   PAD
    0x08003590   0x08003590   0x00000060   Code   RO           27    i.SystemInit        system_stm32f10x.o
    0x080035f0   0x080035f0   0x0000007c   Code   RO         3328    i.TIM2_IRQHandler   timer.o
    0x0800366c   0x0800366c   0x00000018   Code   RO         2409    i.TIM_ARRPreloadConfig  stm32f10x_tim.o
    0x08003684   0x08003684   0x00000006   Code   RO         2415    i.TIM_ClearFlag     stm32f10x_tim.o
    0x0800368a   0x0800368a   0x00000006   Code   RO         2416    i.TIM_ClearITPendingBit  stm32f10x_tim.o
    0x08003690   0x08003690   0x00000018   Code   RO         2421    i.TIM_Cmd           stm32f10x_tim.o
    0x080036a8   0x080036a8   0x0000001e   Code   RO         2423    i.TIM_CtrlPWMOutputs  stm32f10x_tim.o
    0x080036c6   0x080036c6   0x00000022   Code   RO         2442    i.TIM_GetITStatus   stm32f10x_tim.o
    0x080036e8   0x080036e8   0x00000012   Code   RO         2446    i.TIM_ITConfig      stm32f10x_tim.o
    0x080036fa   0x080036fa   0x0000000c   Code   RO         2448    i.TIM_InternalClockConfig  stm32f10x_tim.o
    0x08003706   0x08003706   0x00000002   PAD
    0x08003708   0x08003708   0x00000098   Code   RO         2450    i.TIM_OC1Init       stm32f10x_tim.o
    0x080037a0   0x080037a0   0x00000012   Code   RO         2453    i.TIM_OC1PreloadConfig  stm32f10x_tim.o
    0x080037b2   0x080037b2   0x00000002   PAD
    0x080037b4   0x080037b4   0x000000a4   Code   RO         2455    i.TIM_OC2Init       stm32f10x_tim.o
    0x08003858   0x08003858   0x0000001a   Code   RO         2458    i.TIM_OC2PreloadConfig  stm32f10x_tim.o
    0x08003872   0x08003872   0x00000002   PAD
    0x08003874   0x08003874   0x000000a0   Code   RO         2460    i.TIM_OC3Init       stm32f10x_tim.o
    0x08003914   0x08003914   0x00000012   Code   RO         2463    i.TIM_OC3PreloadConfig  stm32f10x_tim.o
    0x08003926   0x08003926   0x00000004   Code   RO         2482    i.TIM_SetCompare1   stm32f10x_tim.o
    0x0800392a   0x0800392a   0x00000004   Code   RO         2483    i.TIM_SetCompare2   stm32f10x_tim.o
    0x0800392e   0x0800392e   0x00000004   Code   RO         2484    i.TIM_SetCompare3   stm32f10x_tim.o
    0x08003932   0x08003932   0x00000002   PAD
    0x08003934   0x08003934   0x000000a4   Code   RO         2492    i.TIM_TimeBaseInit  stm32f10x_tim.o
    0x080039d8   0x080039d8   0x00000074   Code   RO         3329    i.Timer_Init        timer.o
    0x08003a4c   0x08003a4c   0x00000038   Code   RO         3982    i.USART2_IRQHandler  serial.o
    0x08003a84   0x08003a84   0x0000001e   Code   RO         2957    i.USART_ClearITPendingBit  stm32f10x_usart.o
    0x08003aa2   0x08003aa2   0x00000018   Code   RO         2960    i.USART_Cmd         stm32f10x_usart.o
    0x08003aba   0x08003aba   0x0000001a   Code   RO         2963    i.USART_GetFlagStatus  stm32f10x_usart.o
    0x08003ad4   0x08003ad4   0x00000054   Code   RO         2964    i.USART_GetITStatus  stm32f10x_usart.o
    0x08003b28   0x08003b28   0x0000004a   Code   RO         2966    i.USART_ITConfig    stm32f10x_usart.o
    0x08003b72   0x08003b72   0x00000002   PAD
    0x08003b74   0x08003b74   0x000000d8   Code   RO         2967    i.USART_Init        stm32f10x_usart.o
    0x08003c4c   0x08003c4c   0x0000000a   Code   RO         2974    i.USART_ReceiveData  stm32f10x_usart.o
    0x08003c56   0x08003c56   0x00000008   Code   RO         2977    i.USART_SendData    stm32f10x_usart.o
    0x08003c5e   0x08003c5e   0x00000004   Code   RO         4267    i.UsageFault_Handler  stm32f10x_it.o
    0x08003c62   0x08003c62   0x00000002   PAD
    0x08003c64   0x08003c64   0x0000003c   Code   RO         4199    i.UsartDeal         main.o
    0x08003ca0   0x08003ca0   0x00000028   Code   RO         4644    i.__ARM_fpclassify  m_ws.l(fpclassify.o)
    0x08003cc8   0x08003cc8   0x00000388   Code   RO         4593    i.__ieee754_rem_pio2  m_ws.l(rred.o)
    0x08004050   0x08004050   0x000000fc   Code   RO         4575    i.__kernel_cos      m_ws.l(cos_i.o)
    0x0800414c   0x0800414c   0x000000aa   Code   RO         4646    i.__kernel_poly     m_ws.l(poly.o)
    0x080041f6   0x080041f6   0x00000002   PAD
    0x080041f8   0x080041f8   0x000000ec   Code   RO         4598    i.__kernel_sin      m_ws.l(sin_i.o)
    0x080042e4   0x080042e4   0x00000006   Code   RO         4579    i.__mathlib_dbl_infnan  m_ws.l(dunder.o)
    0x080042ea   0x080042ea   0x0000000c   Code   RO         4581    i.__mathlib_dbl_invalid  m_ws.l(dunder.o)
    0x080042f6   0x080042f6   0x00000002   PAD
    0x080042f8   0x080042f8   0x00000010   Code   RO         4584    i.__mathlib_dbl_underflow  m_ws.l(dunder.o)
    0x08004308   0x08004308   0x0000003c   Code   RO         4059    i._electricalAngle  foc.o
    0x08004344   0x08004344   0x0000000e   Code   RO         4505    i._is_digit         c_w.l(__printf_wp.o)
    0x08004352   0x08004352   0x00000002   PAD
    0x08004354   0x08004354   0x00000054   Code   RO         4060    i._normalizeAngle   foc.o
    0x080043a8   0x080043a8   0x0000009c   Code   RO         4407    i.cos               m_ws.l(cos.o)
    0x08004444   0x08004444   0x00000024   Code   RO         3247    i.div_nde_s32_floor  foc_motor.o
    0x08004468   0x08004468   0x000000dc   Code   RO         4415    i.floor             m_ws.l(floor.o)
    0x08004544   0x08004544   0x00000094   Code   RO         4419    i.fmod              m_ws.l(fmod.o)
    0x080045d8   0x080045d8   0x00000084   Code   RO         3872    i.get_Angle         as5600.o
    0x0800465c   0x0800465c   0x0000003c   Code   RO         3873    i.get_Angle_2PI     as5600.o
    0x08004698   0x08004698   0x00000084   Code   RO         3875    i.get_Speed         as5600.o
    0x0800471c   0x0800471c   0x000000b6   Code   RO         3248    i.look1_iflfts16Df_binlc  foc_motor.o
    0x080047d2   0x080047d2   0x00000020   Code   RO         4200    i.main              main.o
    0x080047f2   0x080047f2   0x00000002   PAD
    0x080047f4   0x080047f4   0x00000094   Code   RO         4426    i.round             m_ws.l(round.o)
    0x08004888   0x08004888   0x00000190   Code   RO         4062    i.setPWM            foc.o
    0x08004a18   0x08004a18   0x000001dc   Code   RO         4063    i.setTorque         foc.o
    0x08004bf4   0x08004bf4   0x000000a0   Code   RO         4429    i.sin               m_ws.l(sin.o)
    0x08004c94   0x08004c94   0x0000004c   Code   RO         4437    i.sqrt              m_ws.l(sqrt.o)
    0x08004ce0   0x08004ce0   0x00000074   Code   RO         4201    i.task_10ms         main.o
    0x08004d54   0x08004d54   0x0000002c   Code   RO         4688    locale$$code        c_w.l(lc_numeric_c.o)
    0x08004d80   0x08004d80   0x0000002c   Code   RO         4705    locale$$code        c_w.l(lc_ctype_c.o)
    0x08004dac   0x08004dac   0x00000062   Code   RO         4332    x$fpl$d2f           fz_ws.l(d2f.o)
    0x08004e0e   0x08004e0e   0x00000002   PAD
    0x08004e10   0x08004e10   0x00000150   Code   RO         4334    x$fpl$dadd          fz_ws.l(daddsub_clz.o)
    0x08004f60   0x08004f60   0x00000010   Code   RO         4698    x$fpl$dcheck1       fz_ws.l(dcheck1.o)
    0x08004f70   0x08004f70   0x00000018   Code   RO         4538    x$fpl$dcmpinf       fz_ws.l(dcmpi.o)
    0x08004f88   0x08004f88   0x000002b0   Code   RO         4341    x$fpl$ddiv          fz_ws.l(ddiv.o)
    0x08005238   0x08005238   0x0000005e   Code   RO         4344    x$fpl$dfix          fz_ws.l(dfix.o)
    0x08005296   0x08005296   0x00000002   PAD
    0x08005298   0x08005298   0x0000005a   Code   RO         4348    x$fpl$dfixu         fz_ws.l(dfixu.o)
    0x080052f2   0x080052f2   0x0000002e   Code   RO         4353    x$fpl$dflt          fz_ws.l(dflt_clz.o)
    0x08005320   0x08005320   0x00000026   Code   RO         4352    x$fpl$dfltu         fz_ws.l(dflt_clz.o)
    0x08005346   0x08005346   0x00000002   PAD
    0x08005348   0x08005348   0x00000078   Code   RO         4358    x$fpl$dleqf         fz_ws.l(dleqf.o)
    0x080053c0   0x080053c0   0x00000154   Code   RO         4360    x$fpl$dmul          fz_ws.l(dmul.o)
    0x08005514   0x08005514   0x0000009c   Code   RO         4540    x$fpl$dnaninf       fz_ws.l(dnaninf.o)
    0x080055b0   0x080055b0   0x00000150   Code   RO         4542    x$fpl$drem          fz_ws.l(drem_clz.o)
    0x08005700   0x08005700   0x0000000c   Code   RO         4544    x$fpl$dretinf       fz_ws.l(dretinf.o)
    0x0800570c   0x0800570c   0x0000006c   Code   RO         4362    x$fpl$drleqf        fz_ws.l(drleqf.o)
    0x08005778   0x08005778   0x000000b4   Code   RO         4546    x$fpl$drnd          fz_ws.l(drnd.o)
    0x0800582c   0x0800582c   0x00000016   Code   RO         4335    x$fpl$drsb          fz_ws.l(daddsub_clz.o)
    0x08005842   0x08005842   0x00000002   PAD
    0x08005844   0x08005844   0x000001cc   Code   RO         4548    x$fpl$dsqrt         fz_ws.l(dsqrt_noumaal.o)
    0x08005a10   0x08005a10   0x000001d4   Code   RO         4336    x$fpl$dsub          fz_ws.l(daddsub_clz.o)
    0x08005be4   0x08005be4   0x00000056   Code   RO         4364    x$fpl$f2d           fz_ws.l(f2d.o)
    0x08005c3a   0x08005c3a   0x00000002   PAD
    0x08005c3c   0x08005c3c   0x000000c4   Code   RO         4366    x$fpl$fadd          fz_ws.l(faddsub_clz.o)
    0x08005d00   0x08005d00   0x00000018   Code   RO         4550    x$fpl$fcmpinf       fz_ws.l(fcmpi.o)
    0x08005d18   0x08005d18   0x00000184   Code   RO         4373    x$fpl$fdiv          fz_ws.l(fdiv.o)
    0x08005e9c   0x08005e9c   0x00000036   Code   RO         4378    x$fpl$ffix          fz_ws.l(ffix.o)
    0x08005ed2   0x08005ed2   0x00000002   PAD
    0x08005ed4   0x08005ed4   0x0000003e   Code   RO         4382    x$fpl$ffixu         fz_ws.l(ffixu.o)
    0x08005f12   0x08005f12   0x00000002   PAD
    0x08005f14   0x08005f14   0x00000030   Code   RO         4387    x$fpl$fflt          fz_ws.l(fflt_clz.o)
    0x08005f44   0x08005f44   0x00000026   Code   RO         4386    x$fpl$ffltu         fz_ws.l(fflt_clz.o)
    0x08005f6a   0x08005f6a   0x00000002   PAD
    0x08005f6c   0x08005f6c   0x00000068   Code   RO         4392    x$fpl$fleqf         fz_ws.l(fleqf.o)
    0x08005fd4   0x08005fd4   0x00000102   Code   RO         4394    x$fpl$fmul          fz_ws.l(fmul.o)
    0x080060d6   0x080060d6   0x0000008c   Code   RO         4552    x$fpl$fnaninf       fz_ws.l(fnaninf.o)
    0x08006162   0x08006162   0x0000000a   Code   RO         4554    x$fpl$fretinf       fz_ws.l(fretinf.o)
    0x0800616c   0x0800616c   0x00000062   Code   RO         4396    x$fpl$frleqf        fz_ws.l(frleqf.o)
    0x080061ce   0x080061ce   0x00000002   PAD
    0x080061d0   0x080061d0   0x000000ea   Code   RO         4368    x$fpl$fsub          fz_ws.l(faddsub_clz.o)
    0x080062ba   0x080062ba   0x00000004   Code   RO         4556    x$fpl$printf1       fz_ws.l(printf1.o)
    0x080062be   0x080062be   0x00000004   Code   RO         4558    x$fpl$printf2       fz_ws.l(printf2.o)
    0x080062c2   0x080062c2   0x00000064   Code   RO         4752    x$fpl$retnan        fz_ws.l(retnan.o)
    0x08006326   0x08006326   0x0000005c   Code   RO         4642    x$fpl$scalbn        fz_ws.l(scalbn.o)
    0x08006382   0x08006382   0x00000030   Code   RO         4765    x$fpl$trapveneer    fz_ws.l(trapv.o)
    0x080063b2   0x080063b2   0x00000000   Code   RO         4564    x$fpl$usenofp       fz_ws.l(usenofp.o)
    0x080063b2   0x080063b2   0x00000007   Data   RO         3291    .constdata          foc_motor_data.o
    0x080063b9   0x080063b9   0x0000094d   Data   RO         3744    .constdata          oled_data.o
    0x08006d06   0x08006d06   0x00000002   PAD
    0x08006d08   0x08006d08   0x00000008   Data   RO         4464    .constdata          c_w.l(_printf_wctomb.o)
    0x08006d10   0x08006d10   0x00000028   Data   RO         4493    .constdata          c_w.l(_printf_hex_int_ll_ptr.o)
    0x08006d38   0x08006d38   0x00000011   Data   RO         4513    .constdata          c_w.l(__printf_flags_ss_wp.o)
    0x08006d49   0x08006d49   0x00000007   PAD
    0x08006d50   0x08006d50   0x00000030   Data   RO         4576    .constdata          m_ws.l(cos_i.o)
    0x08006d80   0x08006d80   0x000000c8   Data   RO         4595    .constdata          m_ws.l(rred.o)
    0x08006e48   0x08006e48   0x00000028   Data   RO         4599    .constdata          m_ws.l(sin_i.o)
    0x08006e70   0x08006e70   0x00000026   Data   RO         4631    .constdata          c_w.l(_printf_fp_hex.o)
    0x08006e96   0x08006e96   0x00000002   PAD
    0x08006e98   0x08006e98   0x00000094   Data   RO         4663    .constdata          c_w.l(bigflt0.o)
    0x08006f2c   0x08006f2c   0x00000020   Data   RO         4833    Region$$Table       anon$$obj.o
    0x08006f4c   0x08006f4c   0x0000001c   Data   RO         4687    locale$$data        c_w.l(lc_numeric_c.o)
    0x08006f68   0x08006f68   0x00000110   Data   RO         4704    locale$$data        c_w.l(lc_ctype_c.o)


    Execution Region RW_IRAM1 (Exec base: 0x20000000, Load base: 0x08007078, Size: 0x00000fa0, Max: 0x00005000, ABSOLUTE, COMPRESSED[0x00000338])

    Exec Addr    Load Addr    Size         Type   Attr      Idx    E Section Name        Object

    0x20000000   COMPRESSED   0x00000014   Data   RW         1805    .data               stm32f10x_rcc.o
    0x20000014   COMPRESSED   0x00000320   Data   RW         3223    .data               ehb_motor_data.o
    0x20000334   COMPRESSED   0x00000003   Data   RW         3330    .data               timer.o
    0x20000337   COMPRESSED   0x00000004   Data   RW         3760    .data               key.o
    0x2000033b   COMPRESSED   0x00000001   PAD
    0x2000033c   COMPRESSED   0x0000001c   Data   RW         3876    .data               as5600.o
    0x20000358   COMPRESSED   0x00000002   Data   RW         3984    .data               serial.o
    0x2000035a   COMPRESSED   0x00000010   Data   RW         4202    .data               main.o
    0x2000036a   COMPRESSED   0x00000006   PAD
    0x20000370        -       0x00000090   Zero   RW         3249    .bss                foc_motor.o
    0x20000400        -       0x00000050   Zero   RW         3444    .bss                dataif.o
    0x20000450        -       0x00000400   Zero   RW         3538    .bss                oled.o
    0x20000850        -       0x000000f0   Zero   RW         4166    .bss                focparam.o
    0x20000940        -       0x00000060   Zero   RW         4649    .bss                c_w.l(libspace.o)
    0x200009a0        -       0x00000200   Zero   RW            2    HEAP                startup_stm32f10x_md.o
    0x20000ba0        -       0x00000400   Zero   RW            1    STACK               startup_stm32f10x_md.o


==============================================================================

Image component sizes


      Code (inc. data)   RO Data    RW Data    ZI Data      Debug   Object Name

       782         70          0         28          0       7849   as5600.o
         0          0          0          0          0       4532   core_cm3.o
       136         16          0          0         80       1835   dataif.o
        70          0          0          0          0        842   delay.o
         0          0          0        800          0       1841   ehb_motor_data.o
      1128         52          0          0          0       3051   foc.o
      2128         70          0          0        144       5877   foc_motor.o
         0          0          7          0          0       1981   foc_motor_data.o
       172         36          0          0        240       2133   focparam.o
       220         34          0          4          0       2004   key.o
        92         16          0          0          0       1170   led.o
       476         66          0         16          0       3268   main.o
       132         22          0          0          0     213531   misc.o
      1388         42          0          0       1024      10795   oled.o
         0          0       2381          0          0        974   oled_data.o
       256         26          0          0          0       1940   pwm.o
       172         14          0          0          0        546   rp.o
       294         26          0          2          0       2730   serial.o
        64         26        236          0       1536        784   startup_stm32f10x_md.o
       162         10          0          0          0      15470   stm32f10x_adc.o
       314          0          0          0          0      12048   stm32f10x_gpio.o
        26          0          0          0          0       3370   stm32f10x_it.o
       300         38          0         20          0      13201   stm32f10x_rcc.o
       868         82          0          0          0      30057   stm32f10x_tim.o
       472          6          0          0          0      12067   stm32f10x_usart.o
        40          0          0          0          0        426   sys.o
       328         28          0          0          0      44885   system_stm32f10x.o
       240         16          0          3          0       1175   timer.o

    ----------------------------------------------------------------------
     10294        696       2658        876       3028     400382   Object Totals
         0          0         32          0          0          0   (incl. Generated)
        34          0          2          3          4          0   (incl. Padding)

    ----------------------------------------------------------------------

      Code (inc. data)   RO Data    RW Data    ZI Data      Debug   Library Member Name

       100          0          0          0          0          0   __dclz77c.o
         8          0          0          0          0         68   __main.o
       392          4         17          0          0         92   __printf_flags_ss_wp.o
        14          0          0          0          0         68   __printf_wp.o
         0          0          0          0          0          0   __rtentry.o
        12          0          0          0          0          0   __rtentry2.o
         6          0          0          0          0          0   __rtentry4.o
        52          8          0          0          0          0   __scatter.o
        28          0          0          0          0          0   __scatter_zi.o
         6          0          0          0          0          0   _printf_a.o
         6          0          0          0          0          0   _printf_c.o
        44          0          0          0          0        108   _printf_char.o
        48          6          0          0          0         96   _printf_char_common.o
        40          0          0          0          0         68   _printf_charcount.o
         6          0          0          0          0          0   _printf_d.o
       120         16          0          0          0         92   _printf_dec.o
         6          0          0          0          0          0   _printf_e.o
         6          0          0          0          0          0   _printf_f.o
      1054          0          0          0          0        216   _printf_fp_dec.o
       764          8         38          0          0        100   _printf_fp_hex.o
       128         16          0          0          0         84   _printf_fp_infnan.o
         6          0          0          0          0          0   _printf_g.o
       148          4         40          0          0        160   _printf_hex_int_ll_ptr.o
         6          0          0          0          0          0   _printf_i.o
       178          0          0          0          0         88   _printf_intcommon.o
        10          0          0          0          0          0   _printf_l.o
         6          0          0          0          0          0   _printf_lc.o
        10          0          0          0          0          0   _printf_ll.o
         6          0          0          0          0          0   _printf_lld.o
         6          0          0          0          0          0   _printf_lli.o
         6          0          0          0          0          0   _printf_llo.o
         6          0          0          0          0          0   _printf_llu.o
         6          0          0          0          0          0   _printf_llx.o
       124         16          0          0          0         92   _printf_longlong_dec.o
         6          0          0          0          0          0   _printf_ls.o
         6          0          0          0          0          0   _printf_n.o
         6          0          0          0          0          0   _printf_o.o
       112         10          0          0          0        124   _printf_oct_int_ll.o
         6          0          0          0          0          0   _printf_p.o
        78          0          0          0          0        108   _printf_pad.o
         0          0          0          0          0          0   _printf_percent.o
         4          0          0          0          0          0   _printf_percent_end.o
         6          0          0          0          0          0   _printf_s.o
        82          0          0          0          0         80   _printf_str.o
        36          0          0          0          0         84   _printf_truncate.o
         6          0          0          0          0          0   _printf_u.o
        44          0          0          0          0        108   _printf_wchar.o
       188          6          8          0          0         92   _printf_wctomb.o
         6          0          0          0          0          0   _printf_x.o
        22          0          0          0          0        100   _rserrno.o
        10          0          0          0          0         68   _sputc.o
        64          0          0          0          0         92   _wcrtomb.o
       228          4        148          0          0         96   bigflt0.o
      1936        128          0          0          0        672   btod.o
        18          0          0          0          0         80   exit.o
         6          0          0          0          0        152   heapauxi.o
         0          0          0          0          0          0   indicate_semi.o
        44         10        272          0          0         76   lc_ctype_c.o
        44         10         28          0          0         76   lc_numeric_c.o
         2          0          0          0          0          0   libinit.o
        30          0          0          0          0          0   libinit2.o
         2          0          0          0          0          0   libshutdown.o
         2          0          0          0          0          0   libshutdown2.o
         8          4          0          0         96         68   libspace.o
       138          0          0          0          0         80   lludiv10.o
        16          4          0          0          0         76   rt_ctype_table.o
         8          4          0          0          0         68   rt_errno_addr_intlibspace.o
         8          4          0          0          0         68   rt_locale_intlibspace.o
         2          0          0          0          0          0   rtexit.o
        10          0          0          0          0          0   rtexit2.o
       128          0          0          0          0         68   strcmpv7m.o
        12          4          0          0          0         68   sys_exit.o
        74          0          0          0          0         80   sys_stackheap_outer.o
         2          0          0          0          0         68   use_no_semi.o
        36          4          0          0          0         76   vsprintf.o
        98          4          0          0          0         92   d2f.o
       826         16          0          0          0        348   daddsub_clz.o
        16          4          0          0          0         68   dcheck1.o
        24          0          0          0          0         68   dcmpi.o
       688        140          0          0          0        208   ddiv.o
        94          4          0          0          0         92   dfix.o
        90          4          0          0          0         92   dfixu.o
        84          0          0          0          0        136   dflt_clz.o
       120          4          0          0          0         92   dleqf.o
       340         12          0          0          0        104   dmul.o
       156          4          0          0          0         92   dnaninf.o
       336         12          0          0          0         88   drem_clz.o
        12          0          0          0          0         68   dretinf.o
       108          0          0          0          0         80   drleqf.o
       180          4          0          0          0         80   drnd.o
       460         56          0          0          0        120   dsqrt_noumaal.o
        86          4          0          0          0         84   f2d.o
       430          8          0          0          0        168   faddsub_clz.o
        24          0          0          0          0         68   fcmpi.o
       388         76          0          0          0         96   fdiv.o
        54          4          0          0          0         84   ffix.o
        62          4          0          0          0         84   ffixu.o
        86          0          0          0          0        136   fflt_clz.o
       104          4          0          0          0         84   fleqf.o
       258          4          0          0          0         84   fmul.o
       140          4          0          0          0         84   fnaninf.o
        10          0          0          0          0         68   fretinf.o
        98          0          0          0          0         68   frleqf.o
         4          0          0          0          0         68   printf1.o
         4          0          0          0          0         68   printf2.o
       100          0          0          0          0         68   retnan.o
        92          0          0          0          0         68   scalbn.o
        48          0          0          0          0         68   trapv.o
         0          0          0          0          0          0   usenofp.o
       156          8          0          0          0        104   cos.o
       252         22         48          0          0        124   cos_i.o
        34          6          0          0          0        204   dunder.o
       220         16          0          0          0         84   floor.o
       148          4          0          0          0         88   fmod.o
        40          0          0          0          0         68   fpclassify.o
       170          0          0          0          0         96   poly.o
       148         12          0          0          0         88   round.o
       904         76        200          0          0        140   rred.o
       160         10          0          0          0        108   sin.o
       236         12         40          0          0        128   sin_i.o
        76          0          0          0          0         84   sqrt.o

    ----------------------------------------------------------------------
     14992        808        848          0         96       8652   Library Totals
        34          0          9          0          0          0   (incl. Padding)

    ----------------------------------------------------------------------

      Code (inc. data)   RO Data    RW Data    ZI Data      Debug   Library Name

      6794        270        551          0         96       4060   c_w.l
      5620        372          0          0          0       3276   fz_ws.l
      2544        166        288          0          0       1316   m_ws.l

    ----------------------------------------------------------------------
     14992        808        848          0         96       8652   Library Totals

    ----------------------------------------------------------------------

==============================================================================


      Code (inc. data)   RO Data    RW Data    ZI Data      Debug   

     25286       1504       3506        876       3124     397486   Grand Totals
     25286       1504       3506        824       3124     397486   ELF Image Totals (compressed)
     25286       1504       3506        824          0          0   ROM Totals

==============================================================================

    Total RO  Size (Code + RO Data)                28792 (  28.12kB)
    Total RW  Size (RW Data + ZI Data)              4000 (   3.91kB)
    Total ROM Size (Code + RO Data + RW Data)      29616 (  28.92kB)

==============================================================================

